Component: ARM Compiler 5.06 update 6 (build 750) Tool: armlink [4d35ed]

==============================================================================

Section Cross References

    startup_stm32f10x_md.o(STACK) refers (Special) to heapauxi.o(.text) for __use_two_region_memory
    startup_stm32f10x_md.o(HEAP) refers (Special) to heapauxi.o(.text) for __use_two_region_memory
    startup_stm32f10x_md.o(RESET) refers (Special) to heapauxi.o(.text) for __use_two_region_memory
    startup_stm32f10x_md.o(RESET) refers to startup_stm32f10x_md.o(STACK) for __initial_sp
    startup_stm32f10x_md.o(RESET) refers to startup_stm32f10x_md.o(.text) for Reset_Handler
    startup_stm32f10x_md.o(RESET) refers to stm32f10x_it.o(i.NMI_Handler) for NMI_Handler
    startup_stm32f10x_md.o(RESET) refers to stm32f10x_it.o(i.HardFault_Handler) for HardFault_Handler
    startup_stm32f10x_md.o(RESET) refers to stm32f10x_it.o(i.MemManage_Handler) for MemManage_Handler
    startup_stm32f10x_md.o(RESET) refers to stm32f10x_it.o(i.BusFault_Handler) for BusFault_Handler
    startup_stm32f10x_md.o(RESET) refers to stm32f10x_it.o(i.UsageFault_Handler) for UsageFault_Handler
    startup_stm32f10x_md.o(RESET) refers to stm32f10x_it.o(i.SVC_Handler) for SVC_Handler
    startup_stm32f10x_md.o(RESET) refers to stm32f10x_it.o(i.DebugMon_Handler) for DebugMon_Handler
    startup_stm32f10x_md.o(RESET) refers to stm32f10x_it.o(i.PendSV_Handler) for PendSV_Handler
    startup_stm32f10x_md.o(RESET) refers to stm32f10x_it.o(i.SysTick_Handler) for SysTick_Handler
    startup_stm32f10x_md.o(RESET) refers to tim.o(i.TIM3_IRQHandler) for TIM3_IRQHandler
    startup_stm32f10x_md.o(RESET) refers to usart.o(i.USART2_IRQHandler) for USART2_IRQHandler
    startup_stm32f10x_md.o(.text) refers (Special) to heapauxi.o(.text) for __use_two_region_memory
    startup_stm32f10x_md.o(.text) refers to system_stm32f10x.o(i.SystemInit) for SystemInit
    startup_stm32f10x_md.o(.text) refers to __main.o(!!!main) for __main
    startup_stm32f10x_md.o(.text) refers to startup_stm32f10x_md.o(HEAP) for Heap_Mem
    startup_stm32f10x_md.o(.text) refers to startup_stm32f10x_md.o(STACK) for Stack_Mem
    stm32f10x_gpio.o(i.GPIO_AFIODeInit) refers to stm32f10x_rcc.o(i.RCC_APB2PeriphResetCmd) for RCC_APB2PeriphResetCmd
    stm32f10x_gpio.o(i.GPIO_DeInit) refers to stm32f10x_rcc.o(i.RCC_APB2PeriphResetCmd) for RCC_APB2PeriphResetCmd
    stm32f10x_i2c.o(i.I2C_DeInit) refers to stm32f10x_rcc.o(i.RCC_APB1PeriphResetCmd) for RCC_APB1PeriphResetCmd
    stm32f10x_i2c.o(i.I2C_Init) refers to stm32f10x_rcc.o(i.RCC_GetClocksFreq) for RCC_GetClocksFreq
    stm32f10x_rcc.o(i.RCC_GetClocksFreq) refers to stm32f10x_rcc.o(.data) for APBAHBPrescTable
    stm32f10x_rcc.o(i.RCC_WaitForHSEStartUp) refers to stm32f10x_rcc.o(i.RCC_GetFlagStatus) for RCC_GetFlagStatus
    stm32f10x_spi.o(i.I2S_Init) refers to stm32f10x_rcc.o(i.RCC_GetClocksFreq) for RCC_GetClocksFreq
    stm32f10x_spi.o(i.SPI_I2S_DeInit) refers to stm32f10x_rcc.o(i.RCC_APB2PeriphResetCmd) for RCC_APB2PeriphResetCmd
    stm32f10x_spi.o(i.SPI_I2S_DeInit) refers to stm32f10x_rcc.o(i.RCC_APB1PeriphResetCmd) for RCC_APB1PeriphResetCmd
    stm32f10x_tim.o(i.TIM_DeInit) refers to stm32f10x_rcc.o(i.RCC_APB2PeriphResetCmd) for RCC_APB2PeriphResetCmd
    stm32f10x_tim.o(i.TIM_DeInit) refers to stm32f10x_rcc.o(i.RCC_APB1PeriphResetCmd) for RCC_APB1PeriphResetCmd
    stm32f10x_tim.o(i.TIM_ETRClockMode1Config) refers to stm32f10x_tim.o(i.TIM_ETRConfig) for TIM_ETRConfig
    stm32f10x_tim.o(i.TIM_ETRClockMode2Config) refers to stm32f10x_tim.o(i.TIM_ETRConfig) for TIM_ETRConfig
    stm32f10x_tim.o(i.TIM_ICInit) refers to stm32f10x_tim.o(i.TI1_Config) for TI1_Config
    stm32f10x_tim.o(i.TIM_ICInit) refers to stm32f10x_tim.o(i.TIM_SetIC1Prescaler) for TIM_SetIC1Prescaler
    stm32f10x_tim.o(i.TIM_ICInit) refers to stm32f10x_tim.o(i.TI2_Config) for TI2_Config
    stm32f10x_tim.o(i.TIM_ICInit) refers to stm32f10x_tim.o(i.TIM_SetIC2Prescaler) for TIM_SetIC2Prescaler
    stm32f10x_tim.o(i.TIM_ICInit) refers to stm32f10x_tim.o(i.TI3_Config) for TI3_Config
    stm32f10x_tim.o(i.TIM_ICInit) refers to stm32f10x_tim.o(i.TIM_SetIC3Prescaler) for TIM_SetIC3Prescaler
    stm32f10x_tim.o(i.TIM_ICInit) refers to stm32f10x_tim.o(i.TI4_Config) for TI4_Config
    stm32f10x_tim.o(i.TIM_ICInit) refers to stm32f10x_tim.o(i.TIM_SetIC4Prescaler) for TIM_SetIC4Prescaler
    stm32f10x_tim.o(i.TIM_ITRxExternalClockConfig) refers to stm32f10x_tim.o(i.TIM_SelectInputTrigger) for TIM_SelectInputTrigger
    stm32f10x_tim.o(i.TIM_PWMIConfig) refers to stm32f10x_tim.o(i.TI1_Config) for TI1_Config
    stm32f10x_tim.o(i.TIM_PWMIConfig) refers to stm32f10x_tim.o(i.TIM_SetIC1Prescaler) for TIM_SetIC1Prescaler
    stm32f10x_tim.o(i.TIM_PWMIConfig) refers to stm32f10x_tim.o(i.TI2_Config) for TI2_Config
    stm32f10x_tim.o(i.TIM_PWMIConfig) refers to stm32f10x_tim.o(i.TIM_SetIC2Prescaler) for TIM_SetIC2Prescaler
[...]
    ../clib/signal.c                         0x00000000   Number         0  defsig_rtmem_inner.o ABSOLUTE
    ../clib/signal.c                         0x00000000   Number         0  defsig_abrt_inner.o ABSOLUTE
    ../clib/signal.c                         0x00000000   Number         0  defsig_fpe_inner.o ABSOLUTE
    ../clib/signal.c                         0x00000000   Number         0  defsig_stak_inner.o ABSOLUTE
    ../clib/signal.c                         0x00000000   Number         0  defsig_pvfn_inner.o ABSOLUTE
    ../clib/signal.c                         0x00000000   Number         0  defsig_cppl_inner.o ABSOLUTE
    ../clib/signal.c                         0x00000000   Number         0  defsig_segv_inner.o ABSOLUTE
    ../clib/signal.c                         0x00000000   Number         0  defsig_other.o ABSOLUTE
    ../clib/signal.s                         0x00000000   Number         0  defsig.o ABSOLUTE
    ../clib/stdio.c                          0x00000000   Number         0  streamlock.o ABSOLUTE
    ../clib/stdio.c                          0x00000000   Number         0  flsbuf.o ABSOLUTE
    ../clib/stdio.c                          0x00000000   Number         0  fputc.o ABSOLUTE
    ../clib/stdio.c                          0x00000000   Number         0  ferror.o ABSOLUTE
    ../clib/stdio.c                          0x00000000   Number         0  setvbuf.o ABSOLUTE
    ../clib/stdio.c                          0x00000000   Number         0  fflush_locked.o ABSOLUTE
    ../clib/stdio.c                          0x00000000   Number         0  fputs_locked.o ABSOLUTE
    ../clib/stdio.c                          0x00000000   Number         0  fputs.o ABSOLUTE
    ../clib/stdio.c                          0x00000000   Number         0  fflush.o ABSOLUTE
    ../clib/stdio.c                          0x00000000   Number         0  ferror_locked.o ABSOLUTE
    ../clib/stdio.c                          0x00000000   Number         0  setvbuf_locked.o ABSOLUTE
    ../clib/stdio.c                          0x00000000   Number         0  fopen_locked.o ABSOLUTE
    ../clib/stdio.c                          0x00000000   Number         0  ftell.o ABSOLUTE
    ../clib/stdio.c                          0x00000000   Number         0  fwritefast.o ABSOLUTE
    ../clib/stdio.c                          0x00000000   Number         0  fwritefast_locked.o ABSOLUTE
    ../clib/stdio.c                          0x00000000   Number         0  stdio.o ABSOLUTE
    ../clib/stdio.c                          0x00000000   Number         0  fseek.o ABSOLUTE
    ../clib/stdio.c                          0x00000000   Number         0  initio.o ABSOLUTE
    ../clib/stdio.c                          0x00000000   Number         0  fclose.o ABSOLUTE
    ../clib/stdio.c                          0x00000000   Number         0  initio_locked.o ABSOLUTE
    ../clib/stdio.c                          0x00000000   Number         0  fputc_locked.o ABSOLUTE
    ../clib/stdio.c                          0x00000000   Number         0  stdio_streams.o ABSOLUTE
    ../clib/stdio.c                          0x00000000   Number         0  fopen.o ABSOLUTE
    ../clib/stdlib.c                         0x00000000   Number         0  exit.o ABSOLUTE
    ../clib/string.c                         0x00000000   Number         0  strlen.o ABSOLUTE
    ../clib/wchar.c                          0x00000000   Number         0  flsbuf_fwide.o ABSOLUTE
    ../fplib/dfixu.s                         0x00000000   Number         0  dfixu.o ABSOLUTE
    ../fplib/dflt.s                          0x00000000   Number         0  dflt_clz.o ABSOLUTE
    ../fplib/dmul.s                          0x00000000   Number         0  dmul.o ABSOLUTE
    ../fplib/dnaninf.s                       0x00000000   Number         0  dnaninf.o ABSOLUTE
    ../fplib/dretinf.s                       0x00000000   Number         0  dretinf.o ABSOLUTE
    ../fplib/fpinit.s                        0x00000000   Number         0  fpinit.o ABSOLUTE
    ../fplib/usenofp.s                       0x00000000   Number         0  usenofp.o ABSOLUTE
    ..\CORE\core_cm3.c                       0x00000000   Number         0  core_cm3.o ABSOLUTE
    ..\CORE\startup_stm32f10x_md.s           0x00000000   Number         0  startup_stm32f10x_md.o ABSOLUTE
    ..\HARDWARE\24Cxx\24cxx.c                0x00000000   Number         0  24cxx.o ABSOLUTE
    ..\HARDWARE\DWIN\DWIN_APP.c              0x00000000   Number         0  dwin_app.o ABSOLUTE
    ..\HARDWARE\DWIN\DWIN_SET.c              0x00000000   Number         0  dwin_set.o ABSOLUTE
    ..\HARDWARE\IIC\myiic.c                  0x00000000   Number         0  myiic.o ABSOLUTE
    ..\HARDWARE\LED\led.c                    0x00000000   Number         0  led.o ABSOLUTE
    ..\HARDWARE\LORA\lora.c                  0x00000000   Number         0  lora.o ABSOLUTE
    ..\HARDWARE\RELAY\relay.c                0x00000000   Number         0  relay.o ABSOLUTE
    ..\HARDWARE\SX127X\HAL\SX127x_hal.c      0x00000000   Number         0  sx127x_hal.o ABSOLUTE
    ..\HARDWARE\SX127X\example\example_CAD.c 0x00000000   Number         0  example_cad.o ABSOLUTE
    ..\HARDWARE\SX127X\example\example_RX.c  0x00000000   Number         0  example_rx.o ABSOLUTE
    ..\HARDWARE\SX127X\example\example_TX.c  0x00000000   Number         0  example_tx.o ABSOLUTE
    ..\HARDWARE\SX127X\radio\sx127x_driver.c 0x00000000   Number         0  sx127x_driver.o ABSOLUTE
    ..\HARDWARE\TIM\tim.c                    0x00000000   Number         0  tim.o ABSOLUTE
    ..\STM32F10x_FWLib\src\misc.c            0x00000000   Number         0  misc.o ABSOLUTE
    ..\STM32F10x_FWLib\src\stm32f10x_gpio.c  0x00000000   Number         0  stm32f10x_gpio.o ABSOLUTE
    ..\STM32F10x_FWLib\src\stm32f10x_i2c.c   0x00000000   Number         0  stm32f10x_i2c.o ABSOLUTE
    ..\STM32F10x_FWLib\src\stm32f10x_iwdg.c  0x00000000   Number         0  stm32f10x_iwdg.o ABSOLUTE
    ..\STM32F10x_FWLib\src\stm32f10x_rcc.c   0x00000000   Number         0  stm32f10x_rcc.o ABSOLUTE
    ..\STM32F10x_FWLib\src\stm32f10x_spi.c   0x00000000   Number         0  stm32f10x_spi.o ABSOLUTE
    ..\STM32F10x_FWLib\src\stm32f10x_tim.c   0x00000000   Number         0  stm32f10x_tim.o ABSOLUTE
    ..\STM32F10x_FWLib\src\stm32f10x_usart.c 0x00000000   Number         0  stm32f10x_usart.o ABSOLUTE
    ..\SYSTEM\delay\delay.c                  0x00000000   Number         0  delay.o ABSOLUTE
    ..\SYSTEM\sys\sys.c                      0x00000000   Number         0  sys.o ABSOLUTE
    ..\SYSTEM\usart\usart.c                  0x00000000   Number         0  usart.o ABSOLUTE
    ..\\CORE\\core_cm3.c                     0x00000000   Number         0  core_cm3.o ABSOLUTE
    dc.s                                     0x00000000   Number         0  dc.o ABSOLUTE
    main.c                                   0x00000000   Number         0  main.o ABSOLUTE
    stm32f10x_it.c                           0x00000000   Number         0  stm32f10x_it.o ABSOLUTE
    syscfg.c                                 0x00000000   Number         0  syscfg.o ABSOLUTE
    system_stm32f10x.c                       0x00000000   Number         0  system_stm32f10x.o ABSOLUTE
    RESET                                    0x08000000   Section      236  startup_stm32f10x_md.o(RESET)
    !!!main                                  0x080000ec   Section        8  __main.o(!!!main)
    !!!scatter                               0x080000f4   Section       52  __scatter.o(!!!scatter)
    !!dczerorl2                              0x08000128   Section       90  __dczerorl2.o(!!dczerorl2)
    !!handler_zi                             0x08000184   Section       28  __scatter_zi.o(!!handler_zi)
    .ARM.Collect$$libinit$$00000000          0x080001a0   Section        2  libinit.o(.ARM.Collect$$libinit$$00000000)
    .ARM.Collect$$libinit$$00000002          0x080001a2   Section        0  libinit2.o(.ARM.Collect$$libinit$$00000002)
    .ARM.Collect$$libinit$$00000004          0x080001a2   Section        0  libinit2.o(.ARM.Collect$$libinit$$00000004)
    .ARM.Collect$$libinit$$0000000A          0x080001a2   Section        0  libinit2.o(.ARM.Collect$$libinit$$0000000A)
    .ARM.Collect$$libinit$$0000000C          0x080001a2   Section        0  libinit2.o(.ARM.Collect$$libinit$$0000000C)
    .ARM.Collect$$libinit$$0000000E          0x080001a2   Section        0  libinit2.o(.ARM.Collect$$libinit$$0000000E)
    .ARM.Collect$$libinit$$00000011          0x080001a2   Section        0  libinit2.o(.ARM.Collect$$libinit$$00000011)
    .ARM.Collect$$libinit$$00000013          0x080001a2   Section        0  libinit2.o(.ARM.Collect$$libinit$$00000013)
    .ARM.Collect$$libinit$$00000015          0x080001a2   Section        0  libinit2.o(.ARM.Collect$$libinit$$00000015)
    .ARM.Collect$$libinit$$00000017          0x080001a2   Section        0  libinit2.o(.ARM.Collect$$libinit$$00000017)
    .ARM.Collect$$libinit$$00000019          0x080001a2   Section        0  libinit2.o(.ARM.Collect$$libinit$$00000019)
    .ARM.Collect$$libinit$$0000001B          0x080001a2   Section        0  libinit2.o(.ARM.Collect$$libinit$$0000001B)
    .ARM.Collect$$libinit$$0000001D          0x080001a2   Section        0  libinit2.o(.ARM.Collect$$libinit$$0000001D)
    .ARM.Collect$$libinit$$0000001F          0x080001a2   Section        0  libinit2.o(.ARM.Collect$$libinit$$0000001F)
    .ARM.Collect$$libinit$$00000021          0x080001a2   Section        0  libinit2.o(.ARM.Collect$$libinit$$00000021)
    .ARM.Collect$$libinit$$00000023          0x080001a2   Section        0  libinit2.o(.ARM.Collect$$libinit$$00000023)
    .ARM.Collect$$libinit$$00000025          0x080001a2   Section        0  libinit2.o(.ARM.Collect$$libinit$$00000025)
    .ARM.Collect$$libinit$$0000002C          0x080001a2   Section        0  libinit2.o(.ARM.Collect$$libinit$$0000002C)
    .ARM.Collect$$libinit$$0000002E          0x080001a2   Section        0  libinit2.o(.ARM.Collect$$libinit$$0000002E)
    .ARM.Collect$$libinit$$00000030          0x080001a2   Section        0  libinit2.o(.ARM.Collect$$libinit$$00000030)
    .ARM.Collect$$libinit$$00000032          0x080001a2   Section        0  libinit2.o(.ARM.Collect$$libinit$$00000032)
    .ARM.Collect$$libinit$$00000033          0x080001a2   Section        2  libinit2.o(.ARM.Collect$$libinit$$00000033)
    .ARM.Collect$$libshutdown$$00000000      0x080001a4   Section        2  libshutdown.o(.ARM.Collect$$libshutdown$$00000000)
    .ARM.Collect$$libshutdown$$00000002      0x080001a6   Section        0  libshutdown2.o(.ARM.Collect$$libshutdown$$00000002)
    .ARM.Collect$$libshutdown$$00000004      0x080001a6   Section        0  libshutdown2.o(.ARM.Collect$$libshutdown$$00000004)
    .ARM.Collect$$libshutdown$$00000007      0x080001a6   Section        0  libshutdown2.o(.ARM.Collect$$libshutdown$$00000007)
    .ARM.Collect$$libshutdown$$0000000A      0x080001a6   Section        0  libshutdown2.o(.ARM.Collect$$libshutdown$$0000000A)
    .ARM.Collect$$libshutdown$$0000000C      0x080001a6   Section        0  libshutdown2.o(.ARM.Collect$$libshutdown$$0000000C)
    .ARM.Collect$$libshutdown$$0000000F      0x080001a6   Section        0  libshutdown2.o(.ARM.Collect$$libshutdown$$0000000F)
    .ARM.Collect$$libshutdown$$00000010      0x080001a6   Section        2  libshutdown2.o(.ARM.Collect$$libshutdown$$00000010)
    .ARM.Collect$$rtentry$$00000000          0x080001a8   Section        0  __rtentry.o(.ARM.Collect$$rtentry$$00000000)
    .ARM.Collect$$rtentry$$00000002          0x080001a8   Section        0  __rtentry2.o(.ARM.Collect$$rtentry$$00000002)
    .ARM.Collect$$rtentry$$00000004          0x080001a8   Section        6  __rtentry4.o(.ARM.Collect$$rtentry$$00000004)
    .ARM.Collect$$rtentry$$00000009          0x080001ae   Section        0  __rtentry2.o(.ARM.Collect$$rtentry$$00000009)
    .ARM.Collect$$rtentry$$0000000A          0x080001ae   Section        4  __rtentry2.o(.ARM.Collect$$rtentry$$0000000A)
    .ARM.Collect$$rtentry$$0000000C          0x080001b2   Section        0  __rtentry2.o(.ARM.Collect$$rtentry$$0000000C)
    .ARM.Collect$$rtentry$$0000000D          0x080001b2   Section        8  __rtentry2.o(.ARM.Collect$$rtentry$$0000000D)
    .ARM.Collect$$rtexit$$00000000           0x080001ba   Section        2  rtexit.o(.ARM.Collect$$rtexit$$00000000)
    .ARM.Collect$$rtexit$$00000002           0x080001bc   Section        0  rtexit2.o(.ARM.Collect$$rtexit$$00000002)
    .ARM.Collect$$rtexit$$00000003           0x080001bc   Section        4  rtexit2.o(.ARM.Collect$$rtexit$$00000003)
    .ARM.Collect$$rtexit$$00000004           0x080001c0   Section        6  rtexit2.o(.ARM.Collect$$rtexit$$00000004)
    .text                                    0x080001c8   Section       64  startup_stm32f10x_md.o(.text)
    .text                                    0x08000208   Section       78  rt_memclr_w.o(.text)
    .text                                    0x08000256   Section        0  heapauxi.o(.text)
    .text                                    0x0800025c   Section       74  sys_stackheap_outer.o(.text)
    .text                                    0x080002a6   Section        0  exit.o(.text)
    .text                                    0x080002b8   Section        8  libspace.o(.text)
    .text                                    0x080002c0   Section        2  use_no_semi.o(.text)
    .text                                    0x080002c2   Section        0  indicate_semi.o(.text)
    .text                                    0x080002c4   Section        0  sys_exit.o(.text)
    i.AT24CXX_Check                          0x080002d0   Section        0  24cxx.o(i.AT24CXX_Check)
    i.AT24CXX_Init                           0x0800030c   Section        0  24cxx.o(i.AT24CXX_Init)
    i.AT24CXX_ReadOneByte                    0x0800031a   Section        0  24cxx.o(i.AT24CXX_ReadOneByte)
    i.AT24CXX_WriteOneByte                   0x08000360   Section        0  24cxx.o(i.AT24CXX_WriteOneByte)
    i.Addnewdevice                           0x080003a0   Section        0  dwin_app.o(i.Addnewdevice)
    i.Addr_change                            0x080004ec   Section        0  dwin_app.o(i.Addr_change)
    i.BusFault_Handler                       0x080005f0   Section        0  stm32f10x_it.o(i.BusFault_Handler)
    i.DWINPagePicSet                         0x080005f4   Section        0  dwin_set.o(i.DWINPagePicSet)
    i.DWINSendMessage                        0x08000624   Section        0  dwin_set.o(i.DWINSendMessage)
    i.DWIN_Buffer_Analysis                   0x0800065c   Section        0  dwin_app.o(i.DWIN_Buffer_Analysis)
    i.DWIN_init                              0x080006c4   Section        0  dwin_app.o(i.DWIN_init)
    i.DWINchangepage                         0x080006d4   Section        0  dwin_app.o(i.DWINchangepage)
    i.DWINdatadisPlay                        0x0800072c   Section        0  dwin_set.o(i.DWINdatadisPlay)
    i.DWINsenddata                           0x08000768   Section        0  dwin_set.o(i.DWINsenddata)
    i.DWINsendtext                           0x08000790   Section        0  dwin_set.o(i.DWINsendtext)
    i.DWINsettextcolor                       0x080007fc   Section        0  dwin_set.o(i.DWINsettextcolor)
    i.DWINtextclear                          0x08000830   Section        0  dwin_set.o(i.DWINtextclear)
    i.DebugMon_Handler                       0x08000864   Section        0  stm32f10x_it.o(i.DebugMon_Handler)
    i.DeleteOneNode                          0x08000868   Section        0  dwin_app.o(i.DeleteOneNode)
    i.DeviceInfDelete                        0x080008b4   Section        0  syscfg.o(i.DeviceInfDelete)
    i.DeviceInfReadRom                       0x080008dc   Section        0  syscfg.o(i.DeviceInfReadRom)
    i.DeviceInfSaveRom                       0x08000ab4   Section        0  syscfg.o(i.DeviceInfSaveRom)
    i.GPIO_Init                              0x08000b94   Section        0  stm32f10x_gpio.o(i.GPIO_Init)
    i.GPIO_PinRemapConfig                    0x08000cac   Section        0  stm32f10x_gpio.o(i.GPIO_PinRemapConfig)
    i.GPIO_ReadInputDataBit                  0x08000d3c   Section        0  stm32f10x_gpio.o(i.GPIO_ReadInputDataBit)
    i.GPIO_SetBits                           0x08000d4e   Section        0  stm32f10x_gpio.o(i.GPIO_SetBits)
    i.GPIO_WriteBit                          0x08000d52   Section        0  stm32f10x_gpio.o(i.GPIO_WriteBit)
    i.GetTick                                0x08000d5c   Section        0  stm32f10x_it.o(i.GetTick)
    i.HardFault_Handler                      0x08000d68   Section        0  stm32f10x_it.o(i.HardFault_Handler)
    i.IIC_Ack                                0x08000d6c   Section        0  myiic.o(i.IIC_Ack)
    i.IIC_Init                               0x08000dbc   Section        0  myiic.o(i.IIC_Init)
    i.IIC_NAck                               0x08000df4   Section        0  myiic.o(i.IIC_NAck)
    i.IIC_Read_Byte                          0x08000e44   Section        0  myiic.o(i.IIC_Read_Byte)
    i.IIC_Send_Byte                          0x08000eb4   Section        0  myiic.o(i.IIC_Send_Byte)
    i.IIC_Start                              0x08000f1c   Section        0  myiic.o(i.IIC_Start)
    i.IIC_Stop                               0x08000f74   Section        0  myiic.o(i.IIC_Stop)
    i.IIC_Wait_Ack                           0x08000fc8   Section        0  myiic.o(i.IIC_Wait_Ack)
    i.IWDG_Config                            0x08001030   Section        0  tim.o(i.IWDG_Config)
    i.IWDG_Enable                            0x08001054   Section        0  stm32f10x_iwdg.o(i.IWDG_Enable)
    i.IWDG_Feed                              0x08001064   Section        0  tim.o(i.IWDG_Feed)
    i.IWDG_ReloadCounter                     0x0800106c   Section        0  stm32f10x_iwdg.o(i.IWDG_ReloadCounter)
    i.IWDG_SetPrescaler                      0x0800107c   Section        0  stm32f10x_iwdg.o(i.IWDG_SetPrescaler)
    i.IWDG_SetReload                         0x08001088   Section        0  stm32f10x_iwdg.o(i.IWDG_SetReload)
    i.IWDG_WriteAccessCmd                    0x08001094   Section        0  stm32f10x_iwdg.o(i.IWDG_WriteAccessCmd)
    i.LED_Init                               0x080010a0   Section        0  led.o(i.LED_Init)
    i.Lora_callback                          0x080010d8   Section        0  lora.o(i.Lora_callback)
    i.MemManage_Handler                      0x08001360   Section        0  stm32f10x_it.o(i.MemManage_Handler)
    i.NMI_Handler                            0x08001364   Section        0  stm32f10x_it.o(i.NMI_Handler)
    i.NVIC_Init                              0x08001368   Section        0  misc.o(i.NVIC_Init)
    i.NodeInfHandler                         0x080013d8   Section        0  dwin_app.o(i.NodeInfHandler)
    i.NodeInfInit                            0x0800149c   Section        0  syscfg.o(i.NodeInfInit)
    i.OPSTA_Get                              0x080014b0   Section        0  syscfg.o(i.OPSTA_Get)
    i.OPSTA_Set                              0x080014e4   Section        0  syscfg.o(i.OPSTA_Set)
    i.OneNode_Update                         0x08001540   Section        0  dwin_app.o(i.OneNode_Update)
    i.PageNodeList_Update                    0x08001600   Section        0  dwin_app.o(i.PageNodeList_Update)
    i.PageNodelist_Clear                     0x0800173c   Section        0  dwin_app.o(i.PageNodelist_Clear)
    i.PendSV_Handler                         0x080017a0   Section        0  stm32f10x_it.o(i.PendSV_Handler)
    i.RCC_APB1PeriphClockCmd                 0x080017a4   Section        0  stm32f10x_rcc.o(i.RCC_APB1PeriphClockCmd)
    i.RCC_APB1PeriphResetCmd                 0x080017c4   Section        0  stm32f10x_rcc.o(i.RCC_APB1PeriphResetCmd)
    i.RCC_APB2PeriphClockCmd                 0x080017e4   Section        0  stm32f10x_rcc.o(i.RCC_APB2PeriphClockCmd)
    i.RCC_APB2PeriphResetCmd                 0x08001804   Section        0  stm32f10x_rcc.o(i.RCC_APB2PeriphResetCmd)
    i.RCC_GetClocksFreq                      0x08001824   Section        0  stm32f10x_rcc.o(i.RCC_GetClocksFreq)
    i.RELAY_Init                             0x080018f8   Section        0  relay.o(i.RELAY_Init)
    i.Read127xReg                            0x0800198c   Section        0  sx127x_driver.o(i.Read127xReg)
    i.Relay_Set                              0x080019a0   Section        0  relay.o(i.Relay_Set)
    i.SPI_Cmd                                0x08001a04   Section        0  stm32f10x_spi.o(i.SPI_Cmd)
    i.SPI_I2S_GetFlagStatus                  0x08001a1c   Section        0  stm32f10x_spi.o(i.SPI_I2S_GetFlagStatus)
    i.SPI_I2S_ReceiveData                    0x08001a2e   Section        0  stm32f10x_spi.o(i.SPI_I2S_ReceiveData)
    i.SPI_I2S_SendData                       0x08001a34   Section        0  stm32f10x_spi.o(i.SPI_I2S_SendData)
    i.SPI_Init                               0x08001a38   Section        0  stm32f10x_spi.o(i.SPI_Init)
    i.SVC_Handler                            0x08001a74   Section        0  stm32f10x_it.o(i.SVC_Handler)
    i.SX1276HALInit                          0x08001a78   Section        0  sx127x_hal.o(i.SX1276HALInit)
    i.SX1276ReadDio0                         0x08001b14   Section        0  sx127x_hal.o(i.SX1276ReadDio0)
    i.SX1276ReadDio1                         0x08001b28   Section        0  sx127x_hal.o(i.SX1276ReadDio1)
    i.SX1276ReadDio3                         0x08001b3c   Section        0  sx127x_hal.o(i.SX1276ReadDio3)
    i.SX1276ReadDio4                         0x08001b50   Section        0  sx127x_hal.o(i.SX1276ReadDio4)
    i.SX1278ReadBuffer                       0x08001b64   Section        0  sx127x_driver.o(i.SX1278ReadBuffer)
    SX1278ReadBuffer                         0x08001b65   Thumb Code    54  sx127x_driver.o(i.SX1278ReadBuffer)
    i.SX1278WriteBuffer                      0x08001b9a   Section        0  sx127x_driver.o(i.SX1278WriteBuffer)
    SX1278WriteBuffer                        0x08001b9b   Thumb Code    52  sx127x_driver.o(i.SX1278WriteBuffer)
    i.SX127X_ResetPinControl                 0x08001bd0   Section        0  sx127x_hal.o(i.SX127X_ResetPinControl)
    i.SX127xGetOpMode                        0x08001be8   Section        0  sx127x_driver.o(i.SX127xGetOpMode)
    i.SX127xProcess                          0x08001bf8   Section        0  sx127x_driver.o(i.SX127xProcess)
    i.SX127xReadFifo                         0x08001e30   Section        0  sx127x_driver.o(i.SX127xReadFifo)
    i.SX127xSetFrf                           0x08001e44   Section        0  sx127x_driver.o(i.SX127xSetFrf)
    i.SX127xSetLoRaMode                      0x08001e94   Section        0  sx127x_driver.o(i.SX127xSetLoRaMode)
    i.SX127xSetOpMode                        0x08001ec0   Section        0  sx127x_driver.o(i.SX127xSetOpMode)
    i.SX127xSetTxPacket                      0x08001ef0   Section        0  sx127x_driver.o(i.SX127xSetTxPacket)
    SX127xSetTxPacket                        0x08001ef1   Thumb Code   132  sx127x_driver.o(i.SX127xSetTxPacket)
    i.SX127xWriteFifo                        0x08001f7c   Section        0  sx127x_driver.o(i.SX127xWriteFifo)
    i.SetSysClock                            0x08001f8e   Section        0  system_stm32f10x.o(i.SetSysClock)
    SetSysClock                              0x08001f8f   Thumb Code     8  system_stm32f10x.o(i.SetSysClock)
    i.SetSysClockTo72                        0x08001f98   Section        0  system_stm32f10x.o(i.SetSysClockTo72)
    SetSysClockTo72                          0x08001f99   Thumb Code   214  system_stm32f10x.o(i.SetSysClockTo72)
    i.Soft_delay_ms                          0x08002078   Section        0  sx127x_hal.o(i.Soft_delay_ms)
    i.SpiInOut                               0x08002098   Section        0  sx127x_hal.o(i.SpiInOut)
    i.SpiInit                                0x080020c0   Section        0  sx127x_hal.o(i.SpiInit)
    SpiInit                                  0x080020c1   Thumb Code   164  sx127x_hal.o(i.SpiInit)
    i.SpiNSSEnable                           0x08002170   Section        0  sx127x_hal.o(i.SpiNSSEnable)
    i.Sx127xReadRxPackage                    0x08002184   Section        0  sx127x_driver.o(i.Sx127xReadRxPackage)
    Sx127xReadRxPackage                      0x08002185   Thumb Code    36  sx127x_driver.o(i.Sx127xReadRxPackage)
    i.Sx127xRestart                          0x080021a8   Section        0  sx127x_driver.o(i.Sx127xRestart)
    i.Sx127xStartCADCheck                    0x080021d0   Section        0  sx127x_driver.o(i.Sx127xStartCADCheck)
    Sx127xStartCADCheck                      0x080021d1   Thumb Code     8  sx127x_driver.o(i.Sx127xStartCADCheck)
    i.Sx127xStartRx                          0x080021dc   Section        0  sx127x_driver.o(i.Sx127xStartRx)
    Sx127xStartRx                            0x080021dd   Thumb Code    24  sx127x_driver.o(i.Sx127xStartRx)
    i.SysTick_CLKSourceConfig                0x080021fc   Section        0  misc.o(i.SysTick_CLKSourceConfig)
    i.SysTick_Handler                        0x08002224   Section        0  stm32f10x_it.o(i.SysTick_Handler)
    i.SystemInit                             0x08002234   Section        0  system_stm32f10x.o(i.SystemInit)
    i.TIM3_IRQHandler                        0x08002294   Section        0  tim.o(i.TIM3_IRQHandler)
    i.TIM3_Init                              0x080022dc   Section        0  tim.o(i.TIM3_Init)
    i.TIM_ClearITPendingBit                  0x0800233c   Section        0  stm32f10x_tim.o(i.TIM_ClearITPendingBit)
    i.TIM_Cmd                                0x08002342   Section        0  stm32f10x_tim.o(i.TIM_Cmd)
    i.TIM_GetITStatus                        0x0800235a   Section        0  stm32f10x_tim.o(i.TIM_GetITStatus)
    i.TIM_ITConfig                           0x0800237c   Section        0  stm32f10x_tim.o(i.TIM_ITConfig)
    i.TIM_TimeBaseInit                       0x08002390   Section        0  stm32f10x_tim.o(i.TIM_TimeBaseInit)
    i.USART2_IRQHandler                      0x08002434   Section        0  usart.o(i.USART2_IRQHandler)
    i.USART2_Init                            0x08002584   Section        0  usart.o(i.USART2_Init)
    i.USART_ClearFlag                        0x08002638   Section        0  stm32f10x_usart.o(i.USART_ClearFlag)
    i.USART_ClearITPendingBit                0x0800264a   Section        0  stm32f10x_usart.o(i.USART_ClearITPendingBit)
    i.USART_Cmd                              0x08002668   Section        0  stm32f10x_usart.o(i.USART_Cmd)
    i.USART_DeInit                           0x08002680   Section        0  stm32f10x_usart.o(i.USART_DeInit)
    i.USART_GetFlagStatus                    0x0800271c   Section        0  stm32f10x_usart.o(i.USART_GetFlagStatus)
    i.USART_GetITStatus                      0x08002736   Section        0  stm32f10x_usart.o(i.USART_GetITStatus)
    i.USART_ITConfig                         0x0800278a   Section        0  stm32f10x_usart.o(i.USART_ITConfig)
    i.USART_Init                             0x080027d4   Section        0  stm32f10x_usart.o(i.USART_Init)
    i.USART_ReceiveData                      0x080028ac   Section        0  stm32f10x_usart.o(i.USART_ReceiveData)
    i.USART_SendData                         0x080028b6   Section        0  stm32f10x_usart.o(i.USART_SendData)
    i.UsageFault_Handler                     0x080028be   Section        0  stm32f10x_it.o(i.UsageFault_Handler)
    i.Write127xReg                           0x080028c2   Section        0  sx127x_driver.o(i.Write127xReg)
    i.delay_init                             0x080028d4   Section        0  delay.o(i.delay_init)
    i.delay_ms                               0x08002918   Section        0  delay.o(i.delay_ms)
    i.delay_us                               0x08002964   Section        0  delay.o(i.delay_us)
    i.error_tickcount                        0x080029b0   Section        0  tim.o(i.error_tickcount)
    i.lora_init                              0x08002a08   Section        0  lora.o(i.lora_init)
    i.lora_receive                           0x08002a24   Section        0  lora.o(i.lora_receive)
    i.main                                   0x08002aa4   Section        0  main.o(i.main)
    i.nodeBuf_refresh                        0x08002abc   Section        0  dwin_app.o(i.nodeBuf_refresh)
    i.signalerror_check                      0x08002c80   Section        0  syscfg.o(i.signalerror_check)
    i.sx127xInit                             0x08002e70   Section        0  sx127x_driver.o(i.sx127xInit)
    i.systemconfig                           0x08002f7c   Section        0  syscfg.o(i.systemconfig)
    x$fpl$dfixu                              0x08002fc4   Section       90  dfixu.o(x$fpl$dfixu)
    x$fpl$dfltu                              0x0800301e   Section       38  dflt_clz.o(x$fpl$dfltu)
    x$fpl$dmul                               0x08003044   Section      340  dmul.o(x$fpl$dmul)
    x$fpl$dnaninf                            0x08003198   Section      156  dnaninf.o(x$fpl$dnaninf)
    x$fpl$dretinf                            0x08003234   Section       12  dretinf.o(x$fpl$dretinf)
    .constdata                               0x08003240   Section       12  lora.o(.constdata)
    x$fpl$usenofp                            0x08003240   Section        0  usenofp.o(x$fpl$usenofp)
    .data                                    0x20000000   Section       20  stm32f10x_rcc.o(.data)
    APBAHBPrescTable                         0x20000000   Data          16  stm32f10x_rcc.o(.data)
    ADCPrescTable                            0x20000010   Data           4  stm32f10x_rcc.o(.data)
    .data                                    0x20000014   Section        4  delay.o(.data)
    fac_us                                   0x20000014   Data           1  delay.o(.data)
    fac_ms                                   0x20000016   Data           2  delay.o(.data)
    .data                                    0x20000018   Section        7  usart.o(.data)
    Res                                      0x2000001e   Data           1  usart.o(.data)
    .data                                    0x2000001f   Section        1  24cxx.o(.data)
    .data                                    0x20000020   Section        3  lora.o(.data)
    .data                                    0x20000024   Section      324  dwin_app.o(.data)
    .data                                    0x20000168   Section       32  dwin_set.o(.data)
    .data                                    0x20000188   Section        5  tim.o(.data)
    .data                                    0x20000190   Section        4  stm32f10x_it.o(.data)
    .data                                    0x20000194   Section       20  system_stm32f10x.o(.data)
    .data                                    0x200001a8   Section        2  syscfg.o(.data)
    .data                                    0x200001ac   Section       76  sx127x_driver.o(.data)
    u8_SFList                                0x200001c8   Data           7  sx127x_driver.o(.data)
    u8_CRList                                0x200001cf   Data           4  sx127x_driver.o(.data)
    u8_BWList                                0x200001d3   Data          10  sx127x_driver.o(.data)
    softTimeout                              0x200001e0   Data           4  sx127x_driver.o(.data)
    localSettingSave                         0x200001e4   Data          12  sx127x_driver.o(.data)
    loraStatus                               0x200001f0   Data           1  sx127x_driver.o(.data)
    systickBak                               0x200001f4   Data           4  sx127x_driver.o(.data)
    .bss                                     0x200001f8   Section       12  lora.o(.bss)
    .bss                                     0x20000204   Section       30  dwin_set.o(.bss)
    .bss                                     0x20000224   Section     1408  syscfg.o(.bss)
    .bss                                     0x200007a4   Section       96  libspace.o(.bss)
    HEAP                                     0x20000808   Section      512  startup_stm32f10x_md.o(HEAP)
    Heap_Mem                                 0x20000808   Data         512  startup_stm32f10x_md.o(HEAP)
    STACK                                    0x20000a08   Section     1024  startup_stm32f10x_md.o(STACK)
    Stack_Mem                                0x20000a08   Data        1024  startup_stm32f10x_md.o(STACK)
    __initial_sp                             0x20000e08   Data           0  startup_stm32f10x_md.o(STACK)

    Global Symbols

    Symbol Name                              Value     Ov Type        Size  Object(Section)

    BuildAttributes$$THM_ISAv4$P$D$K$B$S$PE$A:L22UL41UL21$X:L11$S22US41US21$IEEE1$IW$USESV6$~STKCKD$USESV7$~SHL$OTIME$ROPI$EBA8$UX$STANDARDLIB$REQ8$PRES8$EABIv2 0x00000000   Number         0  anon$$obj.o ABSOLUTE
    __ARM_use_no_argv                        0x00000000   Number         0  main.o ABSOLUTE
    __ARM_exceptions_init                     - Undefined Weak Reference
    __alloca_initialize                       - Undefined Weak Reference
    __arm_preinit_                            - Undefined Weak Reference
    __cpp_initialize__aeabi_                  - Undefined Weak Reference
    __cxa_finalize                            - Undefined Weak Reference
    __rt_locale                               - Undefined Weak Reference
    __sigvec_lookup                           - Undefined Weak Reference
    __user_heap_extent                        - Undefined Weak Reference
    _atexit_init                              - Undefined Weak Reference
    _call_atexit_fns                          - Undefined Weak Reference
    _clock_init                               - Undefined Weak Reference
    _fp_trap_init                             - Undefined Weak Reference
    _fp_trap_shutdown                         - Undefined Weak Reference
    _get_lc_collate                           - Undefined Weak Reference
    _get_lc_ctype                             - Undefined Weak Reference
    _get_lc_monetary                          - Undefined Weak Reference
    _get_lc_numeric                           - Undefined Weak Reference
    _get_lc_time                              - Undefined Weak Reference
    _getenv_init                              - Undefined Weak Reference
    _handle_redirection                       - Undefined Weak Reference
    _mutex_acquire                            - Undefined Weak Reference
    _mutex_free                               - Undefined Weak Reference
    _mutex_release                            - Undefined Weak Reference
    _printf_mbtowc                            - Undefined Weak Reference
    _printf_post_padding                      - Undefined Weak Reference
    _printf_pre_padding                       - Undefined Weak Reference
    _printf_truncate_signed                   - Undefined Weak Reference
    _printf_truncate_unsigned                 - Undefined Weak Reference
    _rand_init                                - Undefined Weak Reference
    _signal_finish                            - Undefined Weak Reference
    _signal_init                              - Undefined Weak Reference
    __Vectors_Size                           0x000000ec   Number         0  startup_stm32f10x_md.o ABSOLUTE
    __Vectors                                0x08000000   Data           4  startup_stm32f10x_md.o(RESET)
    __Vectors_End                            0x080000ec   Data           0  startup_stm32f10x_md.o(RESET)
    __main                                   0x080000ed   Thumb Code     8  __main.o(!!!main)
    __scatterload                            0x080000f5   Thumb Code     0  __scatter.o(!!!scatter)
    __scatterload_rt2                        0x080000f5   Thumb Code    44  __scatter.o(!!!scatter)
    __scatterload_rt2_thumb_only             0x080000f5   Thumb Code     0  __scatter.o(!!!scatter)
    __scatterload_null                       0x08000103   Thumb Code     0  __scatter.o(!!!scatter)
    __decompress                             0x08000129   Thumb Code    90  __dczerorl2.o(!!dczerorl2)
    __decompress1                            0x08000129   Thumb Code     0  __dczerorl2.o(!!dczerorl2)
    __scatterload_zeroinit                   0x08000185   Thumb Code    28  __scatter_zi.o(!!handler_zi)
    __rt_lib_init                            0x080001a1   Thumb Code     0  libinit.o(.ARM.Collect$$libinit$$00000000)
    __rt_lib_init_alloca_1                   0x080001a3   Thumb Code     0  libinit2.o(.ARM.Collect$$libinit$$0000002E)
    __rt_lib_init_argv_1                     0x080001a3   Thumb Code     0  libinit2.o(.ARM.Collect$$libinit$$0000002C)
    __rt_lib_init_atexit_1                   0x080001a3   Thumb Code     0  libinit2.o(.ARM.Collect$$libinit$$0000001B)
    __rt_lib_init_clock_1                    0x080001a3   Thumb Code     0  libinit2.o(.ARM.Collect$$libinit$$00000021)
    __rt_lib_init_cpp_1                      0x080001a3   Thumb Code     0  libinit2.o(.ARM.Collect$$libinit$$00000032)
    __rt_lib_init_exceptions_1               0x080001a3   Thumb Code     0  libinit2.o(.ARM.Collect$$libinit$$00000030)
    __rt_lib_init_fp_1                       0x080001a3   Thumb Code     0  libinit2.o(.ARM.Collect$$libinit$$00000002)
    __rt_lib_init_fp_trap_1                  0x080001a3   Thumb Code     0  libinit2.o(.ARM.Collect$$libinit$$0000001F)
    __rt_lib_init_getenv_1                   0x080001a3   Thumb Code     0  libinit2.o(.ARM.Collect$$libinit$$00000023)
    __rt_lib_init_heap_1                     0x080001a3   Thumb Code     0  libinit2.o(.ARM.Collect$$libinit$$0000000A)
    __rt_lib_init_lc_collate_1               0x080001a3   Thumb Code     0  libinit2.o(.ARM.Collect$$libinit$$00000011)
    __rt_lib_init_lc_ctype_1                 0x080001a3   Thumb Code     0  libinit2.o(.ARM.Collect$$libinit$$00000013)
    __rt_lib_init_lc_monetary_1              0x080001a3   Thumb Code     0  libinit2.o(.ARM.Collect$$libinit$$00000015)
    __rt_lib_init_lc_numeric_1               0x080001a3   Thumb Code     0  libinit2.o(.ARM.Collect$$libinit$$00000017)
    __rt_lib_init_lc_time_1                  0x080001a3   Thumb Code     0  libinit2.o(.ARM.Collect$$libinit$$00000019)
    __rt_lib_init_preinit_1                  0x080001a3   Thumb Code     0  libinit2.o(.ARM.Collect$$libinit$$00000004)
    __rt_lib_init_rand_1                     0x080001a3   Thumb Code     0  libinit2.o(.ARM.Collect$$libinit$$0000000E)
    __rt_lib_init_return                     0x080001a3   Thumb Code     0  libinit2.o(.ARM.Collect$$libinit$$00000033)
    __rt_lib_init_signal_1                   0x080001a3   Thumb Code     0  libinit2.o(.ARM.Collect$$libinit$$0000001D)
    __rt_lib_init_stdio_1                    0x080001a3   Thumb Code     0  libinit2.o(.ARM.Collect$$libinit$$00000025)
    __rt_lib_init_user_alloc_1               0x080001a3   Thumb Code     0  libinit2.o(.ARM.Collect$$libinit$$0000000C)
    __rt_lib_shutdown                        0x080001a5   Thumb Code     0  libshutdown.o(.ARM.Collect$$libshutdown$$00000000)
    __rt_lib_shutdown_cpp_1                  0x080001a7   Thumb Code     0  libshutdown2.o(.ARM.Collect$$libshutdown$$00000002)
    __rt_lib_shutdown_fp_trap_1              0x080001a7   Thumb Code     0  libshutdown2.o(.ARM.Collect$$libshutdown$$00000007)
    __rt_lib_shutdown_heap_1                 0x080001a7   Thumb Code     0  libshutdown2.o(.ARM.Collect$$libshutdown$$0000000F)
    __rt_lib_shutdown_return                 0x080001a7   Thumb Code     0  libshutdown2.o(.ARM.Collect$$libshutdown$$00000010)
    __rt_lib_shutdown_signal_1               0x080001a7   Thumb Code     0  libshutdown2.o(.ARM.Collect$$libshutdown$$0000000A)
    __rt_lib_shutdown_stdio_1                0x080001a7   Thumb Code     0  libshutdown2.o(.ARM.Collect$$libshutdown$$00000004)
    __rt_lib_shutdown_user_alloc_1           0x080001a7   Thumb Code     0  libshutdown2.o(.ARM.Collect$$libshutdown$$0000000C)
    __rt_entry                               0x080001a9   Thumb Code     0  __rtentry.o(.ARM.Collect$$rtentry$$00000000)
    __rt_entry_presh_1                       0x080001a9   Thumb Code     0  __rtentry2.o(.ARM.Collect$$rtentry$$00000002)
    __rt_entry_sh                            0x080001a9   Thumb Code     0  __rtentry4.o(.ARM.Collect$$rtentry$$00000004)
    __rt_entry_li                            0x080001af   Thumb Code     0  __rtentry2.o(.ARM.Collect$$rtentry$$0000000A)
    __rt_entry_postsh_1                      0x080001af   Thumb Code     0  __rtentry2.o(.ARM.Collect$$rtentry$$00000009)
    __rt_entry_main                          0x080001b3   Thumb Code     0  __rtentry2.o(.ARM.Collect$$rtentry$$0000000D)
    __rt_entry_postli_1                      0x080001b3   Thumb Code     0  __rtentry2.o(.ARM.Collect$$rtentry$$0000000C)
    __rt_exit                                0x080001bb   Thumb Code     0  rtexit.o(.ARM.Collect$$rtexit$$00000000)
    __rt_exit_ls                             0x080001bd   Thumb Code     0  rtexit2.o(.ARM.Collect$$rtexit$$00000003)
    __rt_exit_prels_1                        0x080001bd   Thumb Code     0  rtexit2.o(.ARM.Collect$$rtexit$$00000002)
    __rt_exit_exit                           0x080001c1   Thumb Code     0  rtexit2.o(.ARM.Collect$$rtexit$$00000004)
    Reset_Handler                            0x080001c9   Thumb Code     8  startup_stm32f10x_md.o(.text)
    ADC1_2_IRQHandler                        0x080001e3   Thumb Code     0  startup_stm32f10x_md.o(.text)
    CAN1_RX1_IRQHandler                      0x080001e3   Thumb Code     0  startup_stm32f10x_md.o(.text)
    CAN1_SCE_IRQHandler                      0x080001e3   Thumb Code     0  startup_stm32f10x_md.o(.text)
    DMA1_Channel1_IRQHandler                 0x080001e3   Thumb Code     0  startup_stm32f10x_md.o(.text)
    DMA1_Channel2_IRQHandler                 0x080001e3   Thumb Code     0  startup_stm32f10x_md.o(.text)
    DMA1_Channel3_IRQHandler                 0x080001e3   Thumb Code     0  startup_stm32f10x_md.o(.text)
    DMA1_Channel4_IRQHandler                 0x080001e3   Thumb Code     0  startup_stm32f10x_md.o(.text)
    DMA1_Channel5_IRQHandler                 0x080001e3   Thumb Code     0  startup_stm32f10x_md.o(.text)
    DMA1_Channel6_IRQHandler                 0x080001e3   Thumb Code     0  startup_stm32f10x_md.o(.text)
    DMA1_Channel7_IRQHandler                 0x080001e3   Thumb Code     0  startup_stm32f10x_md.o(.text)
    EXTI0_IRQHandler                         0x080001e3   Thumb Code     0  startup_stm32f10x_md.o(.text)
    EXTI15_10_IRQHandler                     0x080001e3   Thumb Code     0  startup_stm32f10x_md.o(.text)
    EXTI1_IRQHandler                         0x080001e3   Thumb Code     0  startup_stm32f10x_md.o(.text)
    EXTI2_IRQHandler                         0x080001e3   Thumb Code     0  startup_stm32f10x_md.o(.text)
    EXTI3_IRQHandler                         0x080001e3   Thumb Code     0  startup_stm32f10x_md.o(.text)
    EXTI4_IRQHandler                         0x080001e3   Thumb Code     0  startup_stm32f10x_md.o(.text)
    EXTI9_5_IRQHandler                       0x080001e3   Thumb Code     0  startup_stm32f10x_md.o(.text)
    FLASH_IRQHandler                         0x080001e3   Thumb Code     0  startup_stm32f10x_md.o(.text)
    I2C1_ER_IRQHandler                       0x080001e3   Thumb Code     0  startup_stm32f10x_md.o(.text)
    I2C1_EV_IRQHandler                       0x080001e3   Thumb Code     0  startup_stm32f10x_md.o(.text)
    I2C2_ER_IRQHandler                       0x080001e3   Thumb Code     0  startup_stm32f10x_md.o(.text)
    I2C2_EV_IRQHandler                       0x080001e3   Thumb Code     0  startup_stm32f10x_md.o(.text)
    PVD_IRQHandler                           0x080001e3   Thumb Code     0  startup_stm32f10x_md.o(.text)
    RCC_IRQHandler                           0x080001e3   Thumb Code     0  startup_stm32f10x_md.o(.text)
    RTCAlarm_IRQHandler                      0x080001e3   Thumb Code     0  startup_stm32f10x_md.o(.text)
    RTC_IRQHandler                           0x080001e3   Thumb Code     0  startup_stm32f10x_md.o(.text)
    SPI1_IRQHandler                          0x080001e3   Thumb Code     0  startup_stm32f10x_md.o(.text)
    SPI2_IRQHandler                          0x080001e3   Thumb Code     0  startup_stm32f10x_md.o(.text)
    TAMPER_IRQHandler                        0x080001e3   Thumb Code     0  startup_stm32f10x_md.o(.text)
    TIM1_BRK_IRQHandler                      0x080001e3   Thumb Code     0  startup_stm32f10x_md.o(.text)
    TIM1_CC_IRQHandler                       0x080001e3   Thumb Code     0  startup_stm32f10x_md.o(.text)
    TIM1_TRG_COM_IRQHandler                  0x080001e3   Thumb Code     0  startup_stm32f10x_md.o(.text)
    TIM1_UP_IRQHandler                       0x080001e3   Thumb Code     0  startup_stm32f10x_md.o(.text)
    TIM2_IRQHandler                          0x080001e3   Thumb Code     0  startup_stm32f10x_md.o(.text)
    TIM4_IRQHandler                          0x080001e3   Thumb Code     0  startup_stm32f10x_md.o(.text)
    USART1_IRQHandler                        0x080001e3   Thumb Code     0  startup_stm32f10x_md.o(.text)
    USART3_IRQHandler                        0x080001e3   Thumb Code     0  startup_stm32f10x_md.o(.text)
    USBWakeUp_IRQHandler                     0x080001e3   Thumb Code     0  startup_stm32f10x_md.o(.text)
    USB_HP_CAN1_TX_IRQHandler                0x080001e3   Thumb Code     0  startup_stm32f10x_md.o(.text)
    USB_LP_CAN1_RX0_IRQHandler               0x080001e3   Thumb Code     0  startup_stm32f10x_md.o(.text)
    WWDG_IRQHandler                          0x080001e3   Thumb Code     0  startup_stm32f10x_md.o(.text)
    __user_initial_stackheap                 0x080001e5   Thumb Code     0  startup_stm32f10x_md.o(.text)
    __aeabi_memclr4                          0x08000209   Thumb Code     0  rt_memclr_w.o(.text)
    __aeabi_memclr8                          0x08000209   Thumb Code     0  rt_memclr_w.o(.text)
    __rt_memclr_w                            0x08000209   Thumb Code    78  rt_memclr_w.o(.text)
    _memset_w                                0x0800020d   Thumb Code     0  rt_memclr_w.o(.text)
    __use_two_region_memory                  0x08000257   Thumb Code     2  heapauxi.o(.text)
    __rt_heap_escrow                         0x08000259   Thumb Code     2  heapauxi.o(.text)
    __rt_heap_expand                         0x0800025b   Thumb Code     2  heapauxi.o(.text)
    __user_setup_stackheap                   0x0800025d   Thumb Code    74  sys_stackheap_outer.o(.text)
    exit                                     0x080002a7   Thumb Code    18  exit.o(.text)
    __user_libspace                          0x080002b9   Thumb Code     8  libspace.o(.text)
    __user_perproc_libspace                  0x080002b9   Thumb Code     0  libspace.o(.text)
    __user_perthread_libspace                0x080002b9   Thumb Code     0  libspace.o(.text)
    __I$use$semihosting                      0x080002c1   Thumb Code     0  use_no_semi.o(.text)
    __use_no_semihosting_swi                 0x080002c1   Thumb Code     2  use_no_semi.o(.text)
    __semihosting_library_function           0x080002c3   Thumb Code     0  indicate_semi.o(.text)
    _sys_exit                                0x080002c5   Thumb Code     8  sys_exit.o(.text)
    AT24CXX_Check                            0x080002d1   Thumb Code    56  24cxx.o(i.AT24CXX_Check)
    AT24CXX_Init                             0x0800030d   Thumb Code    14  24cxx.o(i.AT24CXX_Init)
    AT24CXX_ReadOneByte                      0x0800031b   Thumb Code    70  24cxx.o(i.AT24CXX_ReadOneByte)
    AT24CXX_WriteOneByte                     0x08000361   Thumb Code    62  24cxx.o(i.AT24CXX_WriteOneByte)
    Addnewdevice                             0x080003a1   Thumb Code   314  dwin_app.o(i.Addnewdevice)
    Addr_change                              0x080004ed   Thumb Code   246  dwin_app.o(i.Addr_change)
    BusFault_Handler                         0x080005f1   Thumb Code     4  stm32f10x_it.o(i.BusFault_Handler)
    DWINPagePicSet                           0x080005f5   Thumb Code    44  dwin_set.o(i.DWINPagePicSet)
    DWINSendMessage                          0x08000625   Thumb Code    46  dwin_set.o(i.DWINSendMessage)
    DWIN_Buffer_Analysis                     0x0800065d   Thumb Code    92  dwin_app.o(i.DWIN_Buffer_Analysis)
    DWIN_init                                0x080006c5   Thumb Code    14  dwin_app.o(i.DWIN_init)
    DWINchangepage                           0x080006d5   Thumb Code    82  dwin_app.o(i.DWINchangepage)
    DWINdatadisPlay                          0x0800072d   Thumb Code    54  dwin_set.o(i.DWINdatadisPlay)
    DWINsenddata                             0x08000769   Thumb Code    34  dwin_set.o(i.DWINsenddata)
    DWINsendtext                             0x08000791   Thumb Code   104  dwin_set.o(i.DWINsendtext)
    DWINsettextcolor                         0x080007fd   Thumb Code    48  dwin_set.o(i.DWINsettextcolor)
    DWINtextclear                            0x08000831   Thumb Code    48  dwin_set.o(i.DWINtextclear)
    DebugMon_Handler                         0x08000865   Thumb Code     2  stm32f10x_it.o(i.DebugMon_Handler)
    DeleteOneNode                            0x08000869   Thumb Code    72  dwin_app.o(i.DeleteOneNode)
    DeviceInfDelete                          0x080008b5   Thumb Code    38  syscfg.o(i.DeviceInfDelete)
    DeviceInfReadRom                         0x080008dd   Thumb Code   466  syscfg.o(i.DeviceInfReadRom)
    DeviceInfSaveRom                         0x08000ab5   Thumb Code   224  syscfg.o(i.DeviceInfSaveRom)
    GPIO_Init                                0x08000b95   Thumb Code   278  stm32f10x_gpio.o(i.GPIO_Init)
    GPIO_PinRemapConfig                      0x08000cad   Thumb Code   138  stm32f10x_gpio.o(i.GPIO_PinRemapConfig)
    GPIO_ReadInputDataBit                    0x08000d3d   Thumb Code    18  stm32f10x_gpio.o(i.GPIO_ReadInputDataBit)
    GPIO_SetBits                             0x08000d4f   Thumb Code     4  stm32f10x_gpio.o(i.GPIO_SetBits)
    GPIO_WriteBit                            0x08000d53   Thumb Code    10  stm32f10x_gpio.o(i.GPIO_WriteBit)
    GetTick                                  0x08000d5d   Thumb Code     6  stm32f10x_it.o(i.GetTick)
    HardFault_Handler                        0x08000d69   Thumb Code     4  stm32f10x_it.o(i.HardFault_Handler)
    IIC_Ack                                  0x08000d6d   Thumb Code    66  myiic.o(i.IIC_Ack)
    IIC_Init                                 0x08000dbd   Thumb Code    50  myiic.o(i.IIC_Init)
    IIC_NAck                                 0x08000df5   Thumb Code    66  myiic.o(i.IIC_NAck)
    IIC_Read_Byte                            0x08000e45   Thumb Code    98  myiic.o(i.IIC_Read_Byte)
    IIC_Send_Byte                            0x08000eb5   Thumb Code    90  myiic.o(i.IIC_Send_Byte)
    IIC_Start                                0x08000f1d   Thumb Code    76  myiic.o(i.IIC_Start)
    IIC_Stop                                 0x08000f75   Thumb Code    70  myiic.o(i.IIC_Stop)
    IIC_Wait_Ack                             0x08000fc9   Thumb Code    90  myiic.o(i.IIC_Wait_Ack)
    IWDG_Config                              0x08001031   Thumb Code    36  tim.o(i.IWDG_Config)
    IWDG_Enable                              0x08001055   Thumb Code    10  stm32f10x_iwdg.o(i.IWDG_Enable)
    IWDG_Feed                                0x08001065   Thumb Code     8  tim.o(i.IWDG_Feed)
    IWDG_ReloadCounter                       0x0800106d   Thumb Code    10  stm32f10x_iwdg.o(i.IWDG_ReloadCounter)
    IWDG_SetPrescaler                        0x0800107d   Thumb Code     6  stm32f10x_iwdg.o(i.IWDG_SetPrescaler)
    IWDG_SetReload                           0x08001089   Thumb Code     6  stm32f10x_iwdg.o(i.IWDG_SetReload)
    IWDG_WriteAccessCmd                      0x08001095   Thumb Code     6  stm32f10x_iwdg.o(i.IWDG_WriteAccessCmd)
    LED_Init                                 0x080010a1   Thumb Code    46  led.o(i.LED_Init)
    Lora_callback                            0x080010d9   Thumb Code   628  lora.o(i.Lora_callback)
    MemManage_Handler                        0x08001361   Thumb Code     4  stm32f10x_it.o(i.MemManage_Handler)
    NMI_Handler                              0x08001365   Thumb Code     2  stm32f10x_it.o(i.NMI_Handler)
    NVIC_Init                                0x08001369   Thumb Code   100  misc.o(i.NVIC_Init)
    NodeInfHandler                           0x080013d9   Thumb Code   184  dwin_app.o(i.NodeInfHandler)
    NodeInfInit                              0x0800149d   Thumb Code    20  syscfg.o(i.NodeInfInit)
    OPSTA_Get                                0x080014b1   Thumb Code    46  syscfg.o(i.OPSTA_Get)
    OPSTA_Set                                0x080014e5   Thumb Code    88  syscfg.o(i.OPSTA_Set)
    OneNode_Update                           0x08001541   Thumb Code   188  dwin_app.o(i.OneNode_Update)
    PageNodeList_Update                      0x08001601   Thumb Code   310  dwin_app.o(i.PageNodeList_Update)
    PageNodelist_Clear                       0x0800173d   Thumb Code   100  dwin_app.o(i.PageNodelist_Clear)
    PendSV_Handler                           0x080017a1   Thumb Code     2  stm32f10x_it.o(i.PendSV_Handler)
    RCC_APB1PeriphClockCmd                   0x080017a5   Thumb Code    26  stm32f10x_rcc.o(i.RCC_APB1PeriphClockCmd)
    RCC_APB1PeriphResetCmd                   0x080017c5   Thumb Code    26  stm32f10x_rcc.o(i.RCC_APB1PeriphResetCmd)
    RCC_APB2PeriphClockCmd                   0x080017e5   Thumb Code    26  stm32f10x_rcc.o(i.RCC_APB2PeriphClockCmd)
    RCC_APB2PeriphResetCmd                   0x08001805   Thumb Code    26  stm32f10x_rcc.o(i.RCC_APB2PeriphResetCmd)
    RCC_GetClocksFreq                        0x08001825   Thumb Code   192  stm32f10x_rcc.o(i.RCC_GetClocksFreq)
    RELAY_Init                               0x080018f9   Thumb Code   126  relay.o(i.RELAY_Init)
    Read127xReg                              0x0800198d   Thumb Code    20  sx127x_driver.o(i.Read127xReg)
    Relay_Set                                0x080019a1   Thumb Code    92  relay.o(i.Relay_Set)
    SPI_Cmd                                  0x08001a05   Thumb Code    24  stm32f10x_spi.o(i.SPI_Cmd)
    SPI_I2S_GetFlagStatus                    0x08001a1d   Thumb Code    18  stm32f10x_spi.o(i.SPI_I2S_GetFlagStatus)
    SPI_I2S_ReceiveData                      0x08001a2f   Thumb Code     6  stm32f10x_spi.o(i.SPI_I2S_ReceiveData)
    SPI_I2S_SendData                         0x08001a35   Thumb Code     4  stm32f10x_spi.o(i.SPI_I2S_SendData)
    SPI_Init                                 0x08001a39   Thumb Code    60  stm32f10x_spi.o(i.SPI_Init)
    SVC_Handler                              0x08001a75   Thumb Code     2  stm32f10x_it.o(i.SVC_Handler)
    SX1276HALInit                            0x08001a79   Thumb Code   146  sx127x_hal.o(i.SX1276HALInit)
    SX1276ReadDio0                           0x08001b15   Thumb Code    14  sx127x_hal.o(i.SX1276ReadDio0)
    SX1276ReadDio1                           0x08001b29   Thumb Code    14  sx127x_hal.o(i.SX1276ReadDio1)
    SX1276ReadDio3                           0x08001b3d   Thumb Code    14  sx127x_hal.o(i.SX1276ReadDio3)
    SX1276ReadDio4                           0x08001b51   Thumb Code    14  sx127x_hal.o(i.SX1276ReadDio4)
    SX127X_ResetPinControl                   0x08001bd1   Thumb Code    18  sx127x_hal.o(i.SX127X_ResetPinControl)
    SX127xGetOpMode                          0x08001be9   Thumb Code    14  sx127x_driver.o(i.SX127xGetOpMode)
    SX127xProcess                            0x08001bf9   Thumb Code   556  sx127x_driver.o(i.SX127xProcess)
    SX127xReadFifo                           0x08001e31   Thumb Code    18  sx127x_driver.o(i.SX127xReadFifo)
    SX127xSetFrf                             0x08001e45   Thumb Code    72  sx127x_driver.o(i.SX127xSetFrf)
    SX127xSetLoRaMode                        0x08001e95   Thumb Code    44  sx127x_driver.o(i.SX127xSetLoRaMode)
    SX127xSetOpMode                          0x08001ec1   Thumb Code    48  sx127x_driver.o(i.SX127xSetOpMode)
    SX127xWriteFifo                          0x08001f7d   Thumb Code    18  sx127x_driver.o(i.SX127xWriteFifo)
    Soft_delay_ms                            0x08002079   Thumb Code    32  sx127x_hal.o(i.Soft_delay_ms)
    SpiInOut                                 0x08002099   Thumb Code    36  sx127x_hal.o(i.SpiInOut)
    SpiNSSEnable                             0x08002171   Thumb Code    16  sx127x_hal.o(i.SpiNSSEnable)
    Sx127xRestart                            0x080021a9   Thumb Code    34  sx127x_driver.o(i.Sx127xRestart)
    SysTick_CLKSourceConfig                  0x080021fd   Thumb Code    40  misc.o(i.SysTick_CLKSourceConfig)
    SysTick_Handler                          0x08002225   Thumb Code    12  stm32f10x_it.o(i.SysTick_Handler)
    SystemInit                               0x08002235   Thumb Code    78  system_stm32f10x.o(i.SystemInit)
    TIM3_IRQHandler                          0x08002295   Thumb Code    58  tim.o(i.TIM3_IRQHandler)
    TIM3_Init                                0x080022dd   Thumb Code    92  tim.o(i.TIM3_Init)
    TIM_ClearITPendingBit                    0x0800233d   Thumb Code     6  stm32f10x_tim.o(i.TIM_ClearITPendingBit)
    TIM_Cmd                                  0x08002343   Thumb Code    24  stm32f10x_tim.o(i.TIM_Cmd)
    TIM_GetITStatus                          0x0800235b   Thumb Code    34  stm32f10x_tim.o(i.TIM_GetITStatus)
    TIM_ITConfig                             0x0800237d   Thumb Code    18  stm32f10x_tim.o(i.TIM_ITConfig)
    TIM_TimeBaseInit                         0x08002391   Thumb Code   122  stm32f10x_tim.o(i.TIM_TimeBaseInit)
    USART2_IRQHandler                        0x08002435   Thumb Code   302  usart.o(i.USART2_IRQHandler)
    USART2_Init                              0x08002585   Thumb Code   172  usart.o(i.USART2_Init)
    USART_ClearFlag                          0x08002639   Thumb Code    18  stm32f10x_usart.o(i.USART_ClearFlag)
    USART_ClearITPendingBit                  0x0800264b   Thumb Code    30  stm32f10x_usart.o(i.USART_ClearITPendingBit)
    USART_Cmd                                0x08002669   Thumb Code    24  stm32f10x_usart.o(i.USART_Cmd)
    USART_DeInit                             0x08002681   Thumb Code   134  stm32f10x_usart.o(i.USART_DeInit)
    USART_GetFlagStatus                      0x0800271d   Thumb Code    26  stm32f10x_usart.o(i.USART_GetFlagStatus)
    USART_GetITStatus                        0x08002737   Thumb Code    84  stm32f10x_usart.o(i.USART_GetITStatus)
    USART_ITConfig                           0x0800278b   Thumb Code    74  stm32f10x_usart.o(i.USART_ITConfig)
    USART_Init                               0x080027d5   Thumb Code   210  stm32f10x_usart.o(i.USART_Init)
    USART_ReceiveData                        0x080028ad   Thumb Code    10  stm32f10x_usart.o(i.USART_ReceiveData)
    USART_SendData                           0x080028b7   Thumb Code     8  stm32f10x_usart.o(i.USART_SendData)
    UsageFault_Handler                       0x080028bf   Thumb Code     4  stm32f10x_it.o(i.UsageFault_Handler)
    Write127xReg                             0x080028c3   Thumb Code    16  sx127x_driver.o(i.Write127xReg)
    delay_init                               0x080028d5   Thumb Code    50  delay.o(i.delay_init)
    delay_ms                                 0x08002919   Thumb Code    72  delay.o(i.delay_ms)
    delay_us                                 0x08002965   Thumb Code    72  delay.o(i.delay_us)
    error_tickcount                          0x080029b1   Thumb Code    84  tim.o(i.error_tickcount)
    lora_init                                0x08002a09   Thumb Code    20  lora.o(i.lora_init)
    lora_receive                             0x08002a25   Thumb Code   104  lora.o(i.lora_receive)
    main                                     0x08002aa5   Thumb Code    24  main.o(i.main)
    nodeBuf_refresh                          0x08002abd   Thumb Code   438  dwin_app.o(i.nodeBuf_refresh)
    signalerror_check                        0x08002c81   Thumb Code   484  syscfg.o(i.signalerror_check)
    sx127xInit                               0x08002e71   Thumb Code   252  sx127x_driver.o(i.sx127xInit)
    systemconfig                             0x08002f7d   Thumb Code    72  syscfg.o(i.systemconfig)
    __aeabi_d2uiz                            0x08002fc5   Thumb Code     0  dfixu.o(x$fpl$dfixu)
    _dfixu                                   0x08002fc5   Thumb Code    90  dfixu.o(x$fpl$dfixu)
    __aeabi_ui2d                             0x0800301f   Thumb Code     0  dflt_clz.o(x$fpl$dfltu)
    _dfltu                                   0x0800301f   Thumb Code    38  dflt_clz.o(x$fpl$dfltu)
    __aeabi_dmul                             0x08003045   Thumb Code     0  dmul.o(x$fpl$dmul)
    _dmul                                    0x08003045   Thumb Code   332  dmul.o(x$fpl$dmul)
    __fpl_dnaninf                            0x08003199   Thumb Code   156  dnaninf.o(x$fpl$dnaninf)
    __fpl_dretinf                            0x08003235   Thumb Code    12  dretinf.o(x$fpl$dretinf)
    __I$use$fp                               0x08003240   Number         0  usenofp.o(x$fpl$usenofp)
    Region$$Table$$Base                      0x0800324c   Number         0  anon$$obj.o(Region$$Table)
    Region$$Table$$Limit                     0x0800326c   Number         0  anon$$obj.o(Region$$Table)
    Res_sta                                  0x20000018   Data           1  usart.o(.data)
    IN_Buf_flag                              0x20000019   Data           1  usart.o(.data)
    Buf_len_num                              0x2000001a   Data           1  usart.o(.data)
    USART_RX_STA                             0x2000001c   Data           2  usart.o(.data)
    AAA                                      0x2000001f   Data           1  24cxx.o(.data)
    rxCount                                  0x20000020   Data           2  lora.o(.data)
    LoraRxBuf_Ana_EN                         0x20000022   Data           1  lora.o(.data)
    debug_flag                               0x20000024   Data           1  dwin_app.o(.data)
    NodeInfBuf                               0x20000026   Data         320  dwin_app.o(.data)
    OP_STA                                   0x20000166   Data           1  dwin_app.o(.data)
    test                                     0x20000167   Data           1  dwin_app.o(.data)
    DWIN_Analysis_EN                         0x20000168   Data           1  dwin_set.o(.data)
    DWIN_TX_BUF                              0x20000169   Data          30  dwin_set.o(.data)
    DWIN_RX_CNT                              0x20000187   Data           1  dwin_set.o(.data)
    error_check_count                        0x20000188   Data           4  tim.o(.data)
    error_check_enable                       0x2000018c   Data           1  tim.o(.data)
    g_u32SystickCount                        0x20000190   Data           4  stm32f10x_it.o(.data)
    SystemCoreClock                          0x20000194   Data           4  system_stm32f10x.o(.data)
    AHBPrescTable                            0x20000198   Data          16  system_stm32f10x.o(.data)
    test_pin                                 0x200001a8   Data           2  syscfg.o(.data)
    g_Radio                                  0x200001ac   Data          28  sx127x_driver.o(.data)
    rxBuf                                    0x200001f8   Data          12  lora.o(.bss)
    DWIN_RX_BUF                              0x20000204   Data          30  dwin_set.o(.bss)
    sensor_device                            0x20000224   Data        1408  syscfg.o(.bss)
    __libspace_start                         0x200007a4   Data          96  libspace.o(.bss)
    __temporary_stack_top$libspace           0x20000804   Data           0  libspace.o(.bss)



==============================================================================

Memory Map of the image

  Image Entry point : 0x080000ed

  Load Region LR_IROM1 (Base: 0x08000000, Size: 0x00003464, Max: 0x00008000, ABSOLUTE, COMPRESSED[0x000032e4])

    Execution Region ER_IROM1 (Exec base: 0x08000000, Load base: 0x08000000, Size: 0x0000326c, Max: 0x00008000, ABSOLUTE)

    Exec Addr    Load Addr    Size         Type   Attr      Idx    E Section Name        Object

    0x08000000   0x08000000   0x000000ec   Data   RO           19    RESET               startup_stm32f10x_md.o
    0x080000ec   0x080000ec   0x00000008   Code   RO         2526  * !!!main             c_w.l(__main.o)
    0x080000f4   0x080000f4   0x00000034   Code   RO         2894    !!!scatter          c_w.l(__scatter.o)
    0x08000128   0x08000128   0x0000005a   Code   RO         2892    !!dczerorl2         c_w.l(__dczerorl2.o)
    0x08000182   0x08000182   0x00000002   PAD
    0x08000184   0x08000184   0x0000001c   Code   RO         2896    !!handler_zi        c_w.l(__scatter_zi.o)
    0x080001a0   0x080001a0   0x00000002   Code   RO         2681    .ARM.Collect$$libinit$$00000000  c_w.l(libinit.o)
    0x080001a2   0x080001a2   0x00000000   Code   RO         2683    .ARM.Collect$$libinit$$00000002  c_w.l(libinit2.o)
    0x080001a2   0x080001a2   0x00000000   Code   RO         2685    .ARM.Collect$$libinit$$00000004  c_w.l(libinit2.o)
    0x080001a2   0x080001a2   0x00000000   Code   RO         2688    .ARM.Collect$$libinit$$0000000A  c_w.l(libinit2.o)
    0x080001a2   0x080001a2   0x00000000   Code   RO         2690    .ARM.Collect$$libinit$$0000000C  c_w.l(libinit2.o)
    0x080001a2   0x080001a2   0x00000000   Code   RO         2692    .ARM.Collect$$libinit$$0000000E  c_w.l(libinit2.o)
    0x080001a2   0x080001a2   0x00000000   Code   RO         2695    .ARM.Collect$$libinit$$00000011  c_w.l(libinit2.o)
    0x080001a2   0x080001a2   0x00000000   Code   RO         2697    .ARM.Collect$$libinit$$00000013  c_w.l(libinit2.o)
    0x080001a2   0x080001a2   0x00000000   Code   RO         2699    .ARM.Collect$$libinit$$00000015  c_w.l(libinit2.o)
    0x080001a2   0x080001a2   0x00000000   Code   RO         2701    .ARM.Collect$$libinit$$00000017  c_w.l(libinit2.o)
    0x080001a2   0x080001a2   0x00000000   Code   RO         2703    .ARM.Collect$$libinit$$00000019  c_w.l(libinit2.o)
    0x080001a2   0x080001a2   0x00000000   Code   RO         2705    .ARM.Collect$$libinit$$0000001B  c_w.l(libinit2.o)
    0x080001a2   0x080001a2   0x00000000   Code   RO         2707    .ARM.Collect$$libinit$$0000001D  c_w.l(libinit2.o)
    0x080001a2   0x080001a2   0x00000000   Code   RO         2709    .ARM.Collect$$libinit$$0000001F  c_w.l(libinit2.o)
    0x080001a2   0x080001a2   0x00000000   Code   RO         2711    .ARM.Collect$$libinit$$00000021  c_w.l(libinit2.o)
    0x080001a2   0x080001a2   0x00000000   Code   RO         2713    .ARM.Collect$$libinit$$00000023  c_w.l(libinit2.o)
    0x080001a2   0x080001a2   0x00000000   Code   RO         2715    .ARM.Collect$$libinit$$00000025  c_w.l(libinit2.o)
    0x080001a2   0x080001a2   0x00000000   Code   RO         2719    .ARM.Collect$$libinit$$0000002C  c_w.l(libinit2.o)
    0x080001a2   0x080001a2   0x00000000   Code   RO         2721    .ARM.Collect$$libinit$$0000002E  c_w.l(libinit2.o)
    0x080001a2   0x080001a2   0x00000000   Code   RO         2723    .ARM.Collect$$libinit$$00000030  c_w.l(libinit2.o)
    0x080001a2   0x080001a2   0x00000000   Code   RO         2725    .ARM.Collect$$libinit$$00000032  c_w.l(libinit2.o)
    0x080001a2   0x080001a2   0x00000002   Code   RO         2726    .ARM.Collect$$libinit$$00000033  c_w.l(libinit2.o)
    0x080001a4   0x080001a4   0x00000002   Code   RO         2871    .ARM.Collect$$libshutdown$$00000000  c_w.l(libshutdown.o)
    0x080001a6   0x080001a6   0x00000000   Code   RO         2728    .ARM.Collect$$libshutdown$$00000002  c_w.l(libshutdown2.o)
    0x080001a6   0x080001a6   0x00000000   Code   RO         2730    .ARM.Collect$$libshutdown$$00000004  c_w.l(libshutdown2.o)
    0x080001a6   0x080001a6   0x00000000   Code   RO         2733    .ARM.Collect$$libshutdown$$00000007  c_w.l(libshutdown2.o)
    0x080001a6   0x080001a6   0x00000000   Code   RO         2736    .ARM.Collect$$libshutdown$$0000000A  c_w.l(libshutdown2.o)
    0x080001a6   0x080001a6   0x00000000   Code   RO         2738    .ARM.Collect$$libshutdown$$0000000C  c_w.l(libshutdown2.o)
    0x080001a6   0x080001a6   0x00000000   Code   RO         2741    .ARM.Collect$$libshutdown$$0000000F  c_w.l(libshutdown2.o)
    0x080001a6   0x080001a6   0x00000002   Code   RO         2742    .ARM.Collect$$libshutdown$$00000010  c_w.l(libshutdown2.o)
    0x080001a8   0x080001a8   0x00000000   Code   RO         2540    .ARM.Collect$$rtentry$$00000000  c_w.l(__rtentry.o)
    0x080001a8   0x080001a8   0x00000000   Code   RO         2560    .ARM.Collect$$rtentry$$00000002  c_w.l(__rtentry2.o)
    0x080001a8   0x080001a8   0x00000006   Code   RO         2572    .ARM.Collect$$rtentry$$00000004  c_w.l(__rtentry4.o)
    0x080001ae   0x080001ae   0x00000000   Code   RO         2562    .ARM.Collect$$rtentry$$00000009  c_w.l(__rtentry2.o)
    0x080001ae   0x080001ae   0x00000004   Code   RO         2563    .ARM.Collect$$rtentry$$0000000A  c_w.l(__rtentry2.o)
    0x080001b2   0x080001b2   0x00000000   Code   RO         2565    .ARM.Collect$$rtentry$$0000000C  c_w.l(__rtentry2.o)
    0x080001b2   0x080001b2   0x00000008   Code   RO         2566    .ARM.Collect$$rtentry$$0000000D  c_w.l(__rtentry2.o)
    0x080001ba   0x080001ba   0x00000002   Code   RO         2751    .ARM.Collect$$rtexit$$00000000  c_w.l(rtexit.o)
    0x080001bc   0x080001bc   0x00000000   Code   RO         2807    .ARM.Collect$$rtexit$$00000002  c_w.l(rtexit2.o)
    0x080001bc   0x080001bc   0x00000004   Code   RO         2808    .ARM.Collect$$rtexit$$00000003  c_w.l(rtexit2.o)
    0x080001c0   0x080001c0   0x00000006   Code   RO         2809    .ARM.Collect$$rtexit$$00000004  c_w.l(rtexit2.o)
    0x080001c6   0x080001c6   0x00000002   PAD
    0x080001c8   0x080001c8   0x00000040   Code   RO           20    .text               startup_stm32f10x_md.o
    0x08000208   0x08000208   0x0000004e   Code   RO         2522    .text               c_w.l(rt_memclr_w.o)
    0x08000256   0x08000256   0x00000006   Code   RO         2524    .text               c_w.l(heapauxi.o)
    0x0800025c   0x0800025c   0x0000004a   Code   RO         2597    .text               c_w.l(sys_stackheap_outer.o)
    0x080002a6   0x080002a6   0x00000012   Code   RO         2670    .text               c_w.l(exit.o)
    0x080002b8   0x080002b8   0x00000008   Code   RO         2745    .text               c_w.l(libspace.o)
    0x080002c0   0x080002c0   0x00000002   Code   RO         2748    .text               c_w.l(use_no_semi.o)
    0x080002c2   0x080002c2   0x00000000   Code   RO         2750    .text               c_w.l(indicate_semi.o)
    0x080002c2   0x080002c2   0x00000002   PAD
    0x080002c4   0x080002c4   0x0000000c   Code   RO         2804    .text               c_w.l(sys_exit.o)
    0x080002d0   0x080002d0   0x0000003c   Code   RO         1687    i.AT24CXX_Check     24cxx.o
    0x0800030c   0x0800030c   0x0000000e   Code   RO         1688    i.AT24CXX_Init      24cxx.o
    0x0800031a   0x0800031a   0x00000046   Code   RO         1691    i.AT24CXX_ReadOneByte  24cxx.o
    0x08000360   0x08000360   0x0000003e   Code   RO         1694    i.AT24CXX_WriteOneByte  24cxx.o
    0x0800039e   0x0800039e   0x00000002   PAD
    0x080003a0   0x080003a0   0x0000014c   Code   RO         1848    i.Addnewdevice      dwin_app.o
    0x080004ec   0x080004ec   0x00000104   Code   RO         1849    i.Addr_change       dwin_app.o
    0x080005f0   0x080005f0   0x00000004   Code   RO         2034    i.BusFault_Handler  stm32f10x_it.o
    0x080005f4   0x080005f4   0x00000030   Code   RO         1934    i.DWINPagePicSet    dwin_set.o
    0x08000624   0x08000624   0x00000038   Code   RO         1935    i.DWINSendMessage   dwin_set.o
    0x0800065c   0x0800065c   0x00000068   Code   RO         1850    i.DWIN_Buffer_Analysis  dwin_app.o
    0x080006c4   0x080006c4   0x0000000e   Code   RO         1851    i.DWIN_init         dwin_app.o
    0x080006d2   0x080006d2   0x00000002   PAD
    0x080006d4   0x080006d4   0x00000058   Code   RO         1852    i.DWINchangepage    dwin_app.o
    0x0800072c   0x0800072c   0x0000003c   Code   RO         1937    i.DWINdatadisPlay   dwin_set.o
    0x08000768   0x08000768   0x00000028   Code   RO         1938    i.DWINsenddata      dwin_set.o
    0x08000790   0x08000790   0x0000006c   Code   RO         1939    i.DWINsendtext      dwin_set.o
    0x080007fc   0x080007fc   0x00000034   Code   RO         1940    i.DWINsettextcolor  dwin_set.o
    0x08000830   0x08000830   0x00000034   Code   RO         1941    i.DWINtextclear     dwin_set.o
    0x08000864   0x08000864   0x00000002   Code   RO         2035    i.DebugMon_Handler  stm32f10x_it.o
    0x08000866   0x08000866   0x00000002   PAD
    0x08000868   0x08000868   0x0000004c   Code   RO         1853    i.DeleteOneNode     dwin_app.o
    0x080008b4   0x080008b4   0x00000026   Code   RO         2157    i.DeviceInfDelete   syscfg.o
    0x080008da   0x080008da   0x00000002   PAD
    0x080008dc   0x080008dc   0x000001d8   Code   RO         2159    i.DeviceInfReadRom  syscfg.o
    0x08000ab4   0x08000ab4   0x000000e0   Code   RO         2160    i.DeviceInfSaveRom  syscfg.o
    0x08000b94   0x08000b94   0x00000116   Code   RO          104    i.GPIO_Init         stm32f10x_gpio.o
    0x08000caa   0x08000caa   0x00000002   PAD
    0x08000cac   0x08000cac   0x00000090   Code   RO          106    i.GPIO_PinRemapConfig  stm32f10x_gpio.o
    0x08000d3c   0x08000d3c   0x00000012   Code   RO          108    i.GPIO_ReadInputDataBit  stm32f10x_gpio.o
    0x08000d4e   0x08000d4e   0x00000004   Code   RO          112    i.GPIO_SetBits      stm32f10x_gpio.o
    0x08000d52   0x08000d52   0x0000000a   Code   RO          115    i.GPIO_WriteBit     stm32f10x_gpio.o
    0x08000d5c   0x08000d5c   0x0000000c   Code   RO         2036    i.GetTick           stm32f10x_it.o
    0x08000d68   0x08000d68   0x00000004   Code   RO         2037    i.HardFault_Handler  stm32f10x_it.o
    0x08000d6c   0x08000d6c   0x00000050   Code   RO         1630    i.IIC_Ack           myiic.o
    0x08000dbc   0x08000dbc   0x00000038   Code   RO         1631    i.IIC_Init          myiic.o
    0x08000df4   0x08000df4   0x00000050   Code   RO         1632    i.IIC_NAck          myiic.o
    0x08000e44   0x08000e44   0x00000070   Code   RO         1633    i.IIC_Read_Byte     myiic.o
    0x08000eb4   0x08000eb4   0x00000068   Code   RO         1634    i.IIC_Send_Byte     myiic.o
    0x08000f1c   0x08000f1c   0x00000058   Code   RO         1635    i.IIC_Start         myiic.o
    0x08000f74   0x08000f74   0x00000054   Code   RO         1636    i.IIC_Stop          myiic.o
    0x08000fc8   0x08000fc8   0x00000068   Code   RO         1637    i.IIC_Wait_Ack      myiic.o
    0x08001030   0x08001030   0x00000024   Code   RO         1995    i.IWDG_Config       tim.o
    0x08001054   0x08001054   0x00000010   Code   RO         1491    i.IWDG_Enable       stm32f10x_iwdg.o
    0x08001064   0x08001064   0x00000008   Code   RO         1996    i.IWDG_Feed         tim.o
    0x0800106c   0x0800106c   0x00000010   Code   RO         1493    i.IWDG_ReloadCounter  stm32f10x_iwdg.o
    0x0800107c   0x0800107c   0x0000000c   Code   RO         1494    i.IWDG_SetPrescaler  stm32f10x_iwdg.o
    0x08001088   0x08001088   0x0000000c   Code   RO         1495    i.IWDG_SetReload    stm32f10x_iwdg.o
    0x08001094   0x08001094   0x0000000c   Code   RO         1496    i.IWDG_WriteAccessCmd  stm32f10x_iwdg.o
    0x080010a0   0x080010a0   0x00000038   Code   RO         1615    i.LED_Init          led.o
    0x080010d8   0x080010d8   0x00000288   Code   RO         1768    i.Lora_callback     lora.o
    0x08001360   0x08001360   0x00000004   Code   RO         2038    i.MemManage_Handler  stm32f10x_it.o
    0x08001364   0x08001364   0x00000002   Code   RO         2039    i.NMI_Handler       stm32f10x_it.o
    0x08001366   0x08001366   0x00000002   PAD
    0x08001368   0x08001368   0x00000070   Code   RO           24    i.NVIC_Init         misc.o
    0x080013d8   0x080013d8   0x000000c4   Code   RO         1854    i.NodeInfHandler    dwin_app.o
    0x0800149c   0x0800149c   0x00000014   Code   RO         2161    i.NodeInfInit       syscfg.o
    0x080014b0   0x080014b0   0x00000034   Code   RO         2162    i.OPSTA_Get         syscfg.o
    0x080014e4   0x080014e4   0x0000005c   Code   RO         2163    i.OPSTA_Set         syscfg.o
    0x08001540   0x08001540   0x000000c0   Code   RO         1855    i.OneNode_Update    dwin_app.o
    0x08001600   0x08001600   0x0000013c   Code   RO         1856    i.PageNodeList_Update  dwin_app.o
    0x0800173c   0x0800173c   0x00000064   Code   RO         1857    i.PageNodelist_Clear  dwin_app.o
    0x080017a0   0x080017a0   0x00000002   Code   RO         2040    i.PendSV_Handler    stm32f10x_it.o
    0x080017a2   0x080017a2   0x00000002   PAD
    0x080017a4   0x080017a4   0x00000020   Code   RO          421    i.RCC_APB1PeriphClockCmd  stm32f10x_rcc.o
    0x080017c4   0x080017c4   0x00000020   Code   RO          422    i.RCC_APB1PeriphResetCmd  stm32f10x_rcc.o
    0x080017e4   0x080017e4   0x00000020   Code   RO          423    i.RCC_APB2PeriphClockCmd  stm32f10x_rcc.o
    0x08001804   0x08001804   0x00000020   Code   RO          424    i.RCC_APB2PeriphResetCmd  stm32f10x_rcc.o
    0x08001824   0x08001824   0x000000d4   Code   RO          431    i.RCC_GetClocksFreq  stm32f10x_rcc.o
    0x080018f8   0x080018f8   0x00000094   Code   RO         1747    i.RELAY_Init        relay.o
    0x0800198c   0x0800198c   0x00000014   Code   RO         2321    i.Read127xReg       sx127x_driver.o
    0x080019a0   0x080019a0   0x00000064   Code   RO         1748    i.Relay_Set         relay.o
    0x08001a04   0x08001a04   0x00000018   Code   RO          624    i.SPI_Cmd           stm32f10x_spi.o
    0x08001a1c   0x08001a1c   0x00000012   Code   RO          632    i.SPI_I2S_GetFlagStatus  stm32f10x_spi.o
    0x08001a2e   0x08001a2e   0x00000006   Code   RO          635    i.SPI_I2S_ReceiveData  stm32f10x_spi.o
    0x08001a34   0x08001a34   0x00000004   Code   RO          636    i.SPI_I2S_SendData  stm32f10x_spi.o
    0x08001a38   0x08001a38   0x0000003c   Code   RO          637    i.SPI_Init          stm32f10x_spi.o
    0x08001a74   0x08001a74   0x00000002   Code   RO         2041    i.SVC_Handler       stm32f10x_it.o
    0x08001a76   0x08001a76   0x00000002   PAD
    0x08001a78   0x08001a78   0x0000009c   Code   RO         2256    i.SX1276HALInit     sx127x_hal.o
    0x08001b14   0x08001b14   0x00000014   Code   RO         2257    i.SX1276ReadDio0    sx127x_hal.o
    0x08001b28   0x08001b28   0x00000014   Code   RO         2258    i.SX1276ReadDio1    sx127x_hal.o
    0x08001b3c   0x08001b3c   0x00000014   Code   RO         2259    i.SX1276ReadDio3    sx127x_hal.o
    0x08001b50   0x08001b50   0x00000014   Code   RO         2260    i.SX1276ReadDio4    sx127x_hal.o
    0x08001b64   0x08001b64   0x00000036   Code   RO         2322    i.SX1278ReadBuffer  sx127x_driver.o
    0x08001b9a   0x08001b9a   0x00000034   Code   RO         2323    i.SX1278WriteBuffer  sx127x_driver.o
    0x08001bce   0x08001bce   0x00000002   PAD
    0x08001bd0   0x08001bd0   0x00000018   Code   RO         2261    i.SX127X_ResetPinControl  sx127x_hal.o
    0x08001be8   0x08001be8   0x0000000e   Code   RO         2324    i.SX127xGetOpMode   sx127x_driver.o
    0x08001bf6   0x08001bf6   0x00000002   PAD
    0x08001bf8   0x08001bf8   0x00000238   Code   RO         2325    i.SX127xProcess     sx127x_driver.o
    0x08001e30   0x08001e30   0x00000012   Code   RO         2326    i.SX127xReadFifo    sx127x_driver.o
    0x08001e42   0x08001e42   0x00000002   PAD
    0x08001e44   0x08001e44   0x00000050   Code   RO         2327    i.SX127xSetFrf      sx127x_driver.o
    0x08001e94   0x08001e94   0x0000002c   Code   RO         2328    i.SX127xSetLoRaMode  sx127x_driver.o
    0x08001ec0   0x08001ec0   0x00000030   Code   RO         2329    i.SX127xSetOpMode   sx127x_driver.o
    0x08001ef0   0x08001ef0   0x0000008c   Code   RO         2330    i.SX127xSetTxPacket  sx127x_driver.o
    0x08001f7c   0x08001f7c   0x00000012   Code   RO         2331    i.SX127xWriteFifo   sx127x_driver.o
    0x08001f8e   0x08001f8e   0x00000008   Code   RO         2123    i.SetSysClock       system_stm32f10x.o
    0x08001f96   0x08001f96   0x00000002   PAD
    0x08001f98   0x08001f98   0x000000e0   Code   RO         2124    i.SetSysClockTo72   system_stm32f10x.o
    0x08002078   0x08002078   0x00000020   Code   RO         2262    i.Soft_delay_ms     sx127x_hal.o
    0x08002098   0x08002098   0x00000028   Code   RO         2263    i.SpiInOut          sx127x_hal.o
    0x080020c0   0x080020c0   0x000000b0   Code   RO         2264    i.SpiInit           sx127x_hal.o
    0x08002170   0x08002170   0x00000014   Code   RO         2265    i.SpiNSSEnable      sx127x_hal.o
    0x08002184   0x08002184   0x00000024   Code   RO         2332    i.Sx127xReadRxPackage  sx127x_driver.o
    0x080021a8   0x080021a8   0x00000028   Code   RO         2333    i.Sx127xRestart     sx127x_driver.o
    0x080021d0   0x080021d0   0x0000000c   Code   RO         2334    i.Sx127xStartCADCheck  sx127x_driver.o
    0x080021dc   0x080021dc   0x00000020   Code   RO         2335    i.Sx127xStartRx     sx127x_driver.o
    0x080021fc   0x080021fc   0x00000028   Code   RO           28    i.SysTick_CLKSourceConfig  misc.o
    0x08002224   0x08002224   0x00000010   Code   RO         2042    i.SysTick_Handler   stm32f10x_it.o
    0x08002234   0x08002234   0x00000060   Code   RO         2126    i.SystemInit        system_stm32f10x.o
    0x08002294   0x08002294   0x00000048   Code   RO         1997    i.TIM3_IRQHandler   tim.o
    0x080022dc   0x080022dc   0x00000060   Code   RO         1998    i.TIM3_Init         tim.o
    0x0800233c   0x0800233c   0x00000006   Code   RO          774    i.TIM_ClearITPendingBit  stm32f10x_tim.o
    0x08002342   0x08002342   0x00000018   Code   RO          779    i.TIM_Cmd           stm32f10x_tim.o
    0x0800235a   0x0800235a   0x00000022   Code   RO          800    i.TIM_GetITStatus   stm32f10x_tim.o
    0x0800237c   0x0800237c   0x00000012   Code   RO          804    i.TIM_ITConfig      stm32f10x_tim.o
    0x0800238e   0x0800238e   0x00000002   PAD
    0x08002390   0x08002390   0x000000a4   Code   RO          850    i.TIM_TimeBaseInit  stm32f10x_tim.o
    0x08002434   0x08002434   0x00000150   Code   RO         1577    i.USART2_IRQHandler  usart.o
    0x08002584   0x08002584   0x000000b4   Code   RO         1578    i.USART2_Init       usart.o
    0x08002638   0x08002638   0x00000012   Code   RO         1311    i.USART_ClearFlag   stm32f10x_usart.o
    0x0800264a   0x0800264a   0x0000001e   Code   RO         1312    i.USART_ClearITPendingBit  stm32f10x_usart.o
    0x08002668   0x08002668   0x00000018   Code   RO         1315    i.USART_Cmd         stm32f10x_usart.o
    0x08002680   0x08002680   0x0000009c   Code   RO         1317    i.USART_DeInit      stm32f10x_usart.o
    0x0800271c   0x0800271c   0x0000001a   Code   RO         1318    i.USART_GetFlagStatus  stm32f10x_usart.o
    0x08002736   0x08002736   0x00000054   Code   RO         1319    i.USART_GetITStatus  stm32f10x_usart.o
    0x0800278a   0x0800278a   0x0000004a   Code   RO         1321    i.USART_ITConfig    stm32f10x_usart.o
    0x080027d4   0x080027d4   0x000000d8   Code   RO         1322    i.USART_Init        stm32f10x_usart.o
    0x080028ac   0x080028ac   0x0000000a   Code   RO         1329    i.USART_ReceiveData  stm32f10x_usart.o
    0x080028b6   0x080028b6   0x00000008   Code   RO         1332    i.USART_SendData    stm32f10x_usart.o
    0x080028be   0x080028be   0x00000004   Code   RO         2043    i.UsageFault_Handler  stm32f10x_it.o
    0x080028c2   0x080028c2   0x00000010   Code   RO         2336    i.Write127xReg      sx127x_driver.o
    0x080028d2   0x080028d2   0x00000002   PAD
    0x080028d4   0x080028d4   0x00000044   Code   RO         1548    i.delay_init        delay.o
    0x08002918   0x08002918   0x0000004c   Code   RO         1549    i.delay_ms          delay.o
    0x08002964   0x08002964   0x0000004c   Code   RO         1550    i.delay_us          delay.o
    0x080029b0   0x080029b0   0x00000058   Code   RO         1999    i.error_tickcount   tim.o
    0x08002a08   0x08002a08   0x0000001c   Code   RO         1769    i.lora_init         lora.o
    0x08002a24   0x08002a24   0x00000080   Code   RO         1770    i.lora_receive      lora.o
    0x08002aa4   0x08002aa4   0x00000018   Code   RO         2237    i.main              main.o
    0x08002abc   0x08002abc   0x000001c4   Code   RO         1858    i.nodeBuf_refresh   dwin_app.o
    0x08002c80   0x08002c80   0x000001f0   Code   RO         2164    i.signalerror_check  syscfg.o
    0x08002e70   0x08002e70   0x0000010c   Code   RO         2337    i.sx127xInit        sx127x_driver.o
    0x08002f7c   0x08002f7c   0x00000048   Code   RO         2165    i.systemconfig      syscfg.o
    0x08002fc4   0x08002fc4   0x0000005a   Code   RO         2528    x$fpl$dfixu         fz_ws.l(dfixu.o)
    0x0800301e   0x0800301e   0x00000026   Code   RO         2532    x$fpl$dfltu         fz_ws.l(dflt_clz.o)
    0x08003044   0x08003044   0x00000154   Code   RO         2538    x$fpl$dmul          fz_ws.l(dmul.o)
    0x08003198   0x08003198   0x0000009c   Code   RO         2554    x$fpl$dnaninf       fz_ws.l(dnaninf.o)
    0x08003234   0x08003234   0x0000000c   Code   RO         2556    x$fpl$dretinf       fz_ws.l(dretinf.o)
    0x08003240   0x08003240   0x00000000   Code   RO         2558    x$fpl$usenofp       fz_ws.l(usenofp.o)
    0x08003240   0x08003240   0x0000000c   Data   RO         1773    .constdata          lora.o
    0x0800324c   0x0800324c   0x00000020   Data   RO         2890    Region$$Table       anon$$obj.o


    Execution Region RW_IRAM1 (Exec base: 0x20000000, Load base: 0x0800326c, Size: 0x00000e08, Max: 0x00002800, ABSOLUTE, COMPRESSED[0x00000078])

    Exec Addr    Load Addr    Size         Type   Attr      Idx    E Section Name        Object

    0x20000000   COMPRESSED   0x00000014   Data   RW          451    .data               stm32f10x_rcc.o
    0x20000014   COMPRESSED   0x00000004   Data   RW         1551    .data               delay.o
    0x20000018   COMPRESSED   0x00000007   Data   RW         1580    .data               usart.o
    0x2000001f   COMPRESSED   0x00000001   Data   RW         1695    .data               24cxx.o
    0x20000020   COMPRESSED   0x00000003   Data   RW         1774    .data               lora.o
    0x20000023   COMPRESSED   0x00000001   PAD
    0x20000024   COMPRESSED   0x00000144   Data   RW         1859    .data               dwin_app.o
    0x20000168   COMPRESSED   0x00000020   Data   RW         1943    .data               dwin_set.o
    0x20000188   COMPRESSED   0x00000005   Data   RW         2000    .data               tim.o
    0x2000018d   COMPRESSED   0x00000003   PAD
    0x20000190   COMPRESSED   0x00000004   Data   RW         2044    .data               stm32f10x_it.o
    0x20000194   COMPRESSED   0x00000014   Data   RW         2127    .data               system_stm32f10x.o
    0x200001a8   COMPRESSED   0x00000002   Data   RW         2167    .data               syscfg.o
    0x200001aa   COMPRESSED   0x00000002   PAD
    0x200001ac   COMPRESSED   0x0000004c   Data   RW         2340    .data               sx127x_driver.o
    0x200001f8        -       0x0000000c   Zero   RW         1772    .bss                lora.o
    0x20000204        -       0x0000001e   Zero   RW         1942    .bss                dwin_set.o
    0x20000222   COMPRESSED   0x00000002   PAD
    0x20000224        -       0x00000580   Zero   RW         2166    .bss                syscfg.o
    0x200007a4        -       0x00000060   Zero   RW         2746    .bss                c_w.l(libspace.o)
    0x20000804   COMPRESSED   0x00000004   PAD
    0x20000808        -       0x00000200   Zero   RW           18    HEAP                startup_stm32f10x_md.o
    0x20000a08        -       0x00000400   Zero   RW           17    STACK               startup_stm32f10x_md.o


==============================================================================

Image component sizes


      Code (inc. data)   RO Data    RW Data    ZI Data      Debug   Object Name

       206          4          0          1          0       2502   24cxx.o
         0          0          0          0          0       4540   core_cm3.o
       220         26          0          4          0       1695   delay.o
      2130         90          0        324          0       7676   dwin_app.o
       416         38          0         32         30       4897   dwin_set.o
        56         10          0          0          0        487   led.o
       804         52         12          3         12       4018   lora.o
        24          0          0          0          0        423   main.o
       152         12          0          0          0     254774   misc.o
       708        102          0          0          0       4190   myiic.o
       248         40          0          0          0       1141   relay.o
        64         26        236          0       1536        800   startup_stm32f10x_md.o
       454          6          0          0          0       4501   stm32f10x_gpio.o
        52         10          0          4          0     205704   stm32f10x_it.o
        68         30          0          0          0       2450   stm32f10x_iwdg.o
       340         44          0         20          0       5540   stm32f10x_rcc.o
       112          0          0          0          0       3798   stm32f10x_spi.o
       246         42          0          0          0       3514   stm32f10x_tim.o
       646         28          0          0          0       7904   stm32f10x_usart.o
      1460         76          0         76          0      24902   sx127x_driver.o
       528         60          0          0          0       5335   sx127x_hal.o
      1466         28          0          2       1408       6263   syscfg.o
       328         28          0         20          0       2057   system_stm32f10x.o
       300         22          0          5          0       2825   tim.o
       516         42          0          7          0       1705   usart.o

    ----------------------------------------------------------------------
     11572        816        280        504       2988     563641   Object Totals
         0          0         32          0          0          0   (incl. Generated)
        28          0          0          6          2          0   (incl. Padding)

    ----------------------------------------------------------------------

      Code (inc. data)   RO Data    RW Data    ZI Data      Debug   Library Member Name

        90          0          0          0          0          0   __dczerorl2.o
         8          0          0          0          0         68   __main.o
         0          0          0          0          0          0   __rtentry.o
        12          0          0          0          0          0   __rtentry2.o
         6          0          0          0          0          0   __rtentry4.o
        52          8          0          0          0          0   __scatter.o
        28          0          0          0          0          0   __scatter_zi.o
        18          0          0          0          0         80   exit.o
         6          0          0          0          0        152   heapauxi.o
         0          0          0          0          0          0   indicate_semi.o
         2          0          0          0          0          0   libinit.o
         2          0          0          0          0          0   libinit2.o
         2          0          0          0          0          0   libshutdown.o
         2          0          0          0          0          0   libshutdown2.o
         8          4          0          0         96         68   libspace.o
        78          0          0          0          0         80   rt_memclr_w.o
         2          0          0          0          0          0   rtexit.o
        10          0          0          0          0          0   rtexit2.o
        12          4          0          0          0         68   sys_exit.o
        74          0          0          0          0         80   sys_stackheap_outer.o
         2          0          0          0          0         68   use_no_semi.o
        90          4          0          0          0         92   dfixu.o
        38          0          0          0          0         68   dflt_clz.o
       340         12          0          0          0        104   dmul.o
       156          4          0          0          0         92   dnaninf.o
        12          0          0          0          0         68   dretinf.o
         0          0          0          0          0          0   usenofp.o

    ----------------------------------------------------------------------
      1056         36          0          0        100       1088   Library Totals
         6          0          0          0          4          0   (incl. Padding)

    ----------------------------------------------------------------------

      Code (inc. data)   RO Data    RW Data    ZI Data      Debug   Library Name

       414         16          0          0         96        664   c_w.l
       636         20          0          0          0        424   fz_ws.l

    ----------------------------------------------------------------------
      1056         36          0          0        100       1088   Library Totals

    ----------------------------------------------------------------------

==============================================================================


      Code (inc. data)   RO Data    RW Data    ZI Data      Debug   

     12628        852        280        504       3088     557653   Grand Totals
     12628        852        280        120       3088     557653   ELF Image Totals (compressed)
     12628        852        280        120          0          0   ROM Totals

==============================================================================

    Total RO  Size (Code + RO Data)                12908 (  12.61kB)
    Total RW  Size (RW Data + ZI Data)              3592 (   3.51kB)
    Total ROM Size (Code + RO Data + RW Data)      13028 (  12.72kB)

==============================================================================

