Component: ARM Compiler 5.06 update 5 (build 528) Tool: armlink [4d35e2]

==============================================================================

Section Cross References

    startup_stm32f10x_md.o(STACK) refers (Special) to heapauxi.o(.text) for __use_two_region_memory
    startup_stm32f10x_md.o(HEAP) refers (Special) to heapauxi.o(.text) for __use_two_region_memory
    startup_stm32f10x_md.o(RESET) refers (Special) to heapauxi.o(.text) for __use_two_region_memory
    startup_stm32f10x_md.o(RESET) refers to startup_stm32f10x_md.o(STACK) for __initial_sp
    startup_stm32f10x_md.o(RESET) refers to startup_stm32f10x_md.o(.text) for Reset_Handler
    startup_stm32f10x_md.o(RESET) refers to stm32f10x_it.o(i.NMI_Handler) for NMI_Handler
    startup_stm32f10x_md.o(RESET) refers to stm32f10x_it.o(i.HardFault_Handler) for HardFault_Handler
    startup_stm32f10x_md.o(RESET) refers to stm32f10x_it.o(i.MemManage_Handler) for MemManage_Handler
    startup_stm32f10x_md.o(RESET) refers to stm32f10x_it.o(i.BusFault_Handler) for BusFault_Handler
    startup_stm32f10x_md.o(RESET) refers to stm32f10x_it.o(i.UsageFault_Handler) for UsageFault_Handler
    startup_stm32f10x_md.o(RESET) refers to stm32f10x_it.o(i.SVC_Handler) for SVC_Handler
    startup_stm32f10x_md.o(RESET) refers to stm32f10x_it.o(i.DebugMon_Handler) for DebugMon_Handler
    startup_stm32f10x_md.o(RESET) refers to stm32f10x_it.o(i.PendSV_Handler) for PendSV_Handler
    startup_stm32f10x_md.o(RESET) refers to stm32f10x_it.o(i.SysTick_Handler) for SysTick_Handler
    startup_stm32f10x_md.o(RESET) refers to detection.o(i.EXTI2_IRQHandler) for EXTI2_IRQHandler
    startup_stm32f10x_md.o(RESET) refers to detection.o(i.EXTI3_IRQHandler) for EXTI3_IRQHandler
    startup_stm32f10x_md.o(RESET) refers to detection.o(i.EXTI4_IRQHandler) for EXTI4_IRQHandler
    startup_stm32f10x_md.o(RESET) refers to detection.o(i.EXTI9_5_IRQHandler) for EXTI9_5_IRQHandler
    startup_stm32f10x_md.o(RESET) refers to tim.o(i.TIM3_IRQHandler) for TIM3_IRQHandler
    startup_stm32f10x_md.o(RESET) refers to detection.o(i.EXTI15_10_IRQHandler) for EXTI15_10_IRQHandler
    startup_stm32f10x_md.o(.text) refers (Special) to heapauxi.o(.text) for __use_two_region_memory
    startup_stm32f10x_md.o(.text) refers to system_stm32f10x.o(i.SystemInit) for SystemInit
    startup_stm32f10x_md.o(.text) refers to __main.o(!!!main) for __main
    startup_stm32f10x_md.o(.text) refers to startup_stm32f10x_md.o(HEAP) for Heap_Mem
    startup_stm32f10x_md.o(.text) refers to startup_stm32f10x_md.o(STACK) for Stack_Mem
    stm32f10x_gpio.o(i.GPIO_AFIODeInit) refers to stm32f10x_rcc.o(i.RCC_APB2PeriphResetCmd) for RCC_APB2PeriphResetCmd
    stm32f10x_gpio.o(i.GPIO_DeInit) refers to stm32f10x_rcc.o(i.RCC_APB2PeriphResetCmd) for RCC_APB2PeriphResetCmd
    stm32f10x_i2c.o(i.I2C_DeInit) refers to stm32f10x_rcc.o(i.RCC_APB1PeriphResetCmd) for RCC_APB1PeriphResetCmd
    stm32f10x_i2c.o(i.I2C_Init) refers to stm32f10x_rcc.o(i.RCC_GetClocksFreq) for RCC_GetClocksFreq
    stm32f10x_rcc.o(i.RCC_GetClocksFreq) refers to stm32f10x_rcc.o(.data) for APBAHBPrescTable
    stm32f10x_rcc.o(i.RCC_WaitForHSEStartUp) refers to stm32f10x_rcc.o(i.RCC_GetFlagStatus) for RCC_GetFlagStatus
    stm32f10x_spi.o(i.I2S_Init) refers to stm32f10x_rcc.o(i.RCC_GetClocksFreq) for RCC_GetClocksFreq
    stm32f10x_spi.o(i.SPI_I2S_DeInit) refers to stm32f10x_rcc.o(i.RCC_APB2PeriphResetCmd) for RCC_APB2PeriphResetCmd
    stm32f10x_spi.o(i.SPI_I2S_DeInit) refers to stm32f10x_rcc.o(i.RCC_APB1PeriphResetCmd) for RCC_APB1PeriphResetCmd
    stm32f10x_tim.o(i.TIM_DeInit) refers to stm32f10x_rcc.o(i.RCC_APB2PeriphResetCmd) for RCC_APB2PeriphResetCmd
    stm32f10x_tim.o(i.TIM_DeInit) refers to stm32f10x_rcc.o(i.RCC_APB1PeriphResetCmd) for RCC_APB1PeriphResetCmd
    stm32f10x_tim.o(i.TIM_ETRClockMode1Config) refers to stm32f10x_tim.o(i.TIM_ETRConfig) for TIM_ETRConfig
    stm32f10x_tim.o(i.TIM_ETRClockMode2Config) refers to stm32f10x_tim.o(i.TIM_ETRConfig) for TIM_ETRConfig
    stm32f10x_tim.o(i.TIM_ICInit) refers to stm32f10x_tim.o(i.TI1_Config) for TI1_Config
    stm32f10x_tim.o(i.TIM_ICInit) refers to stm32f10x_tim.o(i.TIM_SetIC1Prescaler) for TIM_SetIC1Prescaler
    stm32f10x_tim.o(i.TIM_ICInit) refers to stm32f10x_tim.o(i.TI2_Config) for TI2_Config
    stm32f10x_tim.o(i.TIM_ICInit) refers to stm32f10x_tim.o(i.TIM_SetIC2Prescaler) for TIM_SetIC2Prescaler
    stm32f10x_tim.o(i.TIM_ICInit) refers to stm32f10x_tim.o(i.TI3_Config) for TI3_Config
    stm32f10x_tim.o(i.TIM_ICInit) refers to stm32f10x_tim.o(i.TIM_SetIC3Prescaler) for TIM_SetIC3Prescaler
    stm32f10x_tim.o(i.TIM_ICInit) refers to stm32f10x_tim.o(i.TI4_Config) for TI4_Config
    stm32f10x_tim.o(i.TIM_ICInit) refers to stm32f10x_tim.o(i.TIM_SetIC4Prescaler) for TIM_SetIC4Prescaler
    stm32f10x_tim.o(i.TIM_ITRxExternalClockConfig) refers to stm32f10x_tim.o(i.TIM_SelectInputTrigger) for TIM_SelectInputTrigger
[...]
    Removing stm32f10x_usart.o(i.USART_OneBitMethodCmd), (24 bytes).
    Removing stm32f10x_usart.o(i.USART_OverSampling8Cmd), (22 bytes).
    Removing stm32f10x_usart.o(i.USART_ReceiveData), (10 bytes).
    Removing stm32f10x_usart.o(i.USART_ReceiverWakeUpCmd), (24 bytes).
    Removing stm32f10x_usart.o(i.USART_SendBreak), (10 bytes).
    Removing stm32f10x_usart.o(i.USART_SendData), (8 bytes).
    Removing stm32f10x_usart.o(i.USART_SetAddress), (18 bytes).
    Removing stm32f10x_usart.o(i.USART_SetGuardTime), (16 bytes).
    Removing stm32f10x_usart.o(i.USART_SetPrescaler), (16 bytes).
    Removing stm32f10x_usart.o(i.USART_SmartCardCmd), (24 bytes).
    Removing stm32f10x_usart.o(i.USART_SmartCardNACKCmd), (24 bytes).
    Removing stm32f10x_usart.o(i.USART_StructInit), (24 bytes).
    Removing stm32f10x_usart.o(i.USART_WakeUpConfig), (18 bytes).
    Removing stm32f10x_exti.o(i.EXTI_ClearFlag), (12 bytes).
    Removing stm32f10x_exti.o(i.EXTI_DeInit), (36 bytes).
    Removing stm32f10x_exti.o(i.EXTI_GenerateSWInterrupt), (16 bytes).
    Removing stm32f10x_exti.o(i.EXTI_GetFlagStatus), (24 bytes).
    Removing stm32f10x_exti.o(i.EXTI_StructInit), (16 bytes).
    Removing stm32f10x_iwdg.o(i.IWDG_GetFlagStatus), (24 bytes).
    Removing sys.o(i.NVIC_Configuration), (2 bytes).
    Removing delay.o(i.delay_us), (76 bytes).
    Removing lora.o(i.lora_receive), (120 bytes).
    Removing system_stm32f10x.o(i.SystemCoreClockUpdate), (164 bytes).
    Removing sx127x_driver.o(i.sx127xRx), (194 bytes).
    Removing sx127x_driver.o(i.sx127xSend), (154 bytes).
    Removing example_cad.o(i.exampleCAD), (296 bytes).
    Removing example_cad.o(.constdata), (11 bytes).
    Removing example_rx.o(i.exampleRx), (136 bytes).
    Removing example_tx.o(i.exampleTx), (172 bytes).
    Removing example_tx.o(.data), (4 bytes).

230 unused section(s) (total 9213 bytes) removed from the image.

==============================================================================

Image Symbol Table

    Local Symbols

    Symbol Name                              Value     Ov Type        Size  Object(Section)

    ../clib/angel/boardlib.s                 0x00000000   Number         0  boardshut.o ABSOLUTE
    ../clib/angel/boardlib.s                 0x00000000   Number         0  boardinit1.o ABSOLUTE
    ../clib/angel/boardlib.s                 0x00000000   Number         0  boardinit2.o ABSOLUTE
    ../clib/angel/boardlib.s                 0x00000000   Number         0  boardinit3.o ABSOLUTE
    ../clib/angel/handlers.s                 0x00000000   Number         0  __scatter_copy.o ABSOLUTE
    ../clib/angel/handlers.s                 0x00000000   Number         0  __scatter_zi.o ABSOLUTE
    ../clib/angel/kernel.s                   0x00000000   Number         0  __rtentry2.o ABSOLUTE
    ../clib/angel/kernel.s                   0x00000000   Number         0  __rtentry.o ABSOLUTE
    ../clib/angel/kernel.s                   0x00000000   Number         0  rtexit2.o ABSOLUTE
    ../clib/angel/kernel.s                   0x00000000   Number         0  rtexit.o ABSOLUTE
    ../clib/angel/kernel.s                   0x00000000   Number         0  __rtentry4.o ABSOLUTE
    ../clib/angel/rt.s                       0x00000000   Number         0  rt_errno_addr_intlibspace.o ABSOLUTE
    ../clib/angel/rt.s                       0x00000000   Number         0  rt_heap_descriptor_intlibspace.o ABSOLUTE
    ../clib/angel/rt.s                       0x00000000   Number         0  rt_raise.o ABSOLUTE
    ../clib/angel/rt.s                       0x00000000   Number         0  rt_heap_descriptor.o ABSOLUTE
    ../clib/angel/rt.s                       0x00000000   Number         0  rt_errno_addr.o ABSOLUTE
    ../clib/angel/scatter.s                  0x00000000   Number         0  __scatter.o ABSOLUTE
    ../clib/angel/startup.s                  0x00000000   Number         0  __main.o ABSOLUTE
    ../clib/angel/sys.s                      0x00000000   Number         0  sys_stackheap_outer.o ABSOLUTE
    ../clib/angel/sys.s                      0x00000000   Number         0  indicate_semi.o ABSOLUTE
    ../clib/angel/sys.s                      0x00000000   Number         0  libspace.o ABSOLUTE
    ../clib/angel/sys.s                      0x00000000   Number         0  mutex_dummy.o ABSOLUTE
    ../clib/angel/sys.s                      0x00000000   Number         0  use_no_semi.o ABSOLUTE
    ../clib/angel/sysapp.c                   0x00000000   Number         0  sys_wrch.o ABSOLUTE
    ../clib/angel/sysapp.c                   0x00000000   Number         0  sys_exit.o ABSOLUTE
    ../clib/angel/sysapp.c                   0x00000000   Number         0  sys_io.o ABSOLUTE
    ../clib/angel/sysapp.c                   0x00000000   Number         0  sys_command.o ABSOLUTE
    ../clib/armsys.c                         0x00000000   Number         0  argv_veneer.o ABSOLUTE
    ../clib/armsys.c                         0x00000000   Number         0  no_argv.o ABSOLUTE
    ../clib/armsys.c                         0x00000000   Number         0  _get_argv_nomalloc.o ABSOLUTE
    ../clib/armsys.c                         0x00000000   Number         0  _get_argv.o ABSOLUTE
    ../clib/armsys.c                         0x00000000   Number         0  argv_veneer.o ABSOLUTE
    ../clib/assert.c                         0x00000000   Number         0  assert_stdio.o ABSOLUTE
    ../clib/heap1.c                          0x00000000   Number         0  h1_free_mt.o ABSOLUTE
    ../clib/heap1.c                          0x00000000   Number         0  h1_free.o ABSOLUTE
    ../clib/heap1.c                          0x00000000   Number         0  h1_final_mt.o ABSOLUTE
    ../clib/heap1.c                          0x00000000   Number         0  h1_final.o ABSOLUTE
    ../clib/heap1.c                          0x00000000   Number         0  h1_alloc.o ABSOLUTE
    ../clib/heap1.c                          0x00000000   Number         0  h1_extend_mt.o ABSOLUTE
    ../clib/heap1.c                          0x00000000   Number         0  h1_alloc_mt.o ABSOLUTE
    ../clib/heap1.c                          0x00000000   Number         0  h1_init_mt.o ABSOLUTE
    ../clib/heap1.c                          0x00000000   Number         0  h1_extend.o ABSOLUTE
    ../clib/heap1.c                          0x00000000   Number         0  h1_init.o ABSOLUTE
    ../clib/heap2.c                          0x00000000   Number         0  heap2.o ABSOLUTE
    ../clib/heap2.c                          0x00000000   Number         0  heap2mt.o ABSOLUTE
    ../clib/heap2.c                          0x00000000   Number         0  fdtree.o ABSOLUTE
    ../clib/heapalloc.c                      0x00000000   Number         0  maybetermalloc2.o ABSOLUTE
    ../clib/heapalloc.c                      0x00000000   Number         0  hguard.o ABSOLUTE
    ../clib/heapalloc.c                      0x00000000   Number         0  maybetermalloc1.o ABSOLUTE
    ../clib/heapalloc.c                      0x00000000   Number         0  term_alloc.o ABSOLUTE
    ../clib/heapalloc.c                      0x00000000   Number         0  hrguard.o ABSOLUTE
    ../clib/heapalloc.c                      0x00000000   Number         0  init_alloc.o ABSOLUTE
    ../clib/heapalloc.c                      0x00000000   Number         0  maybetermalloc1.o ABSOLUTE
    ../clib/heapalloc.c                      0x00000000   Number         0  malloc.o ABSOLUTE
    ../clib/heapalloc.c                      0x00000000   Number         0  heapstubs.o ABSOLUTE
    ../clib/heapalloc.c                      0x00000000   Number         0  free.o ABSOLUTE
    ../clib/heapalloc.c                      0x00000000   Number         0  maybetermalloc2.o ABSOLUTE
    ../clib/heapaux.c                        0x00000000   Number         0  heapauxi.o ABSOLUTE
    ../clib/heapaux.c                        0x00000000   Number         0  heapauxa.o ABSOLUTE
    ../clib/libinit.s                        0x00000000   Number         0  libshutdown2.o ABSOLUTE
    ../clib/libinit.s                        0x00000000   Number         0  libinit2.o ABSOLUTE
    ../clib/libinit.s                        0x00000000   Number         0  libinit.o ABSOLUTE
    ../clib/libinit.s                        0x00000000   Number         0  libshutdown.o ABSOLUTE
    ../clib/memcpset.s                       0x00000000   Number         0  rt_memclr.o ABSOLUTE
    ../clib/memcpset.s                       0x00000000   Number         0  rt_memclr_w.o ABSOLUTE
    ../clib/memcpset.s                       0x00000000   Number         0  rt_memcpy_v6.o ABSOLUTE
    ../clib/memcpset.s                       0x00000000   Number         0  rt_memcpy_w.o ABSOLUTE
    ../clib/printf.c                         0x00000000   Number         0  __2printf.o ABSOLUTE
    ../clib/printf.c                         0x00000000   Number         0  __printf_ss_wp.o ABSOLUTE
    ../clib/printf.c                         0x00000000   Number         0  __printf_flags_wp.o ABSOLUTE
    ../clib/printf.c                         0x00000000   Number         0  noretval__2printf.o ABSOLUTE
    ../clib/printf.c                         0x00000000   Number         0  __printf_wp.o ABSOLUTE
    ../clib/printf.c                         0x00000000   Number         0  __printf_flags_ss.o ABSOLUTE
    ../clib/printf.c                         0x00000000   Number         0  __printf_ss.o ABSOLUTE
    ../clib/printf.c                         0x00000000   Number         0  _printf_char_common.o ABSOLUTE
    ../clib/printf.c                         0x00000000   Number         0  _sputc.o ABSOLUTE
    ../clib/printf.c                         0x00000000   Number         0  __printf_flags.o ABSOLUTE
    ../clib/printf.c                         0x00000000   Number         0  _printf_str.o ABSOLUTE
    ../clib/printf.c                         0x00000000   Number         0  _printf_char_file.o ABSOLUTE
    ../clib/printf.c                         0x00000000   Number         0  _printf_intcommon.o ABSOLUTE
    ../clib/printf.c                         0x00000000   Number         0  _printf_char_file_locked.o ABSOLUTE
    ../clib/printf.c                         0x00000000   Number         0  __printf.o ABSOLUTE
    ../clib/printf.c                         0x00000000   Number         0  _printf_char.o ABSOLUTE
    ../clib/printf.c                         0x00000000   Number         0  __printf_nopercent.o ABSOLUTE
    ../clib/printf.c                         0x00000000   Number         0  noretval__2sprintf.o ABSOLUTE
    ../clib/printf.c                         0x00000000   Number         0  _printf_dec.o ABSOLUTE
    ../clib/printf.c                         0x00000000   Number         0  __2sprintf.o ABSOLUTE
    ../clib/printf.c                         0x00000000   Number         0  __printf_flags_ss_wp.o ABSOLUTE
    ../clib/printf_percent.s                 0x00000000   Number         0  _printf_d.o ABSOLUTE
    ../clib/printf_percent.s                 0x00000000   Number         0  _printf_percent.o ABSOLUTE
    ../clib/printf_percent.s                 0x00000000   Number         0  _printf_c.o ABSOLUTE
    ../clib/printf_percent.s                 0x00000000   Number         0  _printf_percent_end.o ABSOLUTE
    ../clib/printf_percent.s                 0x00000000   Number         0  _printf_s.o ABSOLUTE
    ../clib/signal.c                         0x00000000   Number         0  defsig_rtred_outer.o ABSOLUTE
    ../clib/signal.c                         0x00000000   Number         0  defsig_rtmem_inner.o ABSOLUTE
    ../clib/signal.c                         0x00000000   Number         0  defsig_general.o ABSOLUTE
    ../clib/signal.c                         0x00000000   Number         0  defsig_exit.o ABSOLUTE
    ../clib/signal.c                         0x00000000   Number         0  defsig_rtmem_outer.o ABSOLUTE
    ../clib/signal.c                         0x00000000   Number         0  defsig_rtmem_formal.o ABSOLUTE
    ../clib/signal.c                         0x00000000   Number         0  defsig_rtred_inner.o ABSOLUTE
    ../clib/signal.c                         0x00000000   Number         0  defsig_rtred_formal.o ABSOLUTE
    ../clib/signal.c                         0x00000000   Number         0  defsig_abrt_inner.o ABSOLUTE
    ../clib/signal.c                         0x00000000   Number         0  defsig_fpe_inner.o ABSOLUTE
    ../clib/signal.c                         0x00000000   Number         0  __raise.o ABSOLUTE
    ../clib/signal.c                         0x00000000   Number         0  defsig_stak_inner.o ABSOLUTE
    ../clib/signal.c                         0x00000000   Number         0  defsig_pvfn_inner.o ABSOLUTE
    ../clib/signal.c                         0x00000000   Number         0  defsig_cppl_inner.o ABSOLUTE
    ../clib/signal.c                         0x00000000   Number         0  defsig_segv_inner.o ABSOLUTE
    ../clib/signal.c                         0x00000000   Number         0  defsig_other.o ABSOLUTE
    ../clib/signal.s                         0x00000000   Number         0  defsig.o ABSOLUTE
    ../clib/stdio.c                          0x00000000   Number         0  fputc_locked.o ABSOLUTE
    ../clib/stdio.c                          0x00000000   Number         0  initio.o ABSOLUTE
    ../clib/stdio.c                          0x00000000   Number         0  fputc.o ABSOLUTE
    ../clib/stdio.c                          0x00000000   Number         0  fwritefast_locked.o ABSOLUTE
    ../clib/stdio.c                          0x00000000   Number         0  fflush_locked.o ABSOLUTE
    ../clib/stdio.c                          0x00000000   Number         0  ferror.o ABSOLUTE
    ../clib/stdio.c                          0x00000000   Number         0  fputs_locked.o ABSOLUTE
    ../clib/stdio.c                          0x00000000   Number         0  ftell.o ABSOLUTE
    ../clib/stdio.c                          0x00000000   Number         0  fputs.o ABSOLUTE
    ../clib/stdio.c                          0x00000000   Number         0  fflush.o ABSOLUTE
    ../clib/stdio.c                          0x00000000   Number         0  fclose.o ABSOLUTE
    ../clib/stdio.c                          0x00000000   Number         0  setvbuf.o ABSOLUTE
    ../clib/stdio.c                          0x00000000   Number         0  flsbuf.o ABSOLUTE
    ../clib/stdio.c                          0x00000000   Number         0  fopen_locked.o ABSOLUTE
    ../clib/stdio.c                          0x00000000   Number         0  stdio.o ABSOLUTE
    ../clib/stdio.c                          0x00000000   Number         0  fwritefast.o ABSOLUTE
    ../clib/stdio.c                          0x00000000   Number         0  setvbuf_locked.o ABSOLUTE
    ../clib/stdio.c                          0x00000000   Number         0  streamlock.o ABSOLUTE
    ../clib/stdio.c                          0x00000000   Number         0  initio_locked.o ABSOLUTE
    ../clib/stdio.c                          0x00000000   Number         0  ferror_locked.o ABSOLUTE
    ../clib/stdio.c                          0x00000000   Number         0  fseek.o ABSOLUTE
    ../clib/stdio.c                          0x00000000   Number         0  fopen.o ABSOLUTE
    ../clib/stdio.c                          0x00000000   Number         0  stdio_streams.o ABSOLUTE
    ../clib/stdlib.c                         0x00000000   Number         0  exit.o ABSOLUTE
    ../clib/string.c                         0x00000000   Number         0  strlen.o ABSOLUTE
    ../clib/wchar.c                          0x00000000   Number         0  flsbuf_fwide.o ABSOLUTE
    ../fplib/dfixu.s                         0x00000000   Number         0  dfixu.o ABSOLUTE
    ../fplib/dflt.s                          0x00000000   Number         0  dflt_clz.o ABSOLUTE
    ../fplib/dmul.s                          0x00000000   Number         0  dmul.o ABSOLUTE
    ../fplib/dnaninf.s                       0x00000000   Number         0  dnaninf.o ABSOLUTE
    ../fplib/dretinf.s                       0x00000000   Number         0  dretinf.o ABSOLUTE
    ../fplib/fpinit.s                        0x00000000   Number         0  fpinit.o ABSOLUTE
    ../fplib/usenofp.s                       0x00000000   Number         0  usenofp.o ABSOLUTE
    ..\CORE\core_cm3.c                       0x00000000   Number         0  core_cm3.o ABSOLUTE
    ..\CORE\startup_stm32f10x_md.s           0x00000000   Number         0  startup_stm32f10x_md.o ABSOLUTE
    ..\HARDWARE\DETECTION\detection.c        0x00000000   Number         0  detection.o ABSOLUTE
    ..\HARDWARE\LED\led.c                    0x00000000   Number         0  led.o ABSOLUTE
    ..\HARDWARE\LORA\lora.c                  0x00000000   Number         0  lora.o ABSOLUTE
    ..\HARDWARE\SX127X\HAL\SX127x_hal.c      0x00000000   Number         0  sx127x_hal.o ABSOLUTE
    ..\HARDWARE\SX127X\example\example_CAD.c 0x00000000   Number         0  example_cad.o ABSOLUTE
    ..\HARDWARE\SX127X\example\example_RX.c  0x00000000   Number         0  example_rx.o ABSOLUTE
    ..\HARDWARE\SX127X\example\example_TX.c  0x00000000   Number         0  example_tx.o ABSOLUTE
    ..\HARDWARE\SX127X\radio\sx127x_driver.c 0x00000000   Number         0  sx127x_driver.o ABSOLUTE
    ..\HARDWARE\TIM\tim.c                    0x00000000   Number         0  tim.o ABSOLUTE
    ..\STM32F10x_FWLib\src\misc.c            0x00000000   Number         0  misc.o ABSOLUTE
    ..\STM32F10x_FWLib\src\stm32f10x_exti.c  0x00000000   Number         0  stm32f10x_exti.o ABSOLUTE
    ..\STM32F10x_FWLib\src\stm32f10x_gpio.c  0x00000000   Number         0  stm32f10x_gpio.o ABSOLUTE
    ..\STM32F10x_FWLib\src\stm32f10x_i2c.c   0x00000000   Number         0  stm32f10x_i2c.o ABSOLUTE
    ..\STM32F10x_FWLib\src\stm32f10x_iwdg.c  0x00000000   Number         0  stm32f10x_iwdg.o ABSOLUTE
    ..\STM32F10x_FWLib\src\stm32f10x_rcc.c   0x00000000   Number         0  stm32f10x_rcc.o ABSOLUTE
    ..\STM32F10x_FWLib\src\stm32f10x_spi.c   0x00000000   Number         0  stm32f10x_spi.o ABSOLUTE
    ..\STM32F10x_FWLib\src\stm32f10x_tim.c   0x00000000   Number         0  stm32f10x_tim.o ABSOLUTE
    ..\STM32F10x_FWLib\src\stm32f10x_usart.c 0x00000000   Number         0  stm32f10x_usart.o ABSOLUTE
    ..\SYSTEM\delay\delay.c                  0x00000000   Number         0  delay.o ABSOLUTE
    ..\SYSTEM\sys\sys.c                      0x00000000   Number         0  sys.o ABSOLUTE
    ..\\CORE\\core_cm3.c                     0x00000000   Number         0  core_cm3.o ABSOLUTE
    dc.s                                     0x00000000   Number         0  dc.o ABSOLUTE
    main.c                                   0x00000000   Number         0  main.o ABSOLUTE
    stm32f10x_it.c                           0x00000000   Number         0  stm32f10x_it.o ABSOLUTE
    syscfg.c                                 0x00000000   Number         0  syscfg.o ABSOLUTE
    system_stm32f10x.c                       0x00000000   Number         0  system_stm32f10x.o ABSOLUTE
    RESET                                    0x08000000   Section      236  startup_stm32f10x_md.o(RESET)
    !!!main                                  0x080000ec   Section        8  __main.o(!!!main)
    !!!scatter                               0x080000f4   Section       52  __scatter.o(!!!scatter)
    !!handler_copy                           0x08000128   Section       26  __scatter_copy.o(!!handler_copy)
    !!handler_zi                             0x08000144   Section       28  __scatter_zi.o(!!handler_zi)
    .ARM.Collect$$_printf_percent$$00000000  0x08000160   Section        0  _printf_percent.o(.ARM.Collect$$_printf_percent$$00000000)
    .ARM.Collect$$_printf_percent$$00000013  0x08000160   Section        6  _printf_c.o(.ARM.Collect$$_printf_percent$$00000013)
    .ARM.Collect$$_printf_percent$$00000017  0x08000166   Section        4  _printf_percent_end.o(.ARM.Collect$$_printf_percent$$00000017)
    .ARM.Collect$$libinit$$00000000          0x0800016a   Section        2  libinit.o(.ARM.Collect$$libinit$$00000000)
    .ARM.Collect$$libinit$$00000002          0x0800016c   Section        0  libinit2.o(.ARM.Collect$$libinit$$00000002)
    .ARM.Collect$$libinit$$00000004          0x0800016c   Section        0  libinit2.o(.ARM.Collect$$libinit$$00000004)
    .ARM.Collect$$libinit$$0000000A          0x0800016c   Section        0  libinit2.o(.ARM.Collect$$libinit$$0000000A)
    .ARM.Collect$$libinit$$0000000C          0x0800016c   Section        0  libinit2.o(.ARM.Collect$$libinit$$0000000C)
    .ARM.Collect$$libinit$$0000000E          0x0800016c   Section        0  libinit2.o(.ARM.Collect$$libinit$$0000000E)
    .ARM.Collect$$libinit$$00000011          0x0800016c   Section        0  libinit2.o(.ARM.Collect$$libinit$$00000011)
    .ARM.Collect$$libinit$$00000013          0x0800016c   Section        0  libinit2.o(.ARM.Collect$$libinit$$00000013)
    .ARM.Collect$$libinit$$00000015          0x0800016c   Section        0  libinit2.o(.ARM.Collect$$libinit$$00000015)
    .ARM.Collect$$libinit$$00000017          0x0800016c   Section        0  libinit2.o(.ARM.Collect$$libinit$$00000017)
    .ARM.Collect$$libinit$$00000019          0x0800016c   Section        0  libinit2.o(.ARM.Collect$$libinit$$00000019)
    .ARM.Collect$$libinit$$0000001B          0x0800016c   Section        0  libinit2.o(.ARM.Collect$$libinit$$0000001B)
    .ARM.Collect$$libinit$$0000001D          0x0800016c   Section        0  libinit2.o(.ARM.Collect$$libinit$$0000001D)
    .ARM.Collect$$libinit$$0000001F          0x0800016c   Section        0  libinit2.o(.ARM.Collect$$libinit$$0000001F)
    .ARM.Collect$$libinit$$00000021          0x0800016c   Section        0  libinit2.o(.ARM.Collect$$libinit$$00000021)
    .ARM.Collect$$libinit$$00000023          0x0800016c   Section        0  libinit2.o(.ARM.Collect$$libinit$$00000023)
    .ARM.Collect$$libinit$$00000025          0x0800016c   Section        0  libinit2.o(.ARM.Collect$$libinit$$00000025)
    .ARM.Collect$$libinit$$0000002C          0x0800016c   Section        0  libinit2.o(.ARM.Collect$$libinit$$0000002C)
    .ARM.Collect$$libinit$$0000002E          0x0800016c   Section        0  libinit2.o(.ARM.Collect$$libinit$$0000002E)
    .ARM.Collect$$libinit$$00000030          0x0800016c   Section        0  libinit2.o(.ARM.Collect$$libinit$$00000030)
    .ARM.Collect$$libinit$$00000032          0x0800016c   Section        0  libinit2.o(.ARM.Collect$$libinit$$00000032)
    .ARM.Collect$$libinit$$00000033          0x0800016c   Section        2  libinit2.o(.ARM.Collect$$libinit$$00000033)
    .ARM.Collect$$libshutdown$$00000000      0x0800016e   Section        2  libshutdown.o(.ARM.Collect$$libshutdown$$00000000)
    .ARM.Collect$$libshutdown$$00000002      0x08000170   Section        0  libshutdown2.o(.ARM.Collect$$libshutdown$$00000002)
    .ARM.Collect$$libshutdown$$00000004      0x08000170   Section        0  libshutdown2.o(.ARM.Collect$$libshutdown$$00000004)
    .ARM.Collect$$libshutdown$$00000007      0x08000170   Section        0  libshutdown2.o(.ARM.Collect$$libshutdown$$00000007)
    .ARM.Collect$$libshutdown$$0000000A      0x08000170   Section        0  libshutdown2.o(.ARM.Collect$$libshutdown$$0000000A)
    .ARM.Collect$$libshutdown$$0000000C      0x08000170   Section        0  libshutdown2.o(.ARM.Collect$$libshutdown$$0000000C)
    .ARM.Collect$$libshutdown$$0000000F      0x08000170   Section        0  libshutdown2.o(.ARM.Collect$$libshutdown$$0000000F)
    .ARM.Collect$$libshutdown$$00000010      0x08000170   Section        2  libshutdown2.o(.ARM.Collect$$libshutdown$$00000010)
    .ARM.Collect$$rtentry$$00000000          0x08000172   Section        0  __rtentry.o(.ARM.Collect$$rtentry$$00000000)
    .ARM.Collect$$rtentry$$00000002          0x08000172   Section        0  __rtentry2.o(.ARM.Collect$$rtentry$$00000002)
    .ARM.Collect$$rtentry$$00000004          0x08000172   Section        6  __rtentry4.o(.ARM.Collect$$rtentry$$00000004)
    .ARM.Collect$$rtentry$$00000009          0x08000178   Section        0  __rtentry2.o(.ARM.Collect$$rtentry$$00000009)
    .ARM.Collect$$rtentry$$0000000A          0x08000178   Section        4  __rtentry2.o(.ARM.Collect$$rtentry$$0000000A)
    .ARM.Collect$$rtentry$$0000000C          0x0800017c   Section        0  __rtentry2.o(.ARM.Collect$$rtentry$$0000000C)
    .ARM.Collect$$rtentry$$0000000D          0x0800017c   Section        8  __rtentry2.o(.ARM.Collect$$rtentry$$0000000D)
    .ARM.Collect$$rtexit$$00000000           0x08000184   Section        2  rtexit.o(.ARM.Collect$$rtexit$$00000000)
    .ARM.Collect$$rtexit$$00000002           0x08000186   Section        0  rtexit2.o(.ARM.Collect$$rtexit$$00000002)
    .ARM.Collect$$rtexit$$00000003           0x08000186   Section        4  rtexit2.o(.ARM.Collect$$rtexit$$00000003)
    .ARM.Collect$$rtexit$$00000004           0x0800018a   Section        6  rtexit2.o(.ARM.Collect$$rtexit$$00000004)
    .text                                    0x08000190   Section       64  startup_stm32f10x_md.o(.text)
    .text                                    0x080001d0   Section        0  noretval__2sprintf.o(.text)
    .text                                    0x080001f8   Section        0  __printf.o(.text)
    .text                                    0x08000260   Section        0  _printf_str.o(.text)
    .text                                    0x080002b2   Section        0  heapauxi.o(.text)
    .text                                    0x080002b8   Section        0  _printf_char_common.o(.text)
    _printf_input_char                       0x080002b9   Thumb Code    10  _printf_char_common.o(.text)
    .text                                    0x080002e8   Section        0  _sputc.o(.text)
    .text                                    0x080002f2   Section        0  _printf_char.o(.text)
    .text                                    0x0800031e   Section       74  sys_stackheap_outer.o(.text)
    .text                                    0x08000368   Section        0  exit.o(.text)
    .text                                    0x0800037c   Section        8  libspace.o(.text)
    .text                                    0x08000384   Section        2  use_no_semi.o(.text)
    .text                                    0x08000386   Section        0  indicate_semi.o(.text)
    .text                                    0x08000388   Section        0  sys_exit.o(.text)
    i.BusFault_Handler                       0x08000394   Section        0  stm32f10x_it.o(i.BusFault_Handler)
    i.DebugMon_Handler                       0x08000398   Section        0  stm32f10x_it.o(i.DebugMon_Handler)
    i.EXTI15_10_IRQHandler                   0x0800039c   Section        0  detection.o(i.EXTI15_10_IRQHandler)
    i.EXTI2_IRQHandler                       0x0800047c   Section        0  detection.o(i.EXTI2_IRQHandler)
    i.EXTI3_IRQHandler                       0x080004d0   Section        0  detection.o(i.EXTI3_IRQHandler)
    i.EXTI4_IRQHandler                       0x08000524   Section        0  detection.o(i.EXTI4_IRQHandler)
    i.EXTI9_5_IRQHandler                     0x08000578   Section        0  detection.o(i.EXTI9_5_IRQHandler)
    i.EXTI_ClearITPendingBit                 0x0800060c   Section        0  stm32f10x_exti.o(i.EXTI_ClearITPendingBit)
    i.EXTI_GetITStatus                       0x08000618   Section        0  stm32f10x_exti.o(i.EXTI_GetITStatus)
    i.EXTI_Init                              0x08000640   Section        0  stm32f10x_exti.o(i.EXTI_Init)
    i.GPIO_EXTILineConfig                    0x080006d4   Section        0  stm32f10x_gpio.o(i.GPIO_EXTILineConfig)
    i.GPIO_Init                              0x08000714   Section        0  stm32f10x_gpio.o(i.GPIO_Init)
    i.GPIO_PinRemapConfig                    0x0800082c   Section        0  stm32f10x_gpio.o(i.GPIO_PinRemapConfig)
    i.GPIO_ReadInputDataBit                  0x080008bc   Section        0  stm32f10x_gpio.o(i.GPIO_ReadInputDataBit)
    i.GPIO_WriteBit                          0x080008ce   Section        0  stm32f10x_gpio.o(i.GPIO_WriteBit)
    i.GetTick                                0x080008d8   Section        0  stm32f10x_it.o(i.GetTick)
    i.GetUID                                 0x080008e4   Section        0  syscfg.o(i.GetUID)
    i.HardFault_Handler                      0x08000918   Section        0  stm32f10x_it.o(i.HardFault_Handler)
    i.IWDG_Config                            0x0800091c   Section        0  syscfg.o(i.IWDG_Config)
    i.IWDG_Enable                            0x08000940   Section        0  stm32f10x_iwdg.o(i.IWDG_Enable)
    i.IWDG_Feed                              0x08000950   Section        0  syscfg.o(i.IWDG_Feed)
    i.IWDG_ReloadCounter                     0x08000958   Section        0  stm32f10x_iwdg.o(i.IWDG_ReloadCounter)
    i.IWDG_SetPrescaler                      0x08000968   Section        0  stm32f10x_iwdg.o(i.IWDG_SetPrescaler)
    i.IWDG_SetReload                         0x08000974   Section        0  stm32f10x_iwdg.o(i.IWDG_SetReload)
    i.IWDG_WriteAccessCmd                    0x08000980   Section        0  stm32f10x_iwdg.o(i.IWDG_WriteAccessCmd)
    i.LED_Init                               0x0800098c   Section        0  led.o(i.LED_Init)
    i.LoraSendMessage                        0x080009c4   Section        0  lora.o(i.LoraSendMessage)
    i.Lorapairrequest                        0x08000a2c   Section        0  syscfg.o(i.Lorapairrequest)
    i.MemManage_Handler                      0x08000a44   Section        0  stm32f10x_it.o(i.MemManage_Handler)
    i.NMI_Handler                            0x08000a48   Section        0  stm32f10x_it.o(i.NMI_Handler)
    i.NVIC_Init                              0x08000a4c   Section        0  misc.o(i.NVIC_Init)
    i.NVIC_PriorityGroupConfig               0x08000abc   Section        0  misc.o(i.NVIC_PriorityGroupConfig)
    i.PendSV_Handler                         0x08000ad0   Section        0  stm32f10x_it.o(i.PendSV_Handler)
    i.RCC_APB1PeriphClockCmd                 0x08000ad4   Section        0  stm32f10x_rcc.o(i.RCC_APB1PeriphClockCmd)
    i.RCC_APB2PeriphClockCmd                 0x08000af4   Section        0  stm32f10x_rcc.o(i.RCC_APB2PeriphClockCmd)
    i.Read127xReg                            0x08000b14   Section        0  sx127x_driver.o(i.Read127xReg)
    i.SPI_Cmd                                0x08000b28   Section        0  stm32f10x_spi.o(i.SPI_Cmd)
    i.SPI_I2S_GetFlagStatus                  0x08000b40   Section        0  stm32f10x_spi.o(i.SPI_I2S_GetFlagStatus)
    i.SPI_I2S_ReceiveData                    0x08000b52   Section        0  stm32f10x_spi.o(i.SPI_I2S_ReceiveData)
    i.SPI_I2S_SendData                       0x08000b58   Section        0  stm32f10x_spi.o(i.SPI_I2S_SendData)
    i.SPI_Init                               0x08000b5c   Section        0  stm32f10x_spi.o(i.SPI_Init)
    i.SVC_Handler                            0x08000b98   Section        0  stm32f10x_it.o(i.SVC_Handler)
    i.SX1276HALInit                          0x08000b9c   Section        0  sx127x_hal.o(i.SX1276HALInit)
    i.SX1276ReadDio0                         0x08000c38   Section        0  sx127x_hal.o(i.SX1276ReadDio0)
    i.SX1276ReadDio1                         0x08000c4c   Section        0  sx127x_hal.o(i.SX1276ReadDio1)
    i.SX1276ReadDio3                         0x08000c60   Section        0  sx127x_hal.o(i.SX1276ReadDio3)
    i.SX1276ReadDio4                         0x08000c74   Section        0  sx127x_hal.o(i.SX1276ReadDio4)
    i.SX1278ReadBuffer                       0x08000c88   Section        0  sx127x_driver.o(i.SX1278ReadBuffer)
    SX1278ReadBuffer                         0x08000c89   Thumb Code    54  sx127x_driver.o(i.SX1278ReadBuffer)
    i.SX1278WriteBuffer                      0x08000cbe   Section        0  sx127x_driver.o(i.SX1278WriteBuffer)
    SX1278WriteBuffer                        0x08000cbf   Thumb Code    52  sx127x_driver.o(i.SX1278WriteBuffer)
    i.SX127X_ResetPinControl                 0x08000cf4   Section        0  sx127x_hal.o(i.SX127X_ResetPinControl)
    i.SX127xGetOpMode                        0x08000d0c   Section        0  sx127x_driver.o(i.SX127xGetOpMode)
    i.SX127xProcess                          0x08000d1c   Section        0  sx127x_driver.o(i.SX127xProcess)
    i.SX127xReadFifo                         0x08000f54   Section        0  sx127x_driver.o(i.SX127xReadFifo)
    i.SX127xSetFrf                           0x08000f68   Section        0  sx127x_driver.o(i.SX127xSetFrf)
    i.SX127xSetLoRaMode                      0x08000fb8   Section        0  sx127x_driver.o(i.SX127xSetLoRaMode)
    i.SX127xSetOpMode                        0x08000fe4   Section        0  sx127x_driver.o(i.SX127xSetOpMode)
    i.SX127xSetTxPacket                      0x08001014   Section        0  sx127x_driver.o(i.SX127xSetTxPacket)
    SX127xSetTxPacket                        0x08001015   Thumb Code   132  sx127x_driver.o(i.SX127xSetTxPacket)
    i.SX127xWriteFifo                        0x080010a0   Section        0  sx127x_driver.o(i.SX127xWriteFifo)
    i.SetSysClock                            0x080010b2   Section        0  system_stm32f10x.o(i.SetSysClock)
    SetSysClock                              0x080010b3   Thumb Code     8  system_stm32f10x.o(i.SetSysClock)
    i.SetSysClockTo72                        0x080010bc   Section        0  system_stm32f10x.o(i.SetSysClockTo72)
    SetSysClockTo72                          0x080010bd   Thumb Code   214  system_stm32f10x.o(i.SetSysClockTo72)
    i.Soft_delay_ms                          0x0800119c   Section        0  sx127x_hal.o(i.Soft_delay_ms)
    i.SpiInOut                               0x080011bc   Section        0  sx127x_hal.o(i.SpiInOut)
    i.SpiInit                                0x080011e4   Section        0  sx127x_hal.o(i.SpiInit)
    SpiInit                                  0x080011e5   Thumb Code   164  sx127x_hal.o(i.SpiInit)
    i.SpiNSSEnable                           0x08001294   Section        0  sx127x_hal.o(i.SpiNSSEnable)
    i.Sx127xReadRxPackage                    0x080012a8   Section        0  sx127x_driver.o(i.Sx127xReadRxPackage)
    Sx127xReadRxPackage                      0x080012a9   Thumb Code    36  sx127x_driver.o(i.Sx127xReadRxPackage)
    i.Sx127xRestart                          0x080012cc   Section        0  sx127x_driver.o(i.Sx127xRestart)
    i.Sx127xStartCADCheck                    0x080012f4   Section        0  sx127x_driver.o(i.Sx127xStartCADCheck)
    Sx127xStartCADCheck                      0x080012f5   Thumb Code     8  sx127x_driver.o(i.Sx127xStartCADCheck)
    i.Sx127xStartRx                          0x08001300   Section        0  sx127x_driver.o(i.Sx127xStartRx)
    Sx127xStartRx                            0x08001301   Thumb Code    24  sx127x_driver.o(i.Sx127xStartRx)
    i.SysTick_CLKSourceConfig                0x08001320   Section        0  misc.o(i.SysTick_CLKSourceConfig)
    i.SysTick_Handler                        0x08001348   Section        0  stm32f10x_it.o(i.SysTick_Handler)
    i.SystemInit                             0x08001358   Section        0  system_stm32f10x.o(i.SystemInit)
    i.TIM3_IRQHandler                        0x080013b8   Section        0  tim.o(i.TIM3_IRQHandler)
    i.TIM3_Init                              0x0800140c   Section        0  tim.o(i.TIM3_Init)
    i.TIM_ClearITPendingBit                  0x0800146c   Section        0  stm32f10x_tim.o(i.TIM_ClearITPendingBit)
    i.TIM_Cmd                                0x08001472   Section        0  stm32f10x_tim.o(i.TIM_Cmd)
    i.TIM_GetITStatus                        0x0800148a   Section        0  stm32f10x_tim.o(i.TIM_GetITStatus)
    i.TIM_ITConfig                           0x080014ac   Section        0  stm32f10x_tim.o(i.TIM_ITConfig)
    i.TIM_TimeBaseInit                       0x080014c0   Section        0  stm32f10x_tim.o(i.TIM_TimeBaseInit)
    i.UsageFault_Handler                     0x08001564   Section        0  stm32f10x_it.o(i.UsageFault_Handler)
    i.Write127xReg                           0x08001568   Section        0  sx127x_driver.o(i.Write127xReg)
    i.delay_init                             0x08001578   Section        0  delay.o(i.delay_init)
    i.delay_ms                               0x080015bc   Section        0  delay.o(i.delay_ms)
    i.detectEXTIinit                         0x08001608   Section        0  detection.o(i.detectEXTIinit)
    i.detectIOinit                           0x0800162c   Section        0  detection.o(i.detectIOinit)
    i.detectNVICinit                         0x080016bc   Section        0  detection.o(i.detectNVICinit)
    i.detect_scan                            0x08001774   Section        0  detection.o(i.detect_scan)
    i.detection_init                         0x08001890   Section        0  detection.o(i.detection_init)
    i.lora_init                              0x080018a0   Section        0  lora.o(i.lora_init)
    i.lorasend                               0x080018bc   Section        0  lora.o(i.lorasend)
    i.main                                   0x08001938   Section        0  main.o(i.main)
    i.sx127xInit                             0x08001984   Section        0  sx127x_driver.o(i.sx127xInit)
    i.systemconfig                           0x08001a90   Section        0  syscfg.o(i.systemconfig)
    x$fpl$dfixu                              0x08001ac0   Section       90  dfixu.o(x$fpl$dfixu)
    x$fpl$dfltu                              0x08001b1a   Section       38  dflt_clz.o(x$fpl$dfltu)
    x$fpl$dmul                               0x08001b40   Section      340  dmul.o(x$fpl$dmul)
    x$fpl$dnaninf                            0x08001c94   Section      156  dnaninf.o(x$fpl$dnaninf)
    x$fpl$dretinf                            0x08001d30   Section       12  dretinf.o(x$fpl$dretinf)
    .constdata                               0x08001d3c   Section       12  lora.o(.constdata)
    x$fpl$usenofp                            0x08001d3c   Section        0  usenofp.o(x$fpl$usenofp)
    .data                                    0x20000000   Section        4  delay.o(.data)
    fac_us                                   0x20000000   Data           1  delay.o(.data)
    fac_ms                                   0x20000002   Data           2  delay.o(.data)
    .data                                    0x20000004   Section        6  lora.o(.data)
    .data                                    0x2000000c   Section        8  tim.o(.data)
    .data                                    0x20000014   Section        3  detection.o(.data)
    .data                                    0x20000018   Section        4  stm32f10x_it.o(.data)
    .data                                    0x2000001c   Section       20  system_stm32f10x.o(.data)
    .data                                    0x20000030   Section        8  syscfg.o(.data)
    .data                                    0x20000038   Section       76  sx127x_driver.o(.data)
    u8_SFList                                0x20000054   Data           7  sx127x_driver.o(.data)
    u8_CRList                                0x2000005b   Data           4  sx127x_driver.o(.data)
    u8_BWList                                0x2000005f   Data          10  sx127x_driver.o(.data)
    softTimeout                              0x2000006c   Data           4  sx127x_driver.o(.data)
    localSettingSave                         0x20000070   Data          12  sx127x_driver.o(.data)
    loraStatus                               0x2000007c   Data           1  sx127x_driver.o(.data)
    systickBak                               0x20000080   Data           4  sx127x_driver.o(.data)
    .bss                                     0x20000084   Section       40  lora.o(.bss)
    .bss                                     0x200000ac   Section       32  detection.o(.bss)
    .bss                                     0x200000cc   Section       96  libspace.o(.bss)
    HEAP                                     0x20000130   Section      512  startup_stm32f10x_md.o(HEAP)
    Heap_Mem                                 0x20000130   Data         512  startup_stm32f10x_md.o(HEAP)
    STACK                                    0x20000330   Section     1024  startup_stm32f10x_md.o(STACK)
    Stack_Mem                                0x20000330   Data        1024  startup_stm32f10x_md.o(STACK)
    __initial_sp                             0x20000730   Data           0  startup_stm32f10x_md.o(STACK)

    Global Symbols

    Symbol Name                              Value     Ov Type        Size  Object(Section)

    BuildAttributes$$THM_ISAv4$P$D$K$B$S$PE$A:L22UL41UL21$X:L11$S22US41US21$IEEE1$IW$USESV6$~STKCKD$USESV7$~SHL$OTIME$ROPI$EBA8$UX$STANDARDLIB$REQ8$PRES8$EABIv2 0x00000000   Number         0  anon$$obj.o ABSOLUTE
    __ARM_use_no_argv                        0x00000000   Number         0  main.o ABSOLUTE
    __ARM_exceptions_init                     - Undefined Weak Reference
    __alloca_initialize                       - Undefined Weak Reference
    __arm_preinit_                            - Undefined Weak Reference
    __cpp_initialize__aeabi_                  - Undefined Weak Reference
    __cxa_finalize                            - Undefined Weak Reference
    __rt_locale                               - Undefined Weak Reference
    __sigvec_lookup                           - Undefined Weak Reference
    __user_heap_extent                        - Undefined Weak Reference
    _atexit_init                              - Undefined Weak Reference
    _call_atexit_fns                          - Undefined Weak Reference
    _clock_init                               - Undefined Weak Reference
    _fp_trap_init                             - Undefined Weak Reference
    _fp_trap_shutdown                         - Undefined Weak Reference
    _get_lc_collate                           - Undefined Weak Reference
    _get_lc_ctype                             - Undefined Weak Reference
    _get_lc_monetary                          - Undefined Weak Reference
    _get_lc_numeric                           - Undefined Weak Reference
    _get_lc_time                              - Undefined Weak Reference
    _getenv_init                              - Undefined Weak Reference
    _handle_redirection                       - Undefined Weak Reference
    _mutex_acquire                            - Undefined Weak Reference
    _mutex_free                               - Undefined Weak Reference
    _mutex_release                            - Undefined Weak Reference
    _printf_mbtowc                            - Undefined Weak Reference
    _printf_post_padding                      - Undefined Weak Reference
    _printf_pre_padding                       - Undefined Weak Reference
    _printf_truncate_signed                   - Undefined Weak Reference
    _printf_truncate_unsigned                 - Undefined Weak Reference
    _rand_init                                - Undefined Weak Reference
    _signal_finish                            - Undefined Weak Reference
    _signal_init                              - Undefined Weak Reference
    __Vectors_Size                           0x000000ec   Number         0  startup_stm32f10x_md.o ABSOLUTE
    __Vectors                                0x08000000   Data           4  startup_stm32f10x_md.o(RESET)
    __Vectors_End                            0x080000ec   Data           0  startup_stm32f10x_md.o(RESET)
    __main                                   0x080000ed   Thumb Code     8  __main.o(!!!main)
    __scatterload                            0x080000f5   Thumb Code     0  __scatter.o(!!!scatter)
    __scatterload_rt2                        0x080000f5   Thumb Code    44  __scatter.o(!!!scatter)
    __scatterload_rt2_thumb_only             0x080000f5   Thumb Code     0  __scatter.o(!!!scatter)
    __scatterload_null                       0x08000103   Thumb Code     0  __scatter.o(!!!scatter)
    __scatterload_copy                       0x08000129   Thumb Code    26  __scatter_copy.o(!!handler_copy)
    __scatterload_zeroinit                   0x08000145   Thumb Code    28  __scatter_zi.o(!!handler_zi)
    _printf_c                                0x08000161   Thumb Code     0  _printf_c.o(.ARM.Collect$$_printf_percent$$00000013)
    _printf_percent                          0x08000161   Thumb Code     0  _printf_percent.o(.ARM.Collect$$_printf_percent$$00000000)
    _printf_percent_end                      0x08000167   Thumb Code     0  _printf_percent_end.o(.ARM.Collect$$_printf_percent$$00000017)
    __rt_lib_init                            0x0800016b   Thumb Code     0  libinit.o(.ARM.Collect$$libinit$$00000000)
    __rt_lib_init_alloca_1                   0x0800016d   Thumb Code     0  libinit2.o(.ARM.Collect$$libinit$$0000002E)
    __rt_lib_init_argv_1                     0x0800016d   Thumb Code     0  libinit2.o(.ARM.Collect$$libinit$$0000002C)
    __rt_lib_init_atexit_1                   0x0800016d   Thumb Code     0  libinit2.o(.ARM.Collect$$libinit$$0000001B)
    __rt_lib_init_clock_1                    0x0800016d   Thumb Code     0  libinit2.o(.ARM.Collect$$libinit$$00000021)
    __rt_lib_init_cpp_1                      0x0800016d   Thumb Code     0  libinit2.o(.ARM.Collect$$libinit$$00000032)
    __rt_lib_init_exceptions_1               0x0800016d   Thumb Code     0  libinit2.o(.ARM.Collect$$libinit$$00000030)
    __rt_lib_init_fp_1                       0x0800016d   Thumb Code     0  libinit2.o(.ARM.Collect$$libinit$$00000002)
    __rt_lib_init_fp_trap_1                  0x0800016d   Thumb Code     0  libinit2.o(.ARM.Collect$$libinit$$0000001F)
    __rt_lib_init_getenv_1                   0x0800016d   Thumb Code     0  libinit2.o(.ARM.Collect$$libinit$$00000023)
    __rt_lib_init_heap_1                     0x0800016d   Thumb Code     0  libinit2.o(.ARM.Collect$$libinit$$0000000A)
    __rt_lib_init_lc_collate_1               0x0800016d   Thumb Code     0  libinit2.o(.ARM.Collect$$libinit$$00000011)
    __rt_lib_init_lc_ctype_1                 0x0800016d   Thumb Code     0  libinit2.o(.ARM.Collect$$libinit$$00000013)
    __rt_lib_init_lc_monetary_1              0x0800016d   Thumb Code     0  libinit2.o(.ARM.Collect$$libinit$$00000015)
    __rt_lib_init_lc_numeric_1               0x0800016d   Thumb Code     0  libinit2.o(.ARM.Collect$$libinit$$00000017)
    __rt_lib_init_lc_time_1                  0x0800016d   Thumb Code     0  libinit2.o(.ARM.Collect$$libinit$$00000019)
    __rt_lib_init_preinit_1                  0x0800016d   Thumb Code     0  libinit2.o(.ARM.Collect$$libinit$$00000004)
    __rt_lib_init_rand_1                     0x0800016d   Thumb Code     0  libinit2.o(.ARM.Collect$$libinit$$0000000E)
    __rt_lib_init_return                     0x0800016d   Thumb Code     0  libinit2.o(.ARM.Collect$$libinit$$00000033)
    __rt_lib_init_signal_1                   0x0800016d   Thumb Code     0  libinit2.o(.ARM.Collect$$libinit$$0000001D)
    __rt_lib_init_stdio_1                    0x0800016d   Thumb Code     0  libinit2.o(.ARM.Collect$$libinit$$00000025)
    __rt_lib_init_user_alloc_1               0x0800016d   Thumb Code     0  libinit2.o(.ARM.Collect$$libinit$$0000000C)
    __rt_lib_shutdown                        0x0800016f   Thumb Code     0  libshutdown.o(.ARM.Collect$$libshutdown$$00000000)
    __rt_lib_shutdown_cpp_1                  0x08000171   Thumb Code     0  libshutdown2.o(.ARM.Collect$$libshutdown$$00000002)
    __rt_lib_shutdown_fp_trap_1              0x08000171   Thumb Code     0  libshutdown2.o(.ARM.Collect$$libshutdown$$00000007)
    __rt_lib_shutdown_heap_1                 0x08000171   Thumb Code     0  libshutdown2.o(.ARM.Collect$$libshutdown$$0000000F)
    __rt_lib_shutdown_return                 0x08000171   Thumb Code     0  libshutdown2.o(.ARM.Collect$$libshutdown$$00000010)
    __rt_lib_shutdown_signal_1               0x08000171   Thumb Code     0  libshutdown2.o(.ARM.Collect$$libshutdown$$0000000A)
    __rt_lib_shutdown_stdio_1                0x08000171   Thumb Code     0  libshutdown2.o(.ARM.Collect$$libshutdown$$00000004)
    __rt_lib_shutdown_user_alloc_1           0x08000171   Thumb Code     0  libshutdown2.o(.ARM.Collect$$libshutdown$$0000000C)
    __rt_entry                               0x08000173   Thumb Code     0  __rtentry.o(.ARM.Collect$$rtentry$$00000000)
    __rt_entry_presh_1                       0x08000173   Thumb Code     0  __rtentry2.o(.ARM.Collect$$rtentry$$00000002)
    __rt_entry_sh                            0x08000173   Thumb Code     0  __rtentry4.o(.ARM.Collect$$rtentry$$00000004)
    __rt_entry_li                            0x08000179   Thumb Code     0  __rtentry2.o(.ARM.Collect$$rtentry$$0000000A)
    __rt_entry_postsh_1                      0x08000179   Thumb Code     0  __rtentry2.o(.ARM.Collect$$rtentry$$00000009)
    __rt_entry_main                          0x0800017d   Thumb Code     0  __rtentry2.o(.ARM.Collect$$rtentry$$0000000D)
    __rt_entry_postli_1                      0x0800017d   Thumb Code     0  __rtentry2.o(.ARM.Collect$$rtentry$$0000000C)
    __rt_exit                                0x08000185   Thumb Code     0  rtexit.o(.ARM.Collect$$rtexit$$00000000)
    __rt_exit_ls                             0x08000187   Thumb Code     0  rtexit2.o(.ARM.Collect$$rtexit$$00000003)
    __rt_exit_prels_1                        0x08000187   Thumb Code     0  rtexit2.o(.ARM.Collect$$rtexit$$00000002)
    __rt_exit_exit                           0x0800018b   Thumb Code     0  rtexit2.o(.ARM.Collect$$rtexit$$00000004)
    Reset_Handler                            0x08000191   Thumb Code     8  startup_stm32f10x_md.o(.text)
    ADC1_2_IRQHandler                        0x080001ab   Thumb Code     0  startup_stm32f10x_md.o(.text)
    CAN1_RX1_IRQHandler                      0x080001ab   Thumb Code     0  startup_stm32f10x_md.o(.text)
    CAN1_SCE_IRQHandler                      0x080001ab   Thumb Code     0  startup_stm32f10x_md.o(.text)
    DMA1_Channel1_IRQHandler                 0x080001ab   Thumb Code     0  startup_stm32f10x_md.o(.text)
    DMA1_Channel2_IRQHandler                 0x080001ab   Thumb Code     0  startup_stm32f10x_md.o(.text)
    DMA1_Channel3_IRQHandler                 0x080001ab   Thumb Code     0  startup_stm32f10x_md.o(.text)
    DMA1_Channel4_IRQHandler                 0x080001ab   Thumb Code     0  startup_stm32f10x_md.o(.text)
    DMA1_Channel5_IRQHandler                 0x080001ab   Thumb Code     0  startup_stm32f10x_md.o(.text)
    DMA1_Channel6_IRQHandler                 0x080001ab   Thumb Code     0  startup_stm32f10x_md.o(.text)
    DMA1_Channel7_IRQHandler                 0x080001ab   Thumb Code     0  startup_stm32f10x_md.o(.text)
    EXTI0_IRQHandler                         0x080001ab   Thumb Code     0  startup_stm32f10x_md.o(.text)
    EXTI1_IRQHandler                         0x080001ab   Thumb Code     0  startup_stm32f10x_md.o(.text)
    FLASH_IRQHandler                         0x080001ab   Thumb Code     0  startup_stm32f10x_md.o(.text)
    I2C1_ER_IRQHandler                       0x080001ab   Thumb Code     0  startup_stm32f10x_md.o(.text)
    I2C1_EV_IRQHandler                       0x080001ab   Thumb Code     0  startup_stm32f10x_md.o(.text)
    I2C2_ER_IRQHandler                       0x080001ab   Thumb Code     0  startup_stm32f10x_md.o(.text)
    I2C2_EV_IRQHandler                       0x080001ab   Thumb Code     0  startup_stm32f10x_md.o(.text)
    PVD_IRQHandler                           0x080001ab   Thumb Code     0  startup_stm32f10x_md.o(.text)
    RCC_IRQHandler                           0x080001ab   Thumb Code     0  startup_stm32f10x_md.o(.text)
    RTCAlarm_IRQHandler                      0x080001ab   Thumb Code     0  startup_stm32f10x_md.o(.text)
    RTC_IRQHandler                           0x080001ab   Thumb Code     0  startup_stm32f10x_md.o(.text)
    SPI1_IRQHandler                          0x080001ab   Thumb Code     0  startup_stm32f10x_md.o(.text)
    SPI2_IRQHandler                          0x080001ab   Thumb Code     0  startup_stm32f10x_md.o(.text)
    TAMPER_IRQHandler                        0x080001ab   Thumb Code     0  startup_stm32f10x_md.o(.text)
    TIM1_BRK_IRQHandler                      0x080001ab   Thumb Code     0  startup_stm32f10x_md.o(.text)
    TIM1_CC_IRQHandler                       0x080001ab   Thumb Code     0  startup_stm32f10x_md.o(.text)
    TIM1_TRG_COM_IRQHandler                  0x080001ab   Thumb Code     0  startup_stm32f10x_md.o(.text)
    TIM1_UP_IRQHandler                       0x080001ab   Thumb Code     0  startup_stm32f10x_md.o(.text)
    TIM2_IRQHandler                          0x080001ab   Thumb Code     0  startup_stm32f10x_md.o(.text)
    TIM4_IRQHandler                          0x080001ab   Thumb Code     0  startup_stm32f10x_md.o(.text)
    USART1_IRQHandler                        0x080001ab   Thumb Code     0  startup_stm32f10x_md.o(.text)
    USART2_IRQHandler                        0x080001ab   Thumb Code     0  startup_stm32f10x_md.o(.text)
    USART3_IRQHandler                        0x080001ab   Thumb Code     0  startup_stm32f10x_md.o(.text)
    USBWakeUp_IRQHandler                     0x080001ab   Thumb Code     0  startup_stm32f10x_md.o(.text)
    USB_HP_CAN1_TX_IRQHandler                0x080001ab   Thumb Code     0  startup_stm32f10x_md.o(.text)
    USB_LP_CAN1_RX0_IRQHandler               0x080001ab   Thumb Code     0  startup_stm32f10x_md.o(.text)
    WWDG_IRQHandler                          0x080001ab   Thumb Code     0  startup_stm32f10x_md.o(.text)
    __user_initial_stackheap                 0x080001ad   Thumb Code     0  startup_stm32f10x_md.o(.text)
    __2sprintf                               0x080001d1   Thumb Code    34  noretval__2sprintf.o(.text)
    __printf                                 0x080001f9   Thumb Code   104  __printf.o(.text)
    _printf_str                              0x08000261   Thumb Code    82  _printf_str.o(.text)
    __use_two_region_memory                  0x080002b3   Thumb Code     2  heapauxi.o(.text)
    __rt_heap_escrow                         0x080002b5   Thumb Code     2  heapauxi.o(.text)
    __rt_heap_expand                         0x080002b7   Thumb Code     2  heapauxi.o(.text)
    _printf_char_common                      0x080002c3   Thumb Code    32  _printf_char_common.o(.text)
    _sputc                                   0x080002e9   Thumb Code    10  _sputc.o(.text)
    _printf_cs_common                        0x080002f3   Thumb Code    20  _printf_char.o(.text)
    _printf_char                             0x08000307   Thumb Code    16  _printf_char.o(.text)
    _printf_string                           0x08000317   Thumb Code     8  _printf_char.o(.text)
    __user_setup_stackheap                   0x0800031f   Thumb Code    74  sys_stackheap_outer.o(.text)
    exit                                     0x08000369   Thumb Code    18  exit.o(.text)
    __user_libspace                          0x0800037d   Thumb Code     8  libspace.o(.text)
    __user_perproc_libspace                  0x0800037d   Thumb Code     0  libspace.o(.text)
    __user_perthread_libspace                0x0800037d   Thumb Code     0  libspace.o(.text)
    __I$use$semihosting                      0x08000385   Thumb Code     0  use_no_semi.o(.text)
    __use_no_semihosting_swi                 0x08000385   Thumb Code     2  use_no_semi.o(.text)
    __semihosting_library_function           0x08000387   Thumb Code     0  indicate_semi.o(.text)
    _sys_exit                                0x08000389   Thumb Code     8  sys_exit.o(.text)
    BusFault_Handler                         0x08000395   Thumb Code     4  stm32f10x_it.o(i.BusFault_Handler)
    DebugMon_Handler                         0x08000399   Thumb Code     2  stm32f10x_it.o(i.DebugMon_Handler)
    EXTI15_10_IRQHandler                     0x0800039d   Thumb Code   204  detection.o(i.EXTI15_10_IRQHandler)
    EXTI2_IRQHandler                         0x0800047d   Thumb Code    66  detection.o(i.EXTI2_IRQHandler)
    EXTI3_IRQHandler                         0x080004d1   Thumb Code    66  detection.o(i.EXTI3_IRQHandler)
    EXTI4_IRQHandler                         0x08000525   Thumb Code    66  detection.o(i.EXTI4_IRQHandler)
    EXTI9_5_IRQHandler                       0x08000579   Thumb Code   130  detection.o(i.EXTI9_5_IRQHandler)
    EXTI_ClearITPendingBit                   0x0800060d   Thumb Code     6  stm32f10x_exti.o(i.EXTI_ClearITPendingBit)
    EXTI_GetITStatus                         0x08000619   Thumb Code    34  stm32f10x_exti.o(i.EXTI_GetITStatus)
    EXTI_Init                                0x08000641   Thumb Code   142  stm32f10x_exti.o(i.EXTI_Init)
    GPIO_EXTILineConfig                      0x080006d5   Thumb Code    60  stm32f10x_gpio.o(i.GPIO_EXTILineConfig)
    GPIO_Init                                0x08000715   Thumb Code   278  stm32f10x_gpio.o(i.GPIO_Init)
    GPIO_PinRemapConfig                      0x0800082d   Thumb Code   138  stm32f10x_gpio.o(i.GPIO_PinRemapConfig)
    GPIO_ReadInputDataBit                    0x080008bd   Thumb Code    18  stm32f10x_gpio.o(i.GPIO_ReadInputDataBit)
    GPIO_WriteBit                            0x080008cf   Thumb Code    10  stm32f10x_gpio.o(i.GPIO_WriteBit)
    GetTick                                  0x080008d9   Thumb Code     6  stm32f10x_it.o(i.GetTick)
    GetUID                                   0x080008e5   Thumb Code    44  syscfg.o(i.GetUID)
    HardFault_Handler                        0x08000919   Thumb Code     4  stm32f10x_it.o(i.HardFault_Handler)
    IWDG_Config                              0x0800091d   Thumb Code    36  syscfg.o(i.IWDG_Config)
    IWDG_Enable                              0x08000941   Thumb Code    10  stm32f10x_iwdg.o(i.IWDG_Enable)
    IWDG_Feed                                0x08000951   Thumb Code     8  syscfg.o(i.IWDG_Feed)
    IWDG_ReloadCounter                       0x08000959   Thumb Code    10  stm32f10x_iwdg.o(i.IWDG_ReloadCounter)
    IWDG_SetPrescaler                        0x08000969   Thumb Code     6  stm32f10x_iwdg.o(i.IWDG_SetPrescaler)
    IWDG_SetReload                           0x08000975   Thumb Code     6  stm32f10x_iwdg.o(i.IWDG_SetReload)
    IWDG_WriteAccessCmd                      0x08000981   Thumb Code     6  stm32f10x_iwdg.o(i.IWDG_WriteAccessCmd)
    LED_Init                                 0x0800098d   Thumb Code    46  led.o(i.LED_Init)
    LoraSendMessage                          0x080009c5   Thumb Code    82  lora.o(i.LoraSendMessage)
    Lorapairrequest                          0x08000a2d   Thumb Code    20  syscfg.o(i.Lorapairrequest)
    MemManage_Handler                        0x08000a45   Thumb Code     4  stm32f10x_it.o(i.MemManage_Handler)
    NMI_Handler                              0x08000a49   Thumb Code     2  stm32f10x_it.o(i.NMI_Handler)
    NVIC_Init                                0x08000a4d   Thumb Code   100  misc.o(i.NVIC_Init)
    NVIC_PriorityGroupConfig                 0x08000abd   Thumb Code    10  misc.o(i.NVIC_PriorityGroupConfig)
    PendSV_Handler                           0x08000ad1   Thumb Code     2  stm32f10x_it.o(i.PendSV_Handler)
    RCC_APB1PeriphClockCmd                   0x08000ad5   Thumb Code    26  stm32f10x_rcc.o(i.RCC_APB1PeriphClockCmd)
    RCC_APB2PeriphClockCmd                   0x08000af5   Thumb Code    26  stm32f10x_rcc.o(i.RCC_APB2PeriphClockCmd)
    Read127xReg                              0x08000b15   Thumb Code    20  sx127x_driver.o(i.Read127xReg)
    SPI_Cmd                                  0x08000b29   Thumb Code    24  stm32f10x_spi.o(i.SPI_Cmd)
    SPI_I2S_GetFlagStatus                    0x08000b41   Thumb Code    18  stm32f10x_spi.o(i.SPI_I2S_GetFlagStatus)
    SPI_I2S_ReceiveData                      0x08000b53   Thumb Code     6  stm32f10x_spi.o(i.SPI_I2S_ReceiveData)
    SPI_I2S_SendData                         0x08000b59   Thumb Code     4  stm32f10x_spi.o(i.SPI_I2S_SendData)
    SPI_Init                                 0x08000b5d   Thumb Code    60  stm32f10x_spi.o(i.SPI_Init)
    SVC_Handler                              0x08000b99   Thumb Code     2  stm32f10x_it.o(i.SVC_Handler)
    SX1276HALInit                            0x08000b9d   Thumb Code   146  sx127x_hal.o(i.SX1276HALInit)
    SX1276ReadDio0                           0x08000c39   Thumb Code    14  sx127x_hal.o(i.SX1276ReadDio0)
    SX1276ReadDio1                           0x08000c4d   Thumb Code    14  sx127x_hal.o(i.SX1276ReadDio1)
    SX1276ReadDio3                           0x08000c61   Thumb Code    14  sx127x_hal.o(i.SX1276ReadDio3)
    SX1276ReadDio4                           0x08000c75   Thumb Code    14  sx127x_hal.o(i.SX1276ReadDio4)
    SX127X_ResetPinControl                   0x08000cf5   Thumb Code    18  sx127x_hal.o(i.SX127X_ResetPinControl)
    SX127xGetOpMode                          0x08000d0d   Thumb Code    14  sx127x_driver.o(i.SX127xGetOpMode)
    SX127xProcess                            0x08000d1d   Thumb Code   556  sx127x_driver.o(i.SX127xProcess)
    SX127xReadFifo                           0x08000f55   Thumb Code    18  sx127x_driver.o(i.SX127xReadFifo)
    SX127xSetFrf                             0x08000f69   Thumb Code    72  sx127x_driver.o(i.SX127xSetFrf)
    SX127xSetLoRaMode                        0x08000fb9   Thumb Code    44  sx127x_driver.o(i.SX127xSetLoRaMode)
    SX127xSetOpMode                          0x08000fe5   Thumb Code    48  sx127x_driver.o(i.SX127xSetOpMode)
    SX127xWriteFifo                          0x080010a1   Thumb Code    18  sx127x_driver.o(i.SX127xWriteFifo)
    Soft_delay_ms                            0x0800119d   Thumb Code    32  sx127x_hal.o(i.Soft_delay_ms)
    SpiInOut                                 0x080011bd   Thumb Code    36  sx127x_hal.o(i.SpiInOut)
    SpiNSSEnable                             0x08001295   Thumb Code    16  sx127x_hal.o(i.SpiNSSEnable)
    Sx127xRestart                            0x080012cd   Thumb Code    34  sx127x_driver.o(i.Sx127xRestart)
    SysTick_CLKSourceConfig                  0x08001321   Thumb Code    40  misc.o(i.SysTick_CLKSourceConfig)
    SysTick_Handler                          0x08001349   Thumb Code    12  stm32f10x_it.o(i.SysTick_Handler)
    SystemInit                               0x08001359   Thumb Code    78  system_stm32f10x.o(i.SystemInit)
    TIM3_IRQHandler                          0x080013b9   Thumb Code    66  tim.o(i.TIM3_IRQHandler)
    TIM3_Init                                0x0800140d   Thumb Code    92  tim.o(i.TIM3_Init)
    TIM_ClearITPendingBit                    0x0800146d   Thumb Code     6  stm32f10x_tim.o(i.TIM_ClearITPendingBit)
    TIM_Cmd                                  0x08001473   Thumb Code    24  stm32f10x_tim.o(i.TIM_Cmd)
    TIM_GetITStatus                          0x0800148b   Thumb Code    34  stm32f10x_tim.o(i.TIM_GetITStatus)
    TIM_ITConfig                             0x080014ad   Thumb Code    18  stm32f10x_tim.o(i.TIM_ITConfig)
    TIM_TimeBaseInit                         0x080014c1   Thumb Code   122  stm32f10x_tim.o(i.TIM_TimeBaseInit)
    UsageFault_Handler                       0x08001565   Thumb Code     4  stm32f10x_it.o(i.UsageFault_Handler)
    Write127xReg                             0x08001569   Thumb Code    16  sx127x_driver.o(i.Write127xReg)
    delay_init                               0x08001579   Thumb Code    50  delay.o(i.delay_init)
    delay_ms                                 0x080015bd   Thumb Code    72  delay.o(i.delay_ms)
    detectEXTIinit                           0x08001609   Thumb Code    34  detection.o(i.detectEXTIinit)
    detectIOinit                             0x0800162d   Thumb Code   136  detection.o(i.detectIOinit)
    detectNVICinit                           0x080016bd   Thumb Code   182  detection.o(i.detectNVICinit)
    detect_scan                              0x08001775   Thumb Code   270  detection.o(i.detect_scan)
    detection_init                           0x08001891   Thumb Code    16  detection.o(i.detection_init)
    lora_init                                0x080018a1   Thumb Code    20  lora.o(i.lora_init)
    lorasend                                 0x080018bd   Thumb Code    82  lora.o(i.lorasend)
    main                                     0x08001939   Thumb Code    62  main.o(i.main)
    sx127xInit                               0x08001985   Thumb Code   252  sx127x_driver.o(i.sx127xInit)
    systemconfig                             0x08001a91   Thumb Code    46  syscfg.o(i.systemconfig)
    __aeabi_d2uiz                            0x08001ac1   Thumb Code     0  dfixu.o(x$fpl$dfixu)
    _dfixu                                   0x08001ac1   Thumb Code    90  dfixu.o(x$fpl$dfixu)
    __aeabi_ui2d                             0x08001b1b   Thumb Code     0  dflt_clz.o(x$fpl$dfltu)
    _dfltu                                   0x08001b1b   Thumb Code    38  dflt_clz.o(x$fpl$dfltu)
    __aeabi_dmul                             0x08001b41   Thumb Code     0  dmul.o(x$fpl$dmul)
    _dmul                                    0x08001b41   Thumb Code   332  dmul.o(x$fpl$dmul)
    __fpl_dnaninf                            0x08001c95   Thumb Code   156  dnaninf.o(x$fpl$dnaninf)
    __fpl_dretinf                            0x08001d31   Thumb Code    12  dretinf.o(x$fpl$dretinf)
    __I$use$fp                               0x08001d3c   Number         0  usenofp.o(x$fpl$usenofp)
    Region$$Table$$Base                      0x08001d48   Number         0  anon$$obj.o(Region$$Table)
    Region$$Table$$Limit                     0x08001d68   Number         0  anon$$obj.o(Region$$Table)
    txLen                                    0x20000004   Data           1  lora.o(.data)
    rxCount                                  0x20000006   Data           2  lora.o(.data)
    LoraRxBuf_Ana_EN                         0x20000008   Data           1  lora.o(.data)
    test1                                    0x20000009   Data           1  lora.o(.data)
    tim3_test                                0x2000000c   Data           4  tim.o(.data)
    tim3_count                               0x20000010   Data           4  tim.o(.data)
    detect_temp                              0x20000014   Data           1  detection.o(.data)
    detect_temp_now                          0x20000015   Data           1  detection.o(.data)
    detect_flag                              0x20000016   Data           1  detection.o(.data)
    g_u32SystickCount                        0x20000018   Data           4  stm32f10x_it.o(.data)
    SystemCoreClock                          0x2000001c   Data           4  system_stm32f10x.o(.data)
    AHBPrescTable                            0x20000020   Data          16  system_stm32f10x.o(.data)
    pair_flag                                0x20000030   Data           1  syscfg.o(.data)
    stm32mcuUID                              0x20000034   Data           4  syscfg.o(.data)
    g_Radio                                  0x20000038   Data          28  sx127x_driver.o(.data)
    rxBuf                                    0x20000084   Data          20  lora.o(.bss)
    txBuf                                    0x20000098   Data          20  lora.o(.bss)
    temp_test                                0x200000ac   Data          32  detection.o(.bss)
    __libspace_start                         0x200000cc   Data          96  libspace.o(.bss)
    __temporary_stack_top$libspace           0x2000012c   Data           0  libspace.o(.bss)



==============================================================================

Memory Map of the image

  Image Entry point : 0x080000ed

  Load Region LR_IROM1 (Base: 0x08000000, Size: 0x00001dec, Max: 0x00008000, ABSOLUTE)

    Execution Region ER_IROM1 (Exec base: 0x08000000, Load base: 0x08000000, Size: 0x00001d68, Max: 0x00008000, ABSOLUTE)

    Exec Addr    Load Addr    Size         Type   Attr      Idx    E Section Name        Object

    0x08000000   0x08000000   0x000000ec   Data   RO           19    RESET               startup_stm32f10x_md.o
    0x080000ec   0x080000ec   0x00000008   Code   RO         2391  * !!!main             c_w.l(__main.o)
    0x080000f4   0x080000f4   0x00000034   Code   RO         2759    !!!scatter          c_w.l(__scatter.o)
    0x08000128   0x08000128   0x0000001a   Code   RO         2761    !!handler_copy      c_w.l(__scatter_copy.o)
    0x08000142   0x08000142   0x00000002   PAD
    0x08000144   0x08000144   0x0000001c   Code   RO         2763    !!handler_zi        c_w.l(__scatter_zi.o)
    0x08000160   0x08000160   0x00000000   Code   RO         2382    .ARM.Collect$$_printf_percent$$00000000  c_w.l(_printf_percent.o)
    0x08000160   0x08000160   0x00000006   Code   RO         2379    .ARM.Collect$$_printf_percent$$00000013  c_w.l(_printf_c.o)
    0x08000166   0x08000166   0x00000004   Code   RO         2416    .ARM.Collect$$_printf_percent$$00000017  c_w.l(_printf_percent_end.o)
    0x0800016a   0x0800016a   0x00000002   Code   RO         2548    .ARM.Collect$$libinit$$00000000  c_w.l(libinit.o)
    0x0800016c   0x0800016c   0x00000000   Code   RO         2550    .ARM.Collect$$libinit$$00000002  c_w.l(libinit2.o)
    0x0800016c   0x0800016c   0x00000000   Code   RO         2552    .ARM.Collect$$libinit$$00000004  c_w.l(libinit2.o)
    0x0800016c   0x0800016c   0x00000000   Code   RO         2555    .ARM.Collect$$libinit$$0000000A  c_w.l(libinit2.o)
    0x0800016c   0x0800016c   0x00000000   Code   RO         2557    .ARM.Collect$$libinit$$0000000C  c_w.l(libinit2.o)
    0x0800016c   0x0800016c   0x00000000   Code   RO         2559    .ARM.Collect$$libinit$$0000000E  c_w.l(libinit2.o)
    0x0800016c   0x0800016c   0x00000000   Code   RO         2562    .ARM.Collect$$libinit$$00000011  c_w.l(libinit2.o)
    0x0800016c   0x0800016c   0x00000000   Code   RO         2564    .ARM.Collect$$libinit$$00000013  c_w.l(libinit2.o)
    0x0800016c   0x0800016c   0x00000000   Code   RO         2566    .ARM.Collect$$libinit$$00000015  c_w.l(libinit2.o)
    0x0800016c   0x0800016c   0x00000000   Code   RO         2568    .ARM.Collect$$libinit$$00000017  c_w.l(libinit2.o)
    0x0800016c   0x0800016c   0x00000000   Code   RO         2570    .ARM.Collect$$libinit$$00000019  c_w.l(libinit2.o)
    0x0800016c   0x0800016c   0x00000000   Code   RO         2572    .ARM.Collect$$libinit$$0000001B  c_w.l(libinit2.o)
    0x0800016c   0x0800016c   0x00000000   Code   RO         2574    .ARM.Collect$$libinit$$0000001D  c_w.l(libinit2.o)
    0x0800016c   0x0800016c   0x00000000   Code   RO         2576    .ARM.Collect$$libinit$$0000001F  c_w.l(libinit2.o)
    0x0800016c   0x0800016c   0x00000000   Code   RO         2578    .ARM.Collect$$libinit$$00000021  c_w.l(libinit2.o)
    0x0800016c   0x0800016c   0x00000000   Code   RO         2580    .ARM.Collect$$libinit$$00000023  c_w.l(libinit2.o)
    0x0800016c   0x0800016c   0x00000000   Code   RO         2582    .ARM.Collect$$libinit$$00000025  c_w.l(libinit2.o)
    0x0800016c   0x0800016c   0x00000000   Code   RO         2586    .ARM.Collect$$libinit$$0000002C  c_w.l(libinit2.o)
    0x0800016c   0x0800016c   0x00000000   Code   RO         2588    .ARM.Collect$$libinit$$0000002E  c_w.l(libinit2.o)
    0x0800016c   0x0800016c   0x00000000   Code   RO         2590    .ARM.Collect$$libinit$$00000030  c_w.l(libinit2.o)
    0x0800016c   0x0800016c   0x00000000   Code   RO         2592    .ARM.Collect$$libinit$$00000032  c_w.l(libinit2.o)
    0x0800016c   0x0800016c   0x00000002   Code   RO         2593    .ARM.Collect$$libinit$$00000033  c_w.l(libinit2.o)
    0x0800016e   0x0800016e   0x00000002   Code   RO         2738    .ARM.Collect$$libshutdown$$00000000  c_w.l(libshutdown.o)
    0x08000170   0x08000170   0x00000000   Code   RO         2595    .ARM.Collect$$libshutdown$$00000002  c_w.l(libshutdown2.o)
    0x08000170   0x08000170   0x00000000   Code   RO         2597    .ARM.Collect$$libshutdown$$00000004  c_w.l(libshutdown2.o)
    0x08000170   0x08000170   0x00000000   Code   RO         2600    .ARM.Collect$$libshutdown$$00000007  c_w.l(libshutdown2.o)
    0x08000170   0x08000170   0x00000000   Code   RO         2603    .ARM.Collect$$libshutdown$$0000000A  c_w.l(libshutdown2.o)
    0x08000170   0x08000170   0x00000000   Code   RO         2605    .ARM.Collect$$libshutdown$$0000000C  c_w.l(libshutdown2.o)
    0x08000170   0x08000170   0x00000000   Code   RO         2608    .ARM.Collect$$libshutdown$$0000000F  c_w.l(libshutdown2.o)
    0x08000170   0x08000170   0x00000002   Code   RO         2609    .ARM.Collect$$libshutdown$$00000010  c_w.l(libshutdown2.o)
    0x08000172   0x08000172   0x00000000   Code   RO         2405    .ARM.Collect$$rtentry$$00000000  c_w.l(__rtentry.o)
    0x08000172   0x08000172   0x00000000   Code   RO         2429    .ARM.Collect$$rtentry$$00000002  c_w.l(__rtentry2.o)
    0x08000172   0x08000172   0x00000006   Code   RO         2441    .ARM.Collect$$rtentry$$00000004  c_w.l(__rtentry4.o)
    0x08000178   0x08000178   0x00000000   Code   RO         2431    .ARM.Collect$$rtentry$$00000009  c_w.l(__rtentry2.o)
    0x08000178   0x08000178   0x00000004   Code   RO         2432    .ARM.Collect$$rtentry$$0000000A  c_w.l(__rtentry2.o)
    0x0800017c   0x0800017c   0x00000000   Code   RO         2434    .ARM.Collect$$rtentry$$0000000C  c_w.l(__rtentry2.o)
    0x0800017c   0x0800017c   0x00000008   Code   RO         2435    .ARM.Collect$$rtentry$$0000000D  c_w.l(__rtentry2.o)
    0x08000184   0x08000184   0x00000002   Code   RO         2618    .ARM.Collect$$rtexit$$00000000  c_w.l(rtexit.o)
    0x08000186   0x08000186   0x00000000   Code   RO         2674    .ARM.Collect$$rtexit$$00000002  c_w.l(rtexit2.o)
    0x08000186   0x08000186   0x00000004   Code   RO         2675    .ARM.Collect$$rtexit$$00000003  c_w.l(rtexit2.o)
    0x0800018a   0x0800018a   0x00000006   Code   RO         2676    .ARM.Collect$$rtexit$$00000004  c_w.l(rtexit2.o)
    0x08000190   0x08000190   0x00000040   Code   RO           20    .text               startup_stm32f10x_md.o
    0x080001d0   0x080001d0   0x00000028   Code   RO         2351    .text               c_w.l(noretval__2sprintf.o)
    0x080001f8   0x080001f8   0x00000068   Code   RO         2353    .text               c_w.l(__printf.o)
    0x08000260   0x08000260   0x00000052   Code   RO         2355    .text               c_w.l(_printf_str.o)
    0x080002b2   0x080002b2   0x00000006   Code   RO         2389    .text               c_w.l(heapauxi.o)
    0x080002b8   0x080002b8   0x00000030   Code   RO         2408    .text               c_w.l(_printf_char_common.o)
    0x080002e8   0x080002e8   0x0000000a   Code   RO         2410    .text               c_w.l(_sputc.o)
    0x080002f2   0x080002f2   0x0000002c   Code   RO         2412    .text               c_w.l(_printf_char.o)
    0x0800031e   0x0800031e   0x0000004a   Code   RO         2466    .text               c_w.l(sys_stackheap_outer.o)
    0x08000368   0x08000368   0x00000012   Code   RO         2537    .text               c_w.l(exit.o)
    0x0800037a   0x0800037a   0x00000002   PAD
    0x0800037c   0x0800037c   0x00000008   Code   RO         2612    .text               c_w.l(libspace.o)
    0x08000384   0x08000384   0x00000002   Code   RO         2615    .text               c_w.l(use_no_semi.o)
    0x08000386   0x08000386   0x00000000   Code   RO         2617    .text               c_w.l(indicate_semi.o)
    0x08000386   0x08000386   0x00000002   PAD
    0x08000388   0x08000388   0x0000000c   Code   RO         2671    .text               c_w.l(sys_exit.o)
    0x08000394   0x08000394   0x00000004   Code   RO         1882    i.BusFault_Handler  stm32f10x_it.o
    0x08000398   0x08000398   0x00000002   Code   RO         1883    i.DebugMon_Handler  stm32f10x_it.o
    0x0800039a   0x0800039a   0x00000002   PAD
    0x0800039c   0x0800039c   0x000000e0   Code   RO         1809    i.EXTI15_10_IRQHandler  detection.o
    0x0800047c   0x0800047c   0x00000054   Code   RO         1810    i.EXTI2_IRQHandler  detection.o
    0x080004d0   0x080004d0   0x00000054   Code   RO         1811    i.EXTI3_IRQHandler  detection.o
    0x08000524   0x08000524   0x00000054   Code   RO         1812    i.EXTI4_IRQHandler  detection.o
    0x08000578   0x08000578   0x00000094   Code   RO         1813    i.EXTI9_5_IRQHandler  detection.o
    0x0800060c   0x0800060c   0x0000000c   Code   RO         1492    i.EXTI_ClearITPendingBit  stm32f10x_exti.o
    0x08000618   0x08000618   0x00000028   Code   RO         1496    i.EXTI_GetITStatus  stm32f10x_exti.o
    0x08000640   0x08000640   0x00000094   Code   RO         1497    i.EXTI_Init         stm32f10x_exti.o
    0x080006d4   0x080006d4   0x00000040   Code   RO          101    i.GPIO_EXTILineConfig  stm32f10x_gpio.o
    0x08000714   0x08000714   0x00000116   Code   RO          104    i.GPIO_Init         stm32f10x_gpio.o
    0x0800082a   0x0800082a   0x00000002   PAD
    0x0800082c   0x0800082c   0x00000090   Code   RO          106    i.GPIO_PinRemapConfig  stm32f10x_gpio.o
    0x080008bc   0x080008bc   0x00000012   Code   RO          108    i.GPIO_ReadInputDataBit  stm32f10x_gpio.o
    0x080008ce   0x080008ce   0x0000000a   Code   RO          115    i.GPIO_WriteBit     stm32f10x_gpio.o
    0x080008d8   0x080008d8   0x0000000c   Code   RO         1884    i.GetTick           stm32f10x_it.o
    0x080008e4   0x080008e4   0x00000034   Code   RO         2005    i.GetUID            syscfg.o
    0x08000918   0x08000918   0x00000004   Code   RO         1885    i.HardFault_Handler  stm32f10x_it.o
    0x0800091c   0x0800091c   0x00000024   Code   RO         2006    i.IWDG_Config       syscfg.o
    0x08000940   0x08000940   0x00000010   Code   RO         1548    i.IWDG_Enable       stm32f10x_iwdg.o
    0x08000950   0x08000950   0x00000008   Code   RO         2007    i.IWDG_Feed         syscfg.o
    0x08000958   0x08000958   0x00000010   Code   RO         1550    i.IWDG_ReloadCounter  stm32f10x_iwdg.o
    0x08000968   0x08000968   0x0000000c   Code   RO         1551    i.IWDG_SetPrescaler  stm32f10x_iwdg.o
    0x08000974   0x08000974   0x0000000c   Code   RO         1552    i.IWDG_SetReload    stm32f10x_iwdg.o
    0x08000980   0x08000980   0x0000000c   Code   RO         1553    i.IWDG_WriteAccessCmd  stm32f10x_iwdg.o
    0x0800098c   0x0800098c   0x00000038   Code   RO         1634    i.LED_Init          led.o
    0x080009c4   0x080009c4   0x00000068   Code   RO         1649    i.LoraSendMessage   lora.o
    0x08000a2c   0x08000a2c   0x00000018   Code   RO         2008    i.Lorapairrequest   syscfg.o
    0x08000a44   0x08000a44   0x00000004   Code   RO         1886    i.MemManage_Handler  stm32f10x_it.o
    0x08000a48   0x08000a48   0x00000002   Code   RO         1887    i.NMI_Handler       stm32f10x_it.o
    0x08000a4a   0x08000a4a   0x00000002   PAD
    0x08000a4c   0x08000a4c   0x00000070   Code   RO           24    i.NVIC_Init         misc.o
    0x08000abc   0x08000abc   0x00000014   Code   RO           25    i.NVIC_PriorityGroupConfig  misc.o
    0x08000ad0   0x08000ad0   0x00000002   Code   RO         1888    i.PendSV_Handler    stm32f10x_it.o
    0x08000ad2   0x08000ad2   0x00000002   PAD
    0x08000ad4   0x08000ad4   0x00000020   Code   RO          421    i.RCC_APB1PeriphClockCmd  stm32f10x_rcc.o
    0x08000af4   0x08000af4   0x00000020   Code   RO          423    i.RCC_APB2PeriphClockCmd  stm32f10x_rcc.o
    0x08000b14   0x08000b14   0x00000014   Code   RO         2169    i.Read127xReg       sx127x_driver.o
    0x08000b28   0x08000b28   0x00000018   Code   RO          624    i.SPI_Cmd           stm32f10x_spi.o
    0x08000b40   0x08000b40   0x00000012   Code   RO          632    i.SPI_I2S_GetFlagStatus  stm32f10x_spi.o
    0x08000b52   0x08000b52   0x00000006   Code   RO          635    i.SPI_I2S_ReceiveData  stm32f10x_spi.o
    0x08000b58   0x08000b58   0x00000004   Code   RO          636    i.SPI_I2S_SendData  stm32f10x_spi.o
    0x08000b5c   0x08000b5c   0x0000003c   Code   RO          637    i.SPI_Init          stm32f10x_spi.o
    0x08000b98   0x08000b98   0x00000002   Code   RO         1889    i.SVC_Handler       stm32f10x_it.o
    0x08000b9a   0x08000b9a   0x00000002   PAD
    0x08000b9c   0x08000b9c   0x0000009c   Code   RO         2098    i.SX1276HALInit     sx127x_hal.o
    0x08000c38   0x08000c38   0x00000014   Code   RO         2099    i.SX1276ReadDio0    sx127x_hal.o
    0x08000c4c   0x08000c4c   0x00000014   Code   RO         2100    i.SX1276ReadDio1    sx127x_hal.o
    0x08000c60   0x08000c60   0x00000014   Code   RO         2101    i.SX1276ReadDio3    sx127x_hal.o
    0x08000c74   0x08000c74   0x00000014   Code   RO         2102    i.SX1276ReadDio4    sx127x_hal.o
    0x08000c88   0x08000c88   0x00000036   Code   RO         2170    i.SX1278ReadBuffer  sx127x_driver.o
    0x08000cbe   0x08000cbe   0x00000034   Code   RO         2171    i.SX1278WriteBuffer  sx127x_driver.o
    0x08000cf2   0x08000cf2   0x00000002   PAD
    0x08000cf4   0x08000cf4   0x00000018   Code   RO         2103    i.SX127X_ResetPinControl  sx127x_hal.o
    0x08000d0c   0x08000d0c   0x0000000e   Code   RO         2172    i.SX127xGetOpMode   sx127x_driver.o
    0x08000d1a   0x08000d1a   0x00000002   PAD
    0x08000d1c   0x08000d1c   0x00000238   Code   RO         2173    i.SX127xProcess     sx127x_driver.o
    0x08000f54   0x08000f54   0x00000012   Code   RO         2174    i.SX127xReadFifo    sx127x_driver.o
    0x08000f66   0x08000f66   0x00000002   PAD
    0x08000f68   0x08000f68   0x00000050   Code   RO         2175    i.SX127xSetFrf      sx127x_driver.o
    0x08000fb8   0x08000fb8   0x0000002c   Code   RO         2176    i.SX127xSetLoRaMode  sx127x_driver.o
    0x08000fe4   0x08000fe4   0x00000030   Code   RO         2177    i.SX127xSetOpMode   sx127x_driver.o
    0x08001014   0x08001014   0x0000008c   Code   RO         2178    i.SX127xSetTxPacket  sx127x_driver.o
    0x080010a0   0x080010a0   0x00000012   Code   RO         2179    i.SX127xWriteFifo   sx127x_driver.o
    0x080010b2   0x080010b2   0x00000008   Code   RO         1971    i.SetSysClock       system_stm32f10x.o
    0x080010ba   0x080010ba   0x00000002   PAD
    0x080010bc   0x080010bc   0x000000e0   Code   RO         1972    i.SetSysClockTo72   system_stm32f10x.o
    0x0800119c   0x0800119c   0x00000020   Code   RO         2104    i.Soft_delay_ms     sx127x_hal.o
    0x080011bc   0x080011bc   0x00000028   Code   RO         2105    i.SpiInOut          sx127x_hal.o
    0x080011e4   0x080011e4   0x000000b0   Code   RO         2106    i.SpiInit           sx127x_hal.o
    0x08001294   0x08001294   0x00000014   Code   RO         2107    i.SpiNSSEnable      sx127x_hal.o
    0x080012a8   0x080012a8   0x00000024   Code   RO         2180    i.Sx127xReadRxPackage  sx127x_driver.o
    0x080012cc   0x080012cc   0x00000028   Code   RO         2181    i.Sx127xRestart     sx127x_driver.o
    0x080012f4   0x080012f4   0x0000000c   Code   RO         2182    i.Sx127xStartCADCheck  sx127x_driver.o
    0x08001300   0x08001300   0x00000020   Code   RO         2183    i.Sx127xStartRx     sx127x_driver.o
    0x08001320   0x08001320   0x00000028   Code   RO           28    i.SysTick_CLKSourceConfig  misc.o
    0x08001348   0x08001348   0x00000010   Code   RO         1890    i.SysTick_Handler   stm32f10x_it.o
    0x08001358   0x08001358   0x00000060   Code   RO         1974    i.SystemInit        system_stm32f10x.o
    0x080013b8   0x080013b8   0x00000054   Code   RO         1781    i.TIM3_IRQHandler   tim.o
    0x0800140c   0x0800140c   0x00000060   Code   RO         1782    i.TIM3_Init         tim.o
    0x0800146c   0x0800146c   0x00000006   Code   RO          774    i.TIM_ClearITPendingBit  stm32f10x_tim.o
    0x08001472   0x08001472   0x00000018   Code   RO          779    i.TIM_Cmd           stm32f10x_tim.o
    0x0800148a   0x0800148a   0x00000022   Code   RO          800    i.TIM_GetITStatus   stm32f10x_tim.o
    0x080014ac   0x080014ac   0x00000012   Code   RO          804    i.TIM_ITConfig      stm32f10x_tim.o
    0x080014be   0x080014be   0x00000002   PAD
    0x080014c0   0x080014c0   0x000000a4   Code   RO          850    i.TIM_TimeBaseInit  stm32f10x_tim.o
    0x08001564   0x08001564   0x00000004   Code   RO         1891    i.UsageFault_Handler  stm32f10x_it.o
    0x08001568   0x08001568   0x00000010   Code   RO         2184    i.Write127xReg      sx127x_driver.o
    0x08001578   0x08001578   0x00000044   Code   RO         1605    i.delay_init        delay.o
    0x080015bc   0x080015bc   0x0000004c   Code   RO         1606    i.delay_ms          delay.o
    0x08001608   0x08001608   0x00000022   Code   RO         1814    i.detectEXTIinit    detection.o
    0x0800162a   0x0800162a   0x00000002   PAD
    0x0800162c   0x0800162c   0x00000090   Code   RO         1815    i.detectIOinit      detection.o
    0x080016bc   0x080016bc   0x000000b6   Code   RO         1816    i.detectNVICinit    detection.o
    0x08001772   0x08001772   0x00000002   PAD
    0x08001774   0x08001774   0x0000011c   Code   RO         1817    i.detect_scan       detection.o
    0x08001890   0x08001890   0x00000010   Code   RO         1818    i.detection_init    detection.o
    0x080018a0   0x080018a0   0x0000001c   Code   RO         1650    i.lora_init         lora.o
    0x080018bc   0x080018bc   0x0000007c   Code   RO         1652    i.lorasend          lora.o
    0x08001938   0x08001938   0x0000004c   Code   RO         2082    i.main              main.o
    0x08001984   0x08001984   0x0000010c   Code   RO         2185    i.sx127xInit        sx127x_driver.o
    0x08001a90   0x08001a90   0x0000002e   Code   RO         2009    i.systemconfig      syscfg.o
    0x08001abe   0x08001abe   0x00000002   PAD
    0x08001ac0   0x08001ac0   0x0000005a   Code   RO         2393    x$fpl$dfixu         fz_ws.l(dfixu.o)
    0x08001b1a   0x08001b1a   0x00000026   Code   RO         2397    x$fpl$dfltu         fz_ws.l(dflt_clz.o)
    0x08001b40   0x08001b40   0x00000154   Code   RO         2403    x$fpl$dmul          fz_ws.l(dmul.o)
    0x08001c94   0x08001c94   0x0000009c   Code   RO         2423    x$fpl$dnaninf       fz_ws.l(dnaninf.o)
    0x08001d30   0x08001d30   0x0000000c   Code   RO         2425    x$fpl$dretinf       fz_ws.l(dretinf.o)
    0x08001d3c   0x08001d3c   0x00000000   Code   RO         2427    x$fpl$usenofp       fz_ws.l(usenofp.o)
    0x08001d3c   0x08001d3c   0x0000000c   Data   RO         1654    .constdata          lora.o
    0x08001d48   0x08001d48   0x00000020   Data   RO         2757    Region$$Table       anon$$obj.o


    Execution Region RW_IRAM1 (Exec base: 0x20000000, Load base: 0x08001d68, Size: 0x00000730, Max: 0x00002800, ABSOLUTE)

    Exec Addr    Load Addr    Size         Type   Attr      Idx    E Section Name        Object

    0x20000000   0x08001d68   0x00000004   Data   RW         1608    .data               delay.o
    0x20000004   0x08001d6c   0x00000006   Data   RW         1655    .data               lora.o
    0x2000000a   0x08001d72   0x00000002   PAD
    0x2000000c   0x08001d74   0x00000008   Data   RW         1783    .data               tim.o
    0x20000014   0x08001d7c   0x00000003   Data   RW         1820    .data               detection.o
    0x20000017   0x08001d7f   0x00000001   PAD
    0x20000018   0x08001d80   0x00000004   Data   RW         1892    .data               stm32f10x_it.o
    0x2000001c   0x08001d84   0x00000014   Data   RW         1975    .data               system_stm32f10x.o
    0x20000030   0x08001d98   0x00000008   Data   RW         2010    .data               syscfg.o
    0x20000038   0x08001da0   0x0000004c   Data   RW         2188    .data               sx127x_driver.o
    0x20000084        -       0x00000028   Zero   RW         1653    .bss                lora.o
    0x200000ac        -       0x00000020   Zero   RW         1819    .bss                detection.o
    0x200000cc        -       0x00000060   Zero   RW         2613    .bss                c_w.l(libspace.o)
    0x2000012c   0x08001dec   0x00000004   PAD
    0x20000130        -       0x00000200   Zero   RW           18    HEAP                startup_stm32f10x_md.o
    0x20000330        -       0x00000400   Zero   RW           17    STACK               startup_stm32f10x_md.o


==============================================================================

Image component sizes


      Code (inc. data)   RO Data    RW Data    ZI Data      Debug   Object Name

         0          0          0          0          0       4532   core_cm3.o
       144         22          0          4          0       1332   delay.o
      1284        114          0          3         32       6777   detection.o
        56         10          0          0          0        539   led.o
       256         72         12          6         40     204942   lora.o
        76         14          0          0          0        487   main.o
       172         22          0          0          0     240953   misc.o
        64         26        236          0       1536        824   startup_stm32f10x_md.o
       200         18          0          0          0       4512   stm32f10x_exti.o
       514         10          0          0          0       4892   stm32f10x_gpio.o
        52         10          0          4          0       5176   stm32f10x_it.o
        68         30          0          0          0       2710   stm32f10x_iwdg.o
        64         12          0          0          0       1234   stm32f10x_rcc.o
       112          0          0          0          0       4106   stm32f10x_spi.o
       246         42          0          0          0       3818   stm32f10x_tim.o
      1460         76          0         76          0      25962   sx127x_driver.o
       528         60          0          0          0       5851   sx127x_hal.o
       166         12          0          8          0     203896   syscfg.o
       328         28          0         20          0       2317   system_stm32f10x.o
       180         22          0          8          0       1461   tim.o

    ----------------------------------------------------------------------
      5996        600        280        132       1608     726321   Object Totals
         0          0         32          0          0          0   (incl. Generated)
        26          0          0          3          0          0   (incl. Padding)

    ----------------------------------------------------------------------

      Code (inc. data)   RO Data    RW Data    ZI Data      Debug   Library Member Name

         8          0          0          0          0         68   __main.o
       104          0          0          0          0         84   __printf.o
         0          0          0          0          0          0   __rtentry.o
        12          0          0          0          0          0   __rtentry2.o
         6          0          0          0          0          0   __rtentry4.o
        52          8          0          0          0          0   __scatter.o
        26          0          0          0          0          0   __scatter_copy.o
        28          0          0          0          0          0   __scatter_zi.o
         6          0          0          0          0          0   _printf_c.o
        44          0          0          0          0        108   _printf_char.o
        48          6          0          0          0         96   _printf_char_common.o
         0          0          0          0          0          0   _printf_percent.o
         4          0          0          0          0          0   _printf_percent_end.o
        82          0          0          0          0         80   _printf_str.o
        10          0          0          0          0         68   _sputc.o
        18          0          0          0          0         80   exit.o
         6          0          0          0          0        152   heapauxi.o
         0          0          0          0          0          0   indicate_semi.o
         2          0          0          0          0          0   libinit.o
         2          0          0          0          0          0   libinit2.o
         2          0          0          0          0          0   libshutdown.o
         2          0          0          0          0          0   libshutdown2.o
         8          4          0          0         96         68   libspace.o
        40          6          0          0          0         84   noretval__2sprintf.o
         2          0          0          0          0          0   rtexit.o
        10          0          0          0          0          0   rtexit2.o
        12          4          0          0          0         68   sys_exit.o
        74          0          0          0          0         80   sys_stackheap_outer.o
         2          0          0          0          0         68   use_no_semi.o
        90          4          0          0          0         92   dfixu.o
        38          0          0          0          0         68   dflt_clz.o
       340         12          0          0          0        104   dmul.o
       156          4          0          0          0         92   dnaninf.o
        12          0          0          0          0         68   dretinf.o
         0          0          0          0          0          0   usenofp.o

    ----------------------------------------------------------------------
      1252         48          0          0        100       1528   Library Totals
         6          0          0          0          4          0   (incl. Padding)

    ----------------------------------------------------------------------

      Code (inc. data)   RO Data    RW Data    ZI Data      Debug   Library Name

       610         28          0          0         96       1104   c_w.l
       636         20          0          0          0        424   fz_ws.l

    ----------------------------------------------------------------------
      1252         48          0          0        100       1528   Library Totals

    ----------------------------------------------------------------------

==============================================================================


      Code (inc. data)   RO Data    RW Data    ZI Data      Debug   

      7248        648        280        132       1708     722593   Grand Totals
      7248        648        280        132       1708     722593   ELF Image Totals
      7248        648        280        132          0          0   ROM Totals

==============================================================================

    Total RO  Size (Code + RO Data)                 7528 (   7.35kB)
    Total RW  Size (RW Data + ZI Data)              1840 (   1.80kB)
    Total ROM Size (Code + RO Data + RW Data)       7660 (   7.48kB)

==============================================================================

